Archive member included to satisfy reference by file (symbol)

app/libapp.a(main.c.obj)      (--whole-archive)
zephyr/libzephyr.a(heap.c.obj)
                              (--whole-archive)
zephyr/libzephyr.a(cbprintf_packaged.c.obj)
                              (--whole-archive)
zephyr/libzephyr.a(printk.c.obj)
                              (--whole-archive)
zephyr/libzephyr.a(sem.c.obj)
                              (--whole-archive)
zephyr/libzephyr.a(thread_entry.c.obj)
                              (--whole-archive)
zephyr/libzephyr.a(cbprintf_complete.c.obj)
                              (--whole-archive)
zephyr/libzephyr.a(assert.c.obj)
                              (--whole-archive)
zephyr/libzephyr.a(dec.c.obj)
                              (--whole-archive)
zephyr/libzephyr.a(hex.c.obj)
                              (--whole-archive)
zephyr/libzephyr.a(rb.c.obj)  (--whole-archive)
zephyr/libzephyr.a(timeutil.c.obj)
                              (--whole-archive)
zephyr/libzephyr.a(bitarray.c.obj)
                              (--whole-archive)
zephyr/libzephyr.a(onoff.c.obj)
                              (--whole-archive)
zephyr/libzephyr.a(notify.c.obj)
                              (--whole-archive)
zephyr/libzephyr.a(ring_buffer.c.obj)
                              (--whole-archive)
zephyr/libzephyr.a(last_section_id.c.obj)
                              (--whole-archive)
zephyr/libzephyr.a(configs.c.obj)
                              (--whole-archive)
zephyr/libzephyr.a(mem_attr.c.obj)
                              (--whole-archive)
zephyr/libzephyr.a(device.c.obj)
                              (--whole-archive)
zephyr/libzephyr.a(device_system_managed.c.obj)
                              (--whole-archive)
zephyr/libzephyr.a(tracing_none.c.obj)
                              (--whole-archive)
zephyr/libzephyr.a(banner.c.obj)
                              (--whole-archive)
zephyr/arch/common/libarch__common.a(sw_isr_common.c.obj)
                              (--whole-archive)
zephyr/arch/arch/arm/core/libarch__arm__core.a(fatal.c.obj)
                              (--whole-archive)
zephyr/arch/arch/arm/core/libarch__arm__core.a(nmi.c.obj)
                              (--whole-archive)
zephyr/arch/arch/arm/core/libarch__arm__core.a(nmi_on_reset.S.obj)
                              (--whole-archive)
zephyr/arch/arch/arm/core/libarch__arm__core.a(tls.c.obj)
                              (--whole-archive)
zephyr/arch/arch/arm/core/cortex_m/libarch__arm__core__cortex_m.a(exc_exit.c.obj)
                              (--whole-archive)
zephyr/arch/arch/arm/core/cortex_m/libarch__arm__core__cortex_m.a(fault.c.obj)
                              (--whole-archive)
zephyr/arch/arch/arm/core/cortex_m/libarch__arm__core__cortex_m.a(fault_s.S.obj)
                              (--whole-archive)
zephyr/arch/arch/arm/core/cortex_m/libarch__arm__core__cortex_m.a(fpu.c.obj)
                              (--whole-archive)
zephyr/arch/arch/arm/core/cortex_m/libarch__arm__core__cortex_m.a(reset.S.obj)
                              (--whole-archive)
zephyr/arch/arch/arm/core/cortex_m/libarch__arm__core__cortex_m.a(scb.c.obj)
                              (--whole-archive)
zephyr/arch/arch/arm/core/cortex_m/libarch__arm__core__cortex_m.a(thread_abort.c.obj)
                              (--whole-archive)
zephyr/arch/arch/arm/core/cortex_m/libarch__arm__core__cortex_m.a(vector_table.S.obj)
                              (--whole-archive)
zephyr/arch/arch/arm/core/cortex_m/libarch__arm__core__cortex_m.a(swap_helper.S.obj)
                              (--whole-archive)
zephyr/arch/arch/arm/core/cortex_m/libarch__arm__core__cortex_m.a(irq_manage.c.obj)
                              (--whole-archive)
zephyr/arch/arch/arm/core/cortex_m/libarch__arm__core__cortex_m.a(prep_c.c.obj)
                              (--whole-archive)
zephyr/arch/arch/arm/core/cortex_m/libarch__arm__core__cortex_m.a(thread.c.obj)
                              (--whole-archive)
zephyr/arch/arch/arm/core/cortex_m/libarch__arm__core__cortex_m.a(cpu_idle.c.obj)
                              (--whole-archive)
zephyr/arch/arch/arm/core/cortex_m/libarch__arm__core__cortex_m.a(irq_init.c.obj)
                              (--whole-archive)
zephyr/arch/arch/arm/core/cortex_m/libarch__arm__core__cortex_m.a(isr_wrapper.c.obj)
                              (--whole-archive)
zephyr/arch/arch/arm/core/cortex_m/libarch__arm__core__cortex_m.a(__aeabi_read_tp.S.obj)
                              (--whole-archive)
zephyr/arch/arch/arm/core/cortex_m/cmse/libarch__arm__core__cortex_m__cmse.a(arm_core_cmse.c.obj)
                              (--whole-archive)
zephyr/arch/arch/arm/core/mpu/libarch__arm__core__mpu.a(arm_core_mpu.c.obj)
                              (--whole-archive)
zephyr/arch/arch/arm/core/mpu/libarch__arm__core__mpu.a(arm_mpu.c.obj)
                              (--whole-archive)
[...]
Memory Configuration

Name             Origin             Length             Attributes
FLASH            0x0000000000000000 0x0000000000165000 xr
RAM              0x0000000020000000 0x0000000000028000 xw
IDT_LIST         0x00000000ffff7fff 0x0000000000008000 xw
*default*        0x0000000000000000 0xffffffffffffffff

Linker script and memory map

                0x0000000000004fa4                vfprintf = __l_vfprintf
                0x0000000000000000                vfscanf = __l_vfscanf
LOAD zephyr/CMakeFiles/zephyr_final.dir/misc/empty_file.c.obj
LOAD zephyr/CMakeFiles/zephyr_final.dir/isr_tables.c.obj
LOAD zephyr/CMakeFiles/offsets.dir/./arch/arm/core/offsets/offsets.c.obj
LOAD app/libapp.a
LOAD zephyr/libzephyr.a
LOAD zephyr/arch/common/libarch__common.a
LOAD zephyr/arch/arch/arm/core/libarch__arm__core.a
LOAD zephyr/arch/arch/arm/core/cortex_m/libarch__arm__core__cortex_m.a
LOAD zephyr/arch/arch/arm/core/cortex_m/cmse/libarch__arm__core__cortex_m__cmse.a
LOAD zephyr/arch/arch/arm/core/mpu/libarch__arm__core__mpu.a
LOAD zephyr/lib/libc/picolibc/liblib__libc__picolibc.a
LOAD zephyr/lib/libc/common/liblib__libc__common.a
LOAD zephyr/soc/soc/nrf54l15/libsoc__nordic.a
LOAD zephyr/drivers/misc/nordic_vpr_launcher/libdrivers__misc__nordic_vpr_launcher.a
LOAD zephyr/drivers/cache/libdrivers__cache.a
LOAD zephyr/drivers/clock_control/libdrivers__clock_control.a
LOAD zephyr/drivers/console/libdrivers__console.a
LOAD zephyr/drivers/gpio/libdrivers__gpio.a
LOAD zephyr/drivers/pinctrl/libdrivers__pinctrl.a
LOAD zephyr/drivers/regulator/libdrivers__regulator.a
LOAD zephyr/drivers/serial/libdrivers__serial.a
LOAD zephyr/drivers/timer/libdrivers__timer.a
LOAD modules/nrf/subsys/nrf_security/src/zephyr/libmbedtls_zephyr.a
LOAD modules/hal_nordic/modules/hal_nordic/nrfx/libmodules__hal_nordic__nrfx.a
LOAD zephyr/kernel/libkernel.a
LOAD modules/nrf/subsys/nrf_security/src/libmbedcrypto.a
LOAD modules/nrf/subsys/nrf_security/src/core/nrf_oberon/libpsa_core.a
LOAD modules/nrf/subsys/nrf_security/src/drivers/cracen/libcracen_psa_driver.a
LOAD modules/nrf/subsys/nrf_security/src/libmbedcrypto_base.a
LOAD modules/nrf/subsys/nrf_security/src/libnrf_security_utils.a
LOAD zephyr/kernel/libkernel.a
LOAD zephyr/arch/common/libisr_tables.a
LOAD c:\ncs\toolchains\c1a76fddb2\opt\zephyr-sdk\arm-zephyr-eabi\bin\../lib/gcc/../../picolibc/arm-zephyr-eabi/lib/thumb/v8-m.main/nofp\libc.a
LOAD c:/ncs/toolchains/c1a76fddb2/opt/zephyr-sdk/arm-zephyr-eabi/bin/../lib/gcc/arm-zephyr-eabi/12.2.0/thumb/v8-m.main/nofp\libgcc.a
                0x0000000000000020                _region_min_align = 0x20

.rel.plt        0x0000000000000000        0x0
 *(SORT_BY_ALIGNMENT(.rel.plt))
                [!provide]                        PROVIDE (__rel_iplt_start = .)
 *(SORT_BY_ALIGNMENT(.rel.iplt))
 .rel.iplt      0x0000000000000000        0x0 zephyr/CMakeFiles/zephyr_final.dir/isr_tables.c.obj
                [!provide]                        PROVIDE (__rel_iplt_end = .)

.rela.plt       0x0000000000000000        0x0
 *(SORT_BY_ALIGNMENT(.rela.plt))
                [!provide]                        PROVIDE (__rela_iplt_start = .)
 *(SORT_BY_ALIGNMENT(.rela.iplt))
                [!provide]                        PROVIDE (__rela_iplt_end = .)

.rel.dyn
 *(SORT_BY_ALIGNMENT(.rel.*))

.rela.dyn
 *(SORT_BY_ALIGNMENT(.rela.*))

/DISCARD/
 *(SORT_BY_ALIGNMENT(.plt))

/DISCARD/
 *(SORT_BY_ALIGNMENT(.iplt))
                0x0000000000000000                __rom_region_start = 0x0

rom_start       0x0000000000000000      0x47c
                0x0000000000000000                __rom_start_address = .
 FILL mask 0x00
                0x0000000000000000                . = (. + (0x0 - (. - __rom_start_address)))
                0x0000000000000000                . = ALIGN (0x4)
                0x0000000000000000                . = ALIGN (0x80)
                0x0000000000000000                . = ALIGN (0x800)
                0x0000000000000000                _vector_start = .
 *(SORT_BY_ALIGNMENT(.exc_vector_table))
 *(SORT_BY_ALIGNMENT(.exc_vector_table.*))
 .exc_vector_table._vector_table_section
                0x0000000000000000       0x40 zephyr/arch/arch/arm/core/cortex_m/libarch__arm__core__cortex_m.a(vector_table.S.obj)
                0x0000000000000000                _vector_table
 *(SORT_BY_ALIGNMENT(.vectors))
                0x000000000000047c                _vector_end = .
                0x0000000000000040                . = ALIGN (0x4)
 *(SORT_BY_ALIGNMENT(.gnu.linkonce.irq_vector_table*))
 .gnu.linkonce.irq_vector_table
                0x0000000000000040      0x43c zephyr/CMakeFiles/zephyr_final.dir/isr_tables.c.obj
                0x0000000000000040                _irq_vector_table
                0x000000000000047c                _vector_end = .

text            0x000000000000047c     0x63e0
                0x000000000000047c                __text_region_start = .
 *(SORT_BY_ALIGNMENT(.text))
 .text          0x000000000000047c       0x30 c:/ncs/toolchains/c1a76fddb2/opt/zephyr-sdk/arm-zephyr-eabi/bin/../lib/gcc/arm-zephyr-eabi/12.2.0/thumb/v8-m.main/nofp\libgcc.a(_aeabi_uldivmod.o)
                0x000000000000047c                __aeabi_uldivmod
 .text          0x00000000000004ac        0x4 c:/ncs/toolchains/c1a76fddb2/opt/zephyr-sdk/arm-zephyr-eabi/bin/../lib/gcc/arm-zephyr-eabi/12.2.0/thumb/v8-m.main/nofp\libgcc.a(_dvmd_tls.o)
                0x00000000000004ac                __aeabi_idiv0
                0x00000000000004ac                __aeabi_ldiv0
 .text          0x00000000000004b0      0x29c c:/ncs/toolchains/c1a76fddb2/opt/zephyr-sdk/arm-zephyr-eabi/bin/../lib/gcc/arm-zephyr-eabi/12.2.0/thumb/v8-m.main/nofp\libgcc.a(_udivmoddi4.o)
                0x00000000000004b0                __udivmoddi4
 *(SORT_BY_ALIGNMENT(.text.*))
 .text.char_out
                0x000000000000074c        0xc zephyr/libzephyr.a(printk.c.obj)
 .text.__printk_hook_install
                0x0000000000000758        0xc zephyr/libzephyr.a(printk.c.obj)
                0x0000000000000758                __printk_hook_install
 .text.vprintk  0x0000000000000764       0x30 zephyr/libzephyr.a(printk.c.obj)
                0x0000000000000764                vprintk
 .text.z_thread_entry
                0x0000000000000794       0x34 zephyr/libzephyr.a(thread_entry.c.obj)
                0x0000000000000794                z_thread_entry
 .text.process_event
                0x00000000000007c8      0x21c zephyr/libzephyr.a(onoff.c.obj)
 .text.mem_attr_get_regions
                0x00000000000009e4        0xc zephyr/libzephyr.a(mem_attr.c.obj)
                0x00000000000009e4                mem_attr_get_regions
 .text.boot_banner
                0x00000000000009f0       0x1c zephyr/libzephyr.a(banner.c.obj)
                0x00000000000009f0                boot_banner
 .text.z_SysNmiOnReset
                0x0000000000000a0c        0x8 zephyr/arch/arch/arm/core/libarch__arm__core.a(nmi_on_reset.S.obj)
                0x0000000000000a0c                z_SysNmiOnReset
 .text.arch_tls_stack_setup
                0x0000000000000a14       0x40 zephyr/arch/arch/arm/core/libarch__arm__core.a(tls.c.obj)
                0x0000000000000a14                arch_tls_stack_setup
 .text._HandlerModeExit
                0x0000000000000a54       0x20 zephyr/arch/arch/arm/core/cortex_m/libarch__arm__core__cortex_m.a(exc_exit.c.obj)
                0x0000000000000a54                z_arm_int_exit
                0x0000000000000a54                z_arm_exc_exit
 .text.usage_fault.constprop.0
                0x0000000000000a74       0x5c zephyr/arch/arch/arm/core/cortex_m/libarch__arm__core__cortex_m.a(fault.c.obj)
 .text.bus_fault.constprop.0
                0x0000000000000ad0       0x6c zephyr/arch/arch/arm/core/cortex_m/libarch__arm__core__cortex_m.a(fault.c.obj)
 .text.mem_manage_fault.constprop.0
                0x0000000000000b3c       0x78 zephyr/arch/arch/arm/core/cortex_m/libarch__arm__core__cortex_m.a(fault.c.obj)
 .text.z_arm_fault
                0x0000000000000bb4      0x124 zephyr/arch/arch/arm/core/cortex_m/libarch__arm__core__cortex_m.a(fault.c.obj)
                0x0000000000000bb4                z_arm_fault
 .text.z_arm_fault_init
                0x0000000000000cd8       0x20 zephyr/arch/arch/arm/core/cortex_m/libarch__arm__core__cortex_m.a(fault.c.obj)
                0x0000000000000cd8                z_arm_fault_init
 .text.__fault  0x0000000000000cf8       0x14 zephyr/arch/arch/arm/core/cortex_m/libarch__arm__core__cortex_m.a(fault_s.S.obj)
                0x0000000000000cf8                z_arm_usage_fault
                0x0000000000000cf8                z_arm_mpu_fault
                0x0000000000000cf8                z_arm_exc_spurious
                0x0000000000000cf8                z_arm_debug_monitor
                0x0000000000000cf8                z_arm_hard_fault
                0x0000000000000cf8                z_arm_bus_fault
 .text._reset_section
                0x0000000000000d0c       0x60 zephyr/arch/arch/arm/core/cortex_m/libarch__arm__core__cortex_m.a(reset.S.obj)
                0x0000000000000d0c                __start
                0x0000000000000d0c                z_arm_reset
 .text.z_arm_clear_arm_mpu_config
                0x0000000000000d6c       0x24 zephyr/arch/arch/arm/core/cortex_m/libarch__arm__core__cortex_m.a(scb.c.obj)
                0x0000000000000d6c                z_arm_clear_arm_mpu_config
 .text.z_arm_init_arch_hw_at_boot
                0x0000000000000d90       0x4c zephyr/arch/arch/arm/core/cortex_m/libarch__arm__core__cortex_m.a(scb.c.obj)
                0x0000000000000d90                z_arm_init_arch_hw_at_boot
 .text.z_impl_k_thread_abort
                0x0000000000000ddc       0x2c zephyr/arch/arch/arm/core/cortex_m/libarch__arm__core__cortex_m.a(thread_abort.c.obj)
                0x0000000000000ddc                z_impl_k_thread_abort
 .text.z_arm_pendsv
                0x0000000000000e08       0x68 zephyr/arch/arch/arm/core/cortex_m/libarch__arm__core__cortex_m.a(swap_helper.S.obj)
                0x0000000000000e08                z_arm_pendsv
 .text.z_arm_svc
                0x0000000000000e70       0x24 zephyr/arch/arch/arm/core/cortex_m/libarch__arm__core__cortex_m.a(swap_helper.S.obj)
                0x0000000000000e70                z_arm_svc
 .text.arm_irq_enable
                0x0000000000000e94       0x1c zephyr/arch/arch/arm/core/cortex_m/libarch__arm__core__cortex_m.a(irq_manage.c.obj)
                0x0000000000000e94                arm_irq_enable
 .text.arm_irq_disable
                0x0000000000000eb0       0x28 zephyr/arch/arch/arm/core/cortex_m/libarch__arm__core__cortex_m.a(irq_manage.c.obj)
                0x0000000000000eb0                arm_irq_disable
 .text.arm_irq_is_enabled
                0x0000000000000ed8       0x1c zephyr/arch/arch/arm/core/cortex_m/libarch__arm__core__cortex_m.a(irq_manage.c.obj)
                0x0000000000000ed8                arm_irq_is_enabled
 .text.arm_irq_priority_set
                0x0000000000000ef4       0x2c zephyr/arch/arch/arm/core/cortex_m/libarch__arm__core__cortex_m.a(irq_manage.c.obj)
                0x0000000000000ef4                arm_irq_priority_set
 .text.relocate_vector_table
                0x0000000000000f20       0x1c zephyr/arch/arch/arm/core/cortex_m/libarch__arm__core__cortex_m.a(prep_c.c.obj)
                0x0000000000000f20                relocate_vector_table
 .text.z_prep_c
                0x0000000000000f3c       0x28 zephyr/arch/arch/arm/core/cortex_m/libarch__arm__core__cortex_m.a(prep_c.c.obj)
                0x0000000000000f3c                z_prep_c
 .text.arch_new_thread
                0x0000000000000f64       0x38 zephyr/arch/arch/arm/core/cortex_m/libarch__arm__core__cortex_m.a(thread.c.obj)
                0x0000000000000f64                arch_new_thread
 .text.arch_switch_to_main_thread
                0x0000000000000f9c       0x40 zephyr/arch/arch/arm/core/cortex_m/libarch__arm__core__cortex_m.a(thread.c.obj)
                0x0000000000000f9c                arch_switch_to_main_thread
 .text.z_arm_cpu_idle_init
                0x0000000000000fdc        0xc zephyr/arch/arch/arm/core/cortex_m/libarch__arm__core__cortex_m.a(cpu_idle.c.obj)
                0x0000000000000fdc                z_arm_cpu_idle_init
 .text.z_arm_interrupt_init
                0x0000000000000fe8       0x20 zephyr/arch/arch/arm/core/cortex_m/libarch__arm__core__cortex_m.a(irq_init.c.obj)
                0x0000000000000fe8                z_arm_interrupt_init
 .text._isr_wrapper
                0x0000000000001008       0x24 zephyr/arch/arch/arm/core/cortex_m/libarch__arm__core__cortex_m.a(isr_wrapper.c.obj)
                0x0000000000001008                _isr_wrapper
 .text.z_arm_configure_static_mpu_regions
                0x000000000000102c       0x38 zephyr/arch/arch/arm/core/mpu/libarch__arm__core__mpu.a(arm_core_mpu.c.obj)
                0x000000000000102c                z_arm_configure_static_mpu_regions
 .text.region_init
                0x0000000000001064       0x34 zephyr/arch/arch/arm/core/mpu/libarch__arm__core__mpu.a(arm_mpu.c.obj)
 .text.region_allocate_and_init
                0x0000000000001098       0x24 zephyr/arch/arch/arm/core/mpu/libarch__arm__core__mpu.a(arm_mpu.c.obj)
 .text.mpu_configure_regions_and_partition.constprop.0
                0x00000000000010bc      0x148 zephyr/arch/arch/arm/core/mpu/libarch__arm__core__mpu.a(arm_mpu.c.obj)
 .text.arm_core_mpu_enable
                0x0000000000001204       0x18 zephyr/arch/arch/arm/core/mpu/libarch__arm__core__mpu.a(arm_mpu.c.obj)
                0x0000000000001204                arm_core_mpu_enable
 .text.arm_core_mpu_disable
                0x000000000000121c       0x14 zephyr/arch/arch/arm/core/mpu/libarch__arm__core__mpu.a(arm_mpu.c.obj)
                0x000000000000121c                arm_core_mpu_disable
 .text.arm_core_mpu_configure_static_mpu_regions
                0x0000000000001230       0x14 zephyr/arch/arch/arm/core/mpu/libarch__arm__core__mpu.a(arm_mpu.c.obj)
                0x0000000000001230                arm_core_mpu_configure_static_mpu_regions
 .text.arm_core_mpu_mark_areas_for_dynamic_regions
                0x0000000000001244       0xb8 zephyr/arch/arch/arm/core/mpu/libarch__arm__core__mpu.a(arm_mpu.c.obj)
                0x0000000000001244                arm_core_mpu_mark_areas_for_dynamic_regions
 .text.z_arm_mpu_init
                0x00000000000012fc      0x11c zephyr/arch/arch/arm/core/mpu/libarch__arm__core__mpu.a(arm_mpu.c.obj)
                0x00000000000012fc                z_arm_mpu_init
 .text.z_impl_zephyr_fputc
                0x0000000000001418       0x10 zephyr/lib/libc/picolibc/liblib__libc__picolibc.a(stdio.c.obj)
                0x0000000000001418                z_impl_zephyr_fputc
 .text.__stdout_hook_install
                0x0000000000001428       0x18 zephyr/lib/libc/picolibc/liblib__libc__picolibc.a(stdio.c.obj)
                0x0000000000001428                __stdout_hook_install
 .text.malloc_prepare
                0x0000000000001440       0x24 zephyr/lib/libc/common/liblib__libc__common.a(malloc.c.obj)
 .text.nordicsemi_nrf54l_init
                0x0000000000001464       0xa4 zephyr/soc/soc/nrf54l15/libsoc__nordic.a(soc.c.obj)
                0x0000000000001464                nordicsemi_nrf54l_init
 .text.arch_busy_wait
                0x0000000000001508       0x24 zephyr/soc/soc/nrf54l15/libsoc__nordic.a(soc.c.obj)
                0x0000000000001508                arch_busy_wait
 .text.cache_instr_enable
                0x000000000000152c       0x10 zephyr/drivers/cache/libdrivers__cache.a(cache_nrf.c.obj)
                0x000000000000152c                cache_instr_enable
 .text.onoff_stop
                0x000000000000153c       0x30 zephyr/drivers/clock_control/libdrivers__clock_control.a(clock_control_nrf.c.obj)
 .text.onoff_start
                0x000000000000156c       0x44 zephyr/drivers/clock_control/libdrivers__clock_control.a(clock_control_nrf.c.obj)
 .text.generic_hfclk_stop
                0x00000000000015b0       0x34 zephyr/drivers/clock_control/libdrivers__clock_control.a(clock_control_nrf.c.obj)
 .text.clk_init
                0x00000000000015e4       0x5c zephyr/drivers/clock_control/libdrivers__clock_control.a(clock_control_nrf.c.obj)
 .text.api_blocking_start
                0x0000000000001640       0x34 zephyr/drivers/clock_control/libdrivers__clock_control.a(clock_control_nrf.c.obj)
 .text.clkstarted_handle.constprop.0
                0x0000000000001674       0x4c zephyr/drivers/clock_control/libdrivers__clock_control.a(clock_control_nrf.c.obj)
 .text.generic_hfclk_start
                0x00000000000016c0       0x78 zephyr/drivers/clock_control/libdrivers__clock_control.a(clock_control_nrf.c.obj)
 .text.z_nrf_clock_control_lf_on
                0x0000000000001738       0xf4 zephyr/drivers/clock_control/libdrivers__clock_control.a(clock_control_nrf.c.obj)
                0x0000000000001738                z_nrf_clock_control_lf_on
 .text.uart_console_init
                0x000000000000182c       0x28 zephyr/drivers/console/libdrivers__console.a(uart_console.c.obj)
 .text.console_out
                0x0000000000001854       0x28 zephyr/drivers/console/libdrivers__console.a(uart_console.c.obj)
 .text.gpio_nrfx_init
                0x000000000000187c       0x64 zephyr/drivers/gpio/libdrivers__gpio.a(gpio_nrfx.c.obj)
 .text.gpio_nrfx_pin_configure
                0x00000000000018e0      0x188 zephyr/drivers/gpio/libdrivers__gpio.a(gpio_nrfx.c.obj)
 .text.nrfx_gpio_handler
                0x0000000000001a68       0x58 zephyr/drivers/gpio/libdrivers__gpio.a(gpio_nrfx.c.obj)
 .text.gpio_nrfx_pin_interrupt_configure
                0x0000000000001ac0      0x11c zephyr/drivers/gpio/libdrivers__gpio.a(gpio_nrfx.c.obj)
 .text.gpio_hogs_init
                0x0000000000001bdc       0x34 zephyr/drivers/gpio/libdrivers__gpio.a(gpio_hogs.c.obj)
 .text.nrf_gpio_pin_port_decode
                0x0000000000001c10       0x20 zephyr/drivers/pinctrl/libdrivers__pinctrl.a(pinctrl_nrf.c.obj)
 .text.pinctrl_configure_pins
                0x0000000000001c30      0x178 zephyr/drivers/pinctrl/libdrivers__pinctrl.a(pinctrl_nrf.c.obj)
                0x0000000000001c30                pinctrl_configure_pins
 .text.uarte_instance_init.constprop.0
                0x0000000000001da8       0x7c zephyr/drivers/serial/libdrivers__serial.a(uart_nrfx_uarte.c.obj)
 .text.uarte_nrfx_poll_out
                0x0000000000001e24       0xc4 zephyr/drivers/serial/libdrivers__serial.a(uart_nrfx_uarte.c.obj)
 .text.sys_clock_timeout_handler
                0x0000000000001ee8       0x40 zephyr/drivers/timer/libdrivers__timer.a(nrf_grtc_timer.c.obj)
 .text.sys_clock_driver_init
                0x0000000000001f28       0x88 zephyr/drivers/timer/libdrivers__timer.a(nrf_grtc_timer.c.obj)
 .text.sys_clock_elapsed
                0x0000000000001fb0       0x20 zephyr/drivers/timer/libdrivers__timer.a(nrf_grtc_timer.c.obj)
                0x0000000000001fb0                sys_clock_elapsed
 .text.sys_clock_set_timeout
                0x0000000000001fd0       0x50 zephyr/drivers/timer/libdrivers__timer.a(nrf_grtc_timer.c.obj)
                0x0000000000001fd0                sys_clock_set_timeout
 .text.nrf54l_errata_31
                0x0000000000002020       0x20 modules/hal_nordic/modules/hal_nordic/nrfx/libmodules__hal_nordic__nrfx.a(system_nrf54l.c.obj)
 .text.nrf54l_handle_approtect_signal
                0x0000000000002040       0x34 modules/hal_nordic/modules/hal_nordic/nrfx/libmodules__hal_nordic__nrfx.a(system_nrf54l.c.obj)
 .text.SystemInit
                0x0000000000002074      0x12c modules/hal_nordic/modules/hal_nordic/nrfx/libmodules__hal_nordic__nrfx.a(system_nrf54l.c.obj)
                0x0000000000002074                SystemInit
 .text.nrfx_flag32_alloc
                0x00000000000021a0       0x40 modules/hal_nordic/modules/hal_nordic/nrfx/libmodules__hal_nordic__nrfx.a(nrfx_flag32_allocator.c.obj)
                0x00000000000021a0                nrfx_flag32_alloc
 .text.nrfx_flag32_free
                0x00000000000021e0       0x38 modules/hal_nordic/modules/hal_nordic/nrfx/libmodules__hal_nordic__nrfx.a(nrfx_flag32_allocator.c.obj)
                0x00000000000021e0                nrfx_flag32_free
 .text.clock_stop
                0x0000000000002218       0xe8 modules/hal_nordic/modules/hal_nordic/nrfx/libmodules__hal_nordic__nrfx.a(nrfx_clock.c.obj)
 .text.nrfx_clock_init
                0x0000000000002300       0x20 modules/hal_nordic/modules/hal_nordic/nrfx/libmodules__hal_nordic__nrfx.a(nrfx_clock.c.obj)
                0x0000000000002300                nrfx_clock_init
 .text.nrfx_clock_enable
                0x0000000000002320       0x38 modules/hal_nordic/modules/hal_nordic/nrfx/libmodules__hal_nordic__nrfx.a(nrfx_clock.c.obj)
                0x0000000000002320                nrfx_clock_enable
 .text.nrfx_clock_start
                0x0000000000002358       0xe0 modules/hal_nordic/modules/hal_nordic/nrfx/libmodules__hal_nordic__nrfx.a(nrfx_clock.c.obj)
                0x0000000000002358                nrfx_clock_start
 .text.nrfx_clock_irq_handler
                0x0000000000002438       0x88 modules/hal_nordic/modules/hal_nordic/nrfx/libmodules__hal_nordic__nrfx.a(nrfx_clock.c.obj)
                0x0000000000002438                nrfx_clock_irq_handler
 .text.nrf_gpio_pin_port_decode
                0x00000000000024c0       0x20 modules/hal_nordic/modules/hal_nordic/nrfx/libmodules__hal_nordic__nrfx.a(nrfx_gpiote.c.obj)
 .text.get_pin_idx
                0x00000000000024e0       0x14 modules/hal_nordic/modules/hal_nordic/nrfx/libmodules__hal_nordic__nrfx.a(nrfx_gpiote.c.obj)
 .text.release_handler
                0x00000000000024f4       0x74 modules/hal_nordic/modules/hal_nordic/nrfx/libmodules__hal_nordic__nrfx.a(nrfx_gpiote.c.obj)
 .text.latch_pending_read_and_check
                0x0000000000002568       0x58 modules/hal_nordic/modules/hal_nordic/nrfx/libmodules__hal_nordic__nrfx.a(nrfx_gpiote.c.obj)
 .text.pin_te_get.isra.0
                0x00000000000025c0       0x20 modules/hal_nordic/modules/hal_nordic/nrfx/libmodules__hal_nordic__nrfx.a(nrfx_gpiote.c.obj)
 .text.pin_is_output.isra.0
                0x00000000000025e0       0x24 modules/hal_nordic/modules/hal_nordic/nrfx/libmodules__hal_nordic__nrfx.a(nrfx_gpiote.c.obj)
 .text.pin_in_use_by_te.isra.0
                0x0000000000002604       0x24 modules/hal_nordic/modules/hal_nordic/nrfx/libmodules__hal_nordic__nrfx.a(nrfx_gpiote.c.obj)
 .text.irq_handler
                0x0000000000002628      0x1d4 modules/hal_nordic/modules/hal_nordic/nrfx/libmodules__hal_nordic__nrfx.a(nrfx_gpiote.c.obj)
 .text.pin_uninit
                0x00000000000027fc       0xa4 modules/hal_nordic/modules/hal_nordic/nrfx/libmodules__hal_nordic__nrfx.a(nrfx_gpiote.c.obj)
 .text.nrfx_gpiote_input_configure
                0x00000000000028a0      0x1d8 modules/hal_nordic/modules/hal_nordic/nrfx/libmodules__hal_nordic__nrfx.a(nrfx_gpiote.c.obj)
                0x00000000000028a0                nrfx_gpiote_input_configure
 .text.nrfx_gpiote_output_configure
                0x0000000000002a78      0x128 modules/hal_nordic/modules/hal_nordic/nrfx/libmodules__hal_nordic__nrfx.a(nrfx_gpiote.c.obj)
                0x0000000000002a78                nrfx_gpiote_output_configure
 .text.nrfx_gpiote_global_callback_set
                0x0000000000002ba0       0x1c modules/hal_nordic/modules/hal_nordic/nrfx/libmodules__hal_nordic__nrfx.a(nrfx_gpiote.c.obj)
                0x0000000000002ba0                nrfx_gpiote_global_callback_set
 .text.nrfx_gpiote_channel_get
                0x0000000000002bbc       0x3c modules/hal_nordic/modules/hal_nordic/nrfx/libmodules__hal_nordic__nrfx.a(nrfx_gpiote.c.obj)
                0x0000000000002bbc                nrfx_gpiote_channel_get
 .text.nrfx_gpiote_init
                0x0000000000002bf8       0x80 modules/hal_nordic/modules/hal_nordic/nrfx/libmodules__hal_nordic__nrfx.a(nrfx_gpiote.c.obj)
                0x0000000000002bf8                nrfx_gpiote_init
 .text.nrfx_gpiote_init_check
                0x0000000000002c78       0x1c modules/hal_nordic/modules/hal_nordic/nrfx/libmodules__hal_nordic__nrfx.a(nrfx_gpiote.c.obj)
                0x0000000000002c78                nrfx_gpiote_init_check
 .text.nrfx_gpiote_channel_free
                0x0000000000002c94       0x10 modules/hal_nordic/modules/hal_nordic/nrfx/libmodules__hal_nordic__nrfx.a(nrfx_gpiote.c.obj)
                0x0000000000002c94                nrfx_gpiote_channel_free
 .text.nrfx_gpiote_channel_alloc
                0x0000000000002ca4       0x10 modules/hal_nordic/modules/hal_nordic/nrfx/libmodules__hal_nordic__nrfx.a(nrfx_gpiote.c.obj)
                0x0000000000002ca4                nrfx_gpiote_channel_alloc
 .text.nrfx_gpiote_trigger_enable
                0x0000000000002cb4       0xb8 modules/hal_nordic/modules/hal_nordic/nrfx/libmodules__hal_nordic__nrfx.a(nrfx_gpiote.c.obj)
                0x0000000000002cb4                nrfx_gpiote_trigger_enable
 .text.nrfx_gpiote_20_irq_handler
                0x0000000000002d6c       0x10 modules/hal_nordic/modules/hal_nordic/nrfx/libmodules__hal_nordic__nrfx.a(nrfx_gpiote.c.obj)
                0x0000000000002d6c                nrfx_gpiote_20_irq_handler
 .text.nrfx_gpiote_30_irq_handler
                0x0000000000002d7c       0x10 modules/hal_nordic/modules/hal_nordic/nrfx/libmodules__hal_nordic__nrfx.a(nrfx_gpiote.c.obj)
                0x0000000000002d7c                nrfx_gpiote_30_irq_handler
 .text.cc_channel_prepare
                0x0000000000002d8c       0x40 modules/hal_nordic/modules/hal_nordic/nrfx/libmodules__hal_nordic__nrfx.a(nrfx_grtc.c.obj)
 .text.sleep_configure
                0x0000000000002dcc       0x24 modules/hal_nordic/modules/hal_nordic/nrfx/libmodules__hal_nordic__nrfx.a(nrfx_grtc.c.obj)
 .text.syscounter_check
                0x0000000000002df0       0x38 modules/hal_nordic/modules/hal_nordic/nrfx/libmodules__hal_nordic__nrfx.a(nrfx_grtc.c.obj)
 .text.nrfx_grtc_syscounter_get
                0x0000000000002e28       0x48 modules/hal_nordic/modules/hal_nordic/nrfx/libmodules__hal_nordic__nrfx.a(nrfx_grtc.c.obj)
                0x0000000000002e28                nrfx_grtc_syscounter_get
 .text.nrfx_grtc_init
                0x0000000000002e70      0x120 modules/hal_nordic/modules/hal_nordic/nrfx/libmodules__hal_nordic__nrfx.a(nrfx_grtc.c.obj)
                0x0000000000002e70                nrfx_grtc_init
 .text.nrfx_grtc_syscounter_start
                0x0000000000002f90       0xc8 modules/hal_nordic/modules/hal_nordic/nrfx/libmodules__hal_nordic__nrfx.a(nrfx_grtc.c.obj)
                0x0000000000002f90                nrfx_grtc_syscounter_start
 .text.nrfx_grtc_syscounter_cc_absolute_set
                0x0000000000003058       0x98 modules/hal_nordic/modules/hal_nordic/nrfx/libmodules__hal_nordic__nrfx.a(nrfx_grtc.c.obj)
                0x0000000000003058                nrfx_grtc_syscounter_cc_absolute_set
 .text.nrfx_grtc_irq_handler
                0x00000000000030f0       0xb0 modules/hal_nordic/modules/hal_nordic/nrfx/libmodules__hal_nordic__nrfx.a(nrfx_grtc.c.obj)
                0x00000000000030f0                nrfx_grtc_irq_handler
 .text.nrfx_power_irq_handler
                0x00000000000031a0       0x70 modules/hal_nordic/modules/hal_nordic/nrfx/libmodules__hal_nordic__nrfx.a(nrfx_power.c.obj)
                0x00000000000031a0                nrfx_power_irq_handler
 .text.__nrfy_internal_rramc_config_set.constprop.0.isra.0
                0x0000000000003210       0x18 modules/hal_nordic/modules/hal_nordic/nrfx/libmodules__hal_nordic__nrfx.a(nrfx_rramc.c.obj)
 .text.z_fatal_error
                0x0000000000003228       0x30 zephyr/kernel/libkernel.a(fatal.c.obj)
                0x0000000000003228                z_fatal_error
 .text.z_sys_init_run_level
                0x0000000000003258       0x30 zephyr/kernel/libkernel.a(init.c.obj)
 .text.bg_thread_main
                0x0000000000003288       0xc0 zephyr/kernel/libkernel.a(init.c.obj)
 .text.z_bss_zero
                0x0000000000003348       0x18 zephyr/kernel/libkernel.a(init.c.obj)
                0x0000000000003348                z_bss_zero
 .text.z_init_cpu
                0x0000000000003360       0x68 zephyr/kernel/libkernel.a(init.c.obj)
                0x0000000000003360                z_init_cpu
 .text.z_cstart
                0x00000000000033c8       0xd0 zephyr/kernel/libkernel.a(init.c.obj)
                0x00000000000033c8                z_cstart
 .text.z_impl_k_mutex_lock
                0x0000000000003498       0xf0 zephyr/kernel/libkernel.a(mutex.c.obj)
                0x0000000000003498                z_impl_k_mutex_lock
 .text.z_impl_k_mutex_unlock
                0x0000000000003588       0xa0 zephyr/kernel/libkernel.a(mutex.c.obj)
                0x0000000000003588                z_impl_k_mutex_unlock
 .text.z_impl_k_sem_give
                0x0000000000003628       0x68 zephyr/kernel/libkernel.a(sem.c.obj)
                0x0000000000003628                z_impl_k_sem_give
 .text.z_impl_k_sem_take
                0x0000000000003690       0x4c zephyr/kernel/libkernel.a(sem.c.obj)
                0x0000000000003690                z_impl_k_sem_take
 .text.z_setup_new_thread
                0x00000000000036dc       0x80 zephyr/kernel/libkernel.a(thread.c.obj)
                0x00000000000036dc                z_setup_new_thread
 .text.z_dummy_thread_init
                0x000000000000375c       0x18 zephyr/kernel/libkernel.a(thread.c.obj)
                0x000000000000375c                z_dummy_thread_init
 .text.z_swap_irqlock
                0x0000000000003774       0x34 zephyr/kernel/libkernel.a(sched.c.obj)
 .text.ready_thread
                0x00000000000037a8       0x84 zephyr/kernel/libkernel.a(sched.c.obj)
 .text.unready_thread
                0x000000000000382c       0x54 zephyr/kernel/libkernel.a(sched.c.obj)
 .text.add_thread_timeout
                0x0000000000003880       0x1c zephyr/kernel/libkernel.a(sched.c.obj)
 .text.move_thread_to_end_of_prio_q
                0x000000000000389c       0x90 zephyr/kernel/libkernel.a(sched.c.obj)
                0x000000000000389c                move_thread_to_end_of_prio_q
 .text.z_pend_curr
                0x000000000000392c       0x44 zephyr/kernel/libkernel.a(sched.c.obj)
                0x000000000000392c                z_pend_curr
 .text.z_thread_prio_set
                0x0000000000003970       0xe4 zephyr/kernel/libkernel.a(sched.c.obj)
                0x0000000000003970                z_thread_prio_set
 .text.z_reschedule
                0x0000000000003a54       0x24 zephyr/kernel/libkernel.a(sched.c.obj)
                0x0000000000003a54                z_reschedule
 .text.z_reschedule_irqlock
                0x0000000000003a78       0x28 zephyr/kernel/libkernel.a(sched.c.obj)
                0x0000000000003a78                z_reschedule_irqlock
 .text.k_sched_lock
                0x0000000000003aa0       0x28 zephyr/kernel/libkernel.a(sched.c.obj)
                0x0000000000003aa0                k_sched_lock
 .text.k_sched_unlock
                0x0000000000003ac8       0x68 zephyr/kernel/libkernel.a(sched.c.obj)
                0x0000000000003ac8                k_sched_unlock
 .text.z_sched_init
                0x0000000000003b30       0x10 zephyr/kernel/libkernel.a(sched.c.obj)
                0x0000000000003b30                z_sched_init
 .text.z_impl_k_yield
                0x0000000000003b40       0x88 zephyr/kernel/libkernel.a(sched.c.obj)
                0x0000000000003b40                z_impl_k_yield
 .text.z_tick_sleep
                0x0000000000003bc8       0x78 zephyr/kernel/libkernel.a(sched.c.obj)
 .text.z_impl_k_sleep
                0x0000000000003c40       0x5c zephyr/kernel/libkernel.a(sched.c.obj)
                0x0000000000003c40                z_impl_k_sleep
 .text.z_impl_k_wakeup
                0x0000000000003c9c       0x48 zephyr/kernel/libkernel.a(sched.c.obj)
                0x0000000000003c9c                z_impl_k_wakeup
 .text.z_impl_k_sched_current_thread_query
                0x0000000000003ce4        0xc zephyr/kernel/libkernel.a(sched.c.obj)
                0x0000000000003ce4                z_impl_k_sched_current_thread_query
 .text.z_thread_abort
                0x0000000000003cf0      0x138 zephyr/kernel/libkernel.a(sched.c.obj)
                0x0000000000003cf0                z_thread_abort
 .text.slice_timeout
                0x0000000000003e28       0x20 zephyr/kernel/libkernel.a(timeslicing.c.obj)
 .text.thread_is_sliceable
                0x0000000000003e48       0x3c zephyr/kernel/libkernel.a(timeslicing.c.obj)
                0x0000000000003e48                thread_is_sliceable
 .text.z_reset_time_slice
                0x0000000000003e84       0x50 zephyr/kernel/libkernel.a(timeslicing.c.obj)
                0x0000000000003e84                z_reset_time_slice
 .text.z_time_slice
                0x0000000000003ed4       0x60 zephyr/kernel/libkernel.a(timeslicing.c.obj)
                0x0000000000003ed4                z_time_slice
 .text.z_data_copy
                0x0000000000003f34       0x38 zephyr/kernel/libkernel.a(xip.c.obj)
                0x0000000000003f34                z_data_copy
 .text.first    0x0000000000003f6c       0x10 zephyr/kernel/libkernel.a(timeout.c.obj)
 .text.elapsed  0x0000000000003f7c       0x14 zephyr/kernel/libkernel.a(timeout.c.obj)
 .text.remove_timeout
                0x0000000000003f90       0x38 zephyr/kernel/libkernel.a(timeout.c.obj)
 .text.z_add_timeout
                0x0000000000003fc8      0x124 zephyr/kernel/libkernel.a(timeout.c.obj)
                0x0000000000003fc8                z_add_timeout
 .text.sys_clock_announce
                0x00000000000040ec       0xbc zephyr/kernel/libkernel.a(timeout.c.obj)
                0x00000000000040ec                sys_clock_announce
 .text.sys_clock_tick_get
                0x00000000000041a8       0x30 zephyr/kernel/libkernel.a(timeout.c.obj)
                0x00000000000041a8                sys_clock_tick_get
 .text.psa_get_initialized
                0x00000000000041d8       0x4c modules/nrf/subsys/nrf_security/src/core/nrf_oberon/libpsa_core.a(psa_crypto.c.obj)
 .text.mbedtls_psa_crypto_free
                0x0000000000004224       0x90 modules/nrf/subsys/nrf_security/src/core/nrf_oberon/libpsa_core.a(psa_crypto.c.obj)
                0x0000000000004224                mbedtls_psa_crypto_free
 .text.psa_crypto_init
                0x00000000000042b4      0x104 modules/nrf/subsys/nrf_security/src/core/nrf_oberon/libpsa_core.a(psa_crypto.c.obj)
                0x00000000000042b4                psa_crypto_init
 .text.psa_initialize_key_slots
                0x00000000000043b8       0x10 modules/nrf/subsys/nrf_security/src/core/nrf_oberon/libpsa_core.a(psa_crypto_slot_management.c.obj)
                0x00000000000043b8                psa_initialize_key_slots
 .text.psa_wipe_all_key_slots
                0x00000000000043c8       0x34 modules/nrf/subsys/nrf_security/src/core/nrf_oberon/libpsa_core.a(psa_crypto_slot_management.c.obj)
                0x00000000000043c8                psa_wipe_all_key_slots
 .text.mbedtls_free
                0x00000000000043fc        0xc modules/nrf/subsys/nrf_security/src/core/nrf_oberon/libpsa_core.a(platform.c.obj)
                0x00000000000043fc                mbedtls_free
 .text.mbedtls_platform_zeroize
                0x0000000000004408       0x18 modules/nrf/subsys/nrf_security/src/core/nrf_oberon/libpsa_core.a(platform_util.c.obj)
                0x0000000000004408                mbedtls_platform_zeroize
 .text.cracen_acquire
                0x0000000000004420       0x40 modules/nrf/subsys/nrf_security/src/drivers/cracen/libcracen_psa_driver.a(cracen.c.obj)
                0x0000000000004420                cracen_acquire
 .text.cracen_release
                0x0000000000004460       0x6c modules/nrf/subsys/nrf_security/src/drivers/cracen/libcracen_psa_driver.a(cracen.c.obj)
                0x0000000000004460                cracen_release
 .text.cracen_init
                0x00000000000044cc       0x5c modules/nrf/subsys/nrf_security/src/drivers/cracen/libcracen_psa_driver.a(cracen.c.obj)
                0x00000000000044cc                cracen_init
 .text.lib_kmu_clear_all_events
                0x0000000000004528       0x24 modules/nrf/subsys/nrf_security/src/drivers/cracen/libcracen_psa_driver.a(lib_kmu.c.obj)
                0x0000000000004528                lib_kmu_clear_all_events
 .text.trigger_task_and_wait_for_event_or_error
                0x000000000000454c       0x54 modules/nrf/subsys/nrf_security/src/drivers/cracen/libcracen_psa_driver.a(lib_kmu.c.obj)
 .text.lib_kmu_provision_slot
                0x00000000000045a0       0x3c modules/nrf/subsys/nrf_security/src/drivers/cracen/libcracen_psa_driver.a(lib_kmu.c.obj)
                0x00000000000045a0                lib_kmu_provision_slot
 .text.lib_kmu_revoke_slot
                0x00000000000045dc       0x34 modules/nrf/subsys/nrf_security/src/drivers/cracen/libcracen_psa_driver.a(lib_kmu.c.obj)
                0x00000000000045dc                lib_kmu_revoke_slot
 .text.lib_kmu_read_metadata
                0x0000000000004610       0x30 modules/nrf/subsys/nrf_security/src/drivers/cracen/libcracen_psa_driver.a(lib_kmu.c.obj)
                0x0000000000004610                lib_kmu_read_metadata
 .text.cracen_kmu_provision
                0x0000000000004640      0x250 modules/nrf/subsys/nrf_security/src/drivers/cracen/libcracen_psa_driver.a(kmu.c.obj)
                0x0000000000004640                cracen_kmu_provision
 .text.cracen_provision_prot_ram_inv_data
                0x0000000000004890       0x7c modules/nrf/subsys/nrf_security/src/drivers/cracen/libcracen_psa_driver.a(kmu.c.obj)
                0x0000000000004890                cracen_provision_prot_ram_inv_data
 .text.sx_hw_reserve
                0x000000000000490c       0x54 modules/nrf/subsys/nrf_security/src/drivers/cracen/libcracen_psa_driver.a(cmdma_hw.c.obj)
                0x000000000000490c                sx_hw_reserve
 .text.sx_cmdma_release_hw
                0x0000000000004960       0x30 modules/nrf/subsys/nrf_security/src/drivers/cracen/libcracen_psa_driver.a(cmdma_hw.c.obj)
                0x0000000000004960                sx_cmdma_release_hw
 .text.cracen_isr_handler
                0x0000000000004990       0x68 modules/nrf/subsys/nrf_security/src/drivers/cracen/libcracen_psa_driver.a(interrupts.c.obj)
                0x0000000000004990                cracen_isr_handler
 .text.cracen_interrupts_init
                0x00000000000049f8       0x28 modules/nrf/subsys/nrf_security/src/drivers/cracen/libcracen_psa_driver.a(interrupts.c.obj)
                0x00000000000049f8                cracen_interrupts_init
 .text.cracen_wait_for_cm_interrupt
                0x0000000000004a20       0x30 modules/nrf/subsys/nrf_security/src/drivers/cracen/libcracen_psa_driver.a(interrupts.c.obj)
                0x0000000000004a20                cracen_wait_for_cm_interrupt
 .text.sx_pk_fetch_capabilities
                0x0000000000004a50       0x24 modules/nrf/subsys/nrf_security/src/drivers/cracen/libcracen_psa_driver.a(pk_baremetal.c.obj)
                0x0000000000004a50                sx_pk_fetch_capabilities
 .text.sx_pk_init
                0x0000000000004a74       0x3c modules/nrf/subsys/nrf_security/src/drivers/cracen/libcracen_psa_driver.a(pk_baremetal.c.obj)
                0x0000000000004a74                sx_pk_init
 .text.sx_get_current_req
                0x0000000000004ab0        0x8 modules/nrf/subsys/nrf_security/src/drivers/cracen/libcracen_psa_driver.a(pk_baremetal.c.obj)
                0x0000000000004ab0                sx_get_current_req
 .text.ctr_drbg_update
                0x0000000000004ab8       0x9c modules/nrf/subsys/nrf_security/src/drivers/cracen/libcracen_psa_driver.a(ctr_drbg.c.obj)
 .text.cracen_init_random
                0x0000000000004b54       0x70 modules/nrf/subsys/nrf_security/src/drivers/cracen/libcracen_psa_driver.a(ctr_drbg.c.obj)
                0x0000000000004b54                cracen_init_random
 .text.cracen_get_random
                0x0000000000004bc4      0x110 modules/nrf/subsys/nrf_security/src/drivers/cracen/libcracen_psa_driver.a(ctr_drbg.c.obj)
                0x0000000000004bc4                cracen_get_random
 .text.sx_blkcipher_ecb_simple
                0x0000000000004cd4       0xa4 modules/nrf/subsys/nrf_security/src/drivers/cracen/libcracen_psa_driver.a(blkcipher.c.obj)
                0x0000000000004cd4                sx_blkcipher_ecb_simple
 .text.sx_trng_flush
                0x0000000000004d78       0x30 modules/nrf/subsys/nrf_security/src/drivers/cracen/libcracen_psa_driver.a(trng.c.obj)
 .text.sx_trng_restart
                0x0000000000004da8       0x28 modules/nrf/subsys/nrf_security/src/drivers/cracen/libcracen_psa_driver.a(trng.c.obj)
                0x0000000000004da8                sx_trng_restart
 .text.sx_trng_open
                0x0000000000004dd0       0xa4 modules/nrf/subsys/nrf_security/src/drivers/cracen/libcracen_psa_driver.a(trng.c.obj)
                0x0000000000004dd0                sx_trng_open
 .text.sx_trng_get
                0x0000000000004e74       0xd4 modules/nrf/subsys/nrf_security/src/drivers/cracen/libcracen_psa_driver.a(trng.c.obj)
                0x0000000000004e74                sx_trng_get
 .text.k_event_post_internal
                0x0000000000004f48       0x5c zephyr/kernel/libkernel.a(events.c.obj)
 .text.__l_vfprintf
                0x0000000000004fa4      0x4b4 c:\ncs\toolchains\c1a76fddb2\opt\zephyr-sdk\arm-zephyr-eabi\bin\../lib/gcc/../../picolibc/arm-zephyr-eabi/lib/thumb/v8-m.main/nofp\libc.a(libc_tinystdio_vflprintf.c.o)
                0x0000000000004fa4                __l_vfprintf
 .text._OffsetAbsSyms
                0x0000000000005458        0x2 zephyr/CMakeFiles/offsets.dir/./arch/arm/core/offsets/offsets.c.obj
                0x0000000000005458                _OffsetAbsSyms
 .text.main     0x000000000000545a        0x4 app/libapp.a(main.c.obj)
                0x000000000000545a                main
 .text.chunk_size
                0x000000000000545e        0xa zephyr/libzephyr.a(heap.c.obj)
 .text.free_list_add
                0x0000000000005468       0x4e zephyr/libzephyr.a(heap.c.obj)
 .text.sys_heap_init
                0x00000000000054b6       0x7a zephyr/libzephyr.a(heap.c.obj)
                0x00000000000054b6                sys_heap_init
 .text.arch_printk_char_out
                0x0000000000005530        0x4 zephyr/libzephyr.a(printk.c.obj)
                0x0000000000005530                arch_printk_char_out
 .text.printk   0x0000000000005534       0x1a zephyr/libzephyr.a(printk.c.obj)
                0x0000000000005534                printk
 .text.process_recheck
                0x000000000000554e       0x38 zephyr/libzephyr.a(onoff.c.obj)
 .text.validate_args
                0x0000000000005586       0x20 zephyr/libzephyr.a(onoff.c.obj)
 .text.notify_one
                0x00000000000055a6       0x2c zephyr/libzephyr.a(onoff.c.obj)
 .text.transition_complete
                0x00000000000055d2       0x1a zephyr/libzephyr.a(onoff.c.obj)
 .text.onoff_manager_init
                0x00000000000055ec       0x26 zephyr/libzephyr.a(onoff.c.obj)
                0x00000000000055ec                onoff_manager_init
 .text.onoff_request
                0x0000000000005612       0xae zephyr/libzephyr.a(onoff.c.obj)
                0x0000000000005612                onoff_request
 .text.sys_notify_validate
                0x00000000000056c0       0x22 zephyr/libzephyr.a(notify.c.obj)
                0x00000000000056c0                sys_notify_validate
 .text.sys_notify_finalize
                0x00000000000056e2       0x1a zephyr/libzephyr.a(notify.c.obj)
                0x00000000000056e2                sys_notify_finalize
 .text._ConfigAbsSyms
                0x00000000000056fc        0x2 zephyr/libzephyr.a(configs.c.obj)
                0x00000000000056fc                _ConfigAbsSyms
 .text.pm_device_state_get
                0x00000000000056fe       0x12 zephyr/libzephyr.a(device.c.obj)
                0x00000000000056fe                pm_device_state_get
 .text.pm_device_is_powered
                0x0000000000005710       0x18 zephyr/libzephyr.a(device.c.obj)
                0x0000000000005710                pm_device_is_powered
 .text.pm_device_driver_init
                0x0000000000005728       0x40 zephyr/libzephyr.a(device.c.obj)
                0x0000000000005728                pm_device_driver_init
 .text.z_arm_fatal_error
                0x0000000000005768        0xc zephyr/arch/arch/arm/core/libarch__arm__core.a(fatal.c.obj)
                0x0000000000005768                z_arm_fatal_error
 .text.z_do_kernel_oops
                0x0000000000005774        0x8 zephyr/arch/arch/arm/core/libarch__arm__core.a(fatal.c.obj)
                0x0000000000005774                z_do_kernel_oops
 .text.z_arm_nmi
                0x000000000000577c        0xe zephyr/arch/arch/arm/core/libarch__arm__core.a(nmi.c.obj)
                0x000000000000577c                z_arm_nmi
 .text.z_irq_spurious
                0x000000000000578a        0x8 zephyr/arch/arch/arm/core/cortex_m/libarch__arm__core__cortex_m.a(irq_manage.c.obj)
                0x000000000000578a                z_irq_spurious
 .text.configure_builtin_stack_guard
                0x0000000000005792        0x8 zephyr/arch/arch/arm/core/cortex_m/libarch__arm__core__cortex_m.a(thread.c.obj)
                0x0000000000005792                configure_builtin_stack_guard
 .text.arch_irq_unlock_outlined
                0x000000000000579a        0xe zephyr/arch/arch/arm/core/cortex_m/libarch__arm__core__cortex_m.a(thread.c.obj)
                0x000000000000579a                arch_irq_unlock_outlined
 .text.arch_cpu_idle
                0x00000000000057a8       0x1a zephyr/arch/arch/arm/core/cortex_m/libarch__arm__core__cortex_m.a(cpu_idle.c.obj)
                0x00000000000057a8                arch_cpu_idle
 .text.arch_cpu_atomic_idle
                0x00000000000057c2       0x1e zephyr/arch/arch/arm/core/cortex_m/libarch__arm__core__cortex_m.a(cpu_idle.c.obj)
                0x00000000000057c2                arch_cpu_atomic_idle
 .text.arm_cmse_mpu_region_get
                0x00000000000057e0       0x12 zephyr/arch/arch/arm/core/cortex_m/cmse/libarch__arm__core__cortex_m__cmse.a(arm_core_cmse.c.obj)
                0x00000000000057e0                arm_cmse_mpu_region_get
 .text.mpu_configure_region
                0x00000000000057f2       0x32 zephyr/arch/arch/arm/core/mpu/libarch__arm__core__mpu.a(arm_mpu.c.obj)
 .text.picolibc_put
                0x0000000000005824        0xa zephyr/lib/libc/picolibc/liblib__libc__picolibc.a(stdio.c.obj)
 .text.nordic_vpr_launcher_init
                0x000000000000582e       0x46 zephyr/drivers/misc/nordic_vpr_launcher/libdrivers__misc__nordic_vpr_launcher.a(nordic_vpr_launcher.c.obj)
 .text.get_status
                0x0000000000005874       0x12 zephyr/drivers/clock_control/libdrivers__clock_control.a(clock_control_nrf.c.obj)
 .text.stop     0x0000000000005886       0x52 zephyr/drivers/clock_control/libdrivers__clock_control.a(clock_control_nrf.c.obj)
 .text.api_stop
                0x00000000000058d8        0x6 zephyr/drivers/clock_control/libdrivers__clock_control.a(clock_control_nrf.c.obj)
 .text.async_start
                0x00000000000058de       0x5c zephyr/drivers/clock_control/libdrivers__clock_control.a(clock_control_nrf.c.obj)
 .text.api_start
                0x000000000000593a        0xe zephyr/drivers/clock_control/libdrivers__clock_control.a(clock_control_nrf.c.obj)
 .text.onoff_started_callback
                0x0000000000005948       0x12 zephyr/drivers/clock_control/libdrivers__clock_control.a(clock_control_nrf.c.obj)
 .text.lfclk_start
                0x000000000000595a        0x6 zephyr/drivers/clock_control/libdrivers__clock_control.a(clock_control_nrf.c.obj)
 .text.lfclk_stop
                0x0000000000005960        0x6 zephyr/drivers/clock_control/libdrivers__clock_control.a(clock_control_nrf.c.obj)
 .text.blocking_start_callback
                0x0000000000005966        0x6 zephyr/drivers/clock_control/libdrivers__clock_control.a(clock_control_nrf.c.obj)
 .text.clock_event_handler
                0x000000000000596c       0x14 zephyr/drivers/clock_control/libdrivers__clock_control.a(clock_control_nrf.c.obj)
 .text.gpio_nrfx_port_get_raw
                0x0000000000005980        0xc zephyr/drivers/gpio/libdrivers__gpio.a(gpio_nrfx.c.obj)
 .text.gpio_nrfx_port_set_masked_raw
                0x000000000000598c       0x14 zephyr/drivers/gpio/libdrivers__gpio.a(gpio_nrfx.c.obj)
 .text.gpio_nrfx_port_set_bits_raw
                0x00000000000059a0        0xa zephyr/drivers/gpio/libdrivers__gpio.a(gpio_nrfx.c.obj)
 .text.gpio_nrfx_port_clear_bits_raw
                0x00000000000059aa        0xa zephyr/drivers/gpio/libdrivers__gpio.a(gpio_nrfx.c.obj)
 .text.gpio_nrfx_port_toggle_bits
                0x00000000000059b4       0x14 zephyr/drivers/gpio/libdrivers__gpio.a(gpio_nrfx.c.obj)
 .text.gpio_nrfx_manage_callback
                0x00000000000059c8       0x52 zephyr/drivers/gpio/libdrivers__gpio.a(gpio_nrfx.c.obj)
 .text.gpio_nrfx_pm_hook
                0x0000000000005a1a        0xc zephyr/drivers/gpio/libdrivers__gpio.a(gpio_nrfx.c.obj)
 .text.pinctrl_lookup_state
                0x0000000000005a26       0x26 zephyr/drivers/pinctrl/libdrivers__pinctrl.a(common.c.obj)
                0x0000000000005a26                pinctrl_lookup_state
 .text.regulator_delay
                0x0000000000005a4c       0x18 zephyr/drivers/regulator/libdrivers__regulator.a(regulator_common.c.obj)
 .text.regulator_common_data_init
                0x0000000000005a64       0x10 zephyr/drivers/regulator/libdrivers__regulator.a(regulator_common.c.obj)
                0x0000000000005a64                regulator_common_data_init
 .text.regulator_disable
                0x0000000000005a74       0x54 zephyr/drivers/regulator/libdrivers__regulator.a(regulator_common.c.obj)
                0x0000000000005a74                regulator_disable
 .text.regulator_set_voltage
                0x0000000000005ac8       0x28 zephyr/drivers/regulator/libdrivers__regulator.a(regulator_common.c.obj)
                0x0000000000005ac8                regulator_set_voltage
 .text.regulator_set_current_limit
                0x0000000000005af0       0x28 zephyr/drivers/regulator/libdrivers__regulator.a(regulator_common.c.obj)
                0x0000000000005af0                regulator_set_current_limit
 .text.regulator_set_mode
                0x0000000000005b18       0x3e zephyr/drivers/regulator/libdrivers__regulator.a(regulator_common.c.obj)
                0x0000000000005b18                regulator_set_mode
 .text.regulator_common_init
                0x0000000000005b56       0xf4 zephyr/drivers/regulator/libdrivers__regulator.a(regulator_common.c.obj)
                0x0000000000005b56                regulator_common_init
 .text.gpio_pin_set
                0x0000000000005c4a       0x20 zephyr/drivers/regulator/libdrivers__regulator.a(regulator_fixed.c.obj)
 .text.regulator_fixed_enable
                0x0000000000005c6a       0x1e zephyr/drivers/regulator/libdrivers__regulator.a(regulator_fixed.c.obj)
 .text.regulator_fixed_count_voltages
                0x0000000000005c88        0xe zephyr/drivers/regulator/libdrivers__regulator.a(regulator_fixed.c.obj)
 .text.regulator_fixed_list_voltage
                0x0000000000005c96       0x1a zephyr/drivers/regulator/libdrivers__regulator.a(regulator_fixed.c.obj)
 .text.regulator_fixed_init
                0x0000000000005cb0       0x54 zephyr/drivers/regulator/libdrivers__regulator.a(regulator_fixed.c.obj)
 .text.regulator_fixed_disable
                0x0000000000005d04       0x16 zephyr/drivers/regulator/libdrivers__regulator.a(regulator_fixed.c.obj)
 .text.uarte_nrfx_isr_int
                0x0000000000005d1a        0xa zephyr/drivers/serial/libdrivers__serial.a(uart_nrfx_uarte.c.obj)
 .text.uarte_nrfx_err_check
                0x0000000000005d24        0xe zephyr/drivers/serial/libdrivers__serial.a(uart_nrfx_uarte.c.obj)
 .text.uarte_nrfx_poll_in
                0x0000000000005d32       0x26 zephyr/drivers/serial/libdrivers__serial.a(uart_nrfx_uarte.c.obj)
 .text.uarte_has_cross_domain_connection.isra.0
                0x0000000000005d58       0x12 zephyr/drivers/serial/libdrivers__serial.a(uart_nrfx_uarte.c.obj)
 .text.pinctrl_apply_state.isra.0
                0x0000000000005d6a       0x1e zephyr/drivers/serial/libdrivers__serial.a(uart_nrfx_uarte.c.obj)
 .text.uarte_21_init
                0x0000000000005d88       0x1e zephyr/drivers/serial/libdrivers__serial.a(uart_nrfx_uarte.c.obj)
 .text.uarte_20_init
                0x0000000000005da6       0x1e zephyr/drivers/serial/libdrivers__serial.a(uart_nrfx_uarte.c.obj)
 .text.uarte_nrfx_pm_action
                0x0000000000005dc4       0xc2 zephyr/drivers/serial/libdrivers__serial.a(uart_nrfx_uarte.c.obj)
 .text.counter  0x0000000000005e86       0x12 zephyr/drivers/timer/libdrivers__timer.a(nrf_grtc_timer.c.obj)
 .text._psa_crypto_init
                0x0000000000005e98       0x1e modules/nrf/subsys/nrf_security/src/zephyr/libmbedtls_zephyr.a(psa_crypto_init.c.obj)
 .text.nrfx_isr
                0x0000000000005eb6        0x2 modules/hal_nordic/modules/hal_nordic/nrfx/libmodules__hal_nordic__nrfx.a(nrfx_glue.c.obj)
                0x0000000000005eb6                nrfx_isr
 .text.nrfx_busy_wait
                0x0000000000005eb8        0x4 modules/hal_nordic/modules/hal_nordic/nrfx/libmodules__hal_nordic__nrfx.a(nrfx_glue.c.obj)
                0x0000000000005eb8                nrfx_busy_wait
 .text.nrfx_clock_stop
                0x0000000000005ebc        0x4 modules/hal_nordic/modules/hal_nordic/nrfx/libmodules__hal_nordic__nrfx.a(nrfx_clock.c.obj)
                0x0000000000005ebc                nrfx_clock_stop
 .text.nrf_gpio_reconfigure
                0x0000000000005ec0       0x92 modules/hal_nordic/modules/hal_nordic/nrfx/libmodules__hal_nordic__nrfx.a(nrfx_gpiote.c.obj)
 .text.nrf_gpio_cfg_sense_set
                0x0000000000005f52       0x1e modules/hal_nordic/modules/hal_nordic/nrfx/libmodules__hal_nordic__nrfx.a(nrfx_gpiote.c.obj)
 .text.call_handler
                0x0000000000005f70       0x3e modules/hal_nordic/modules/hal_nordic/nrfx/libmodules__hal_nordic__nrfx.a(nrfx_gpiote.c.obj)
 .text.__nrfy_internal_gpiote_events_process
                0x0000000000005fae       0x4e modules/hal_nordic/modules/hal_nordic/nrfx/libmodules__hal_nordic__nrfx.a(nrfx_gpiote.c.obj)
 .text.pin_trigger_disable
                0x0000000000005ffc       0x4a modules/hal_nordic/modules/hal_nordic/nrfx/libmodules__hal_nordic__nrfx.a(nrfx_gpiote.c.obj)
 .text.nrfx_gpiote_pin_uninit
                0x0000000000006046        0x4 modules/hal_nordic/modules/hal_nordic/nrfx/libmodules__hal_nordic__nrfx.a(nrfx_gpiote.c.obj)
                0x0000000000006046                nrfx_gpiote_pin_uninit
 .text.nrfx_gpiote_trigger_disable
                0x000000000000604a        0x4 modules/hal_nordic/modules/hal_nordic/nrfx/libmodules__hal_nordic__nrfx.a(nrfx_gpiote.c.obj)
                0x000000000000604a                nrfx_gpiote_trigger_disable
 .text.nrfx_power_clock_irq_handler
                0x000000000000604e        0xe modules/hal_nordic/modules/hal_nordic/nrfx/libmodules__hal_nordic__nrfx.a(nrfx_power.c.obj)
                0x000000000000604e                nrfx_power_clock_irq_handler
 .text.nrfx_rramc_write_enable_set
                0x000000000000605c        0x6 modules/hal_nordic/modules/hal_nordic/nrfx/libmodules__hal_nordic__nrfx.a(nrfx_rramc.c.obj)
                0x000000000000605c                nrfx_rramc_write_enable_set
 .text.z_impl_k_busy_wait
                0x0000000000006062        0x8 zephyr/kernel/libkernel.a(busy_wait.c.obj)
                0x0000000000006062                z_impl_k_busy_wait
 .text.z_device_state_init
                0x000000000000606a        0x2 zephyr/kernel/libkernel.a(device.c.obj)
                0x000000000000606a                z_device_state_init
 .text.z_impl_device_is_ready
                0x000000000000606c       0x16 zephyr/kernel/libkernel.a(device.c.obj)
                0x000000000000606c                z_impl_device_is_ready
 .text.arch_system_halt
                0x0000000000006082       0x10 zephyr/kernel/libkernel.a(fatal.c.obj)
                0x0000000000006082                arch_system_halt
 .text.k_sys_fatal_error_handler
                0x0000000000006092        0x6 zephyr/kernel/libkernel.a(fatal.c.obj)
                0x0000000000006092                k_sys_fatal_error_handler
 .text.do_device_init
                0x0000000000006098       0x2e zephyr/kernel/libkernel.a(init.c.obj)
 .text.z_early_memset
                0x00000000000060c6        0x4 zephyr/kernel/libkernel.a(init.c.obj)
                0x00000000000060c6                z_early_memset
 .text.z_early_memcpy
                0x00000000000060ca        0x4 zephyr/kernel/libkernel.a(init.c.obj)
                0x00000000000060ca                z_early_memcpy
 .text.idle     0x00000000000060ce       0x16 zephyr/kernel/libkernel.a(idle.c.obj)
                0x00000000000060ce                idle
 .text.adjust_owner_prio.isra.0
                0x00000000000060e4       0x10 zephyr/kernel/libkernel.a(mutex.c.obj)
 .text.z_impl_k_mutex_init
                0x00000000000060f4        0xe zephyr/kernel/libkernel.a(mutex.c.obj)
                0x00000000000060f4                z_impl_k_mutex_init
 .text.k_is_in_isr
                0x0000000000006102        0xc zephyr/kernel/libkernel.a(thread.c.obj)
                0x0000000000006102                k_is_in_isr
 .text.sys_dlist_remove
                0x000000000000610e       0x10 zephyr/kernel/libkernel.a(sched.c.obj)
 .text.unpend_thread_no_timeout
                0x000000000000611e       0x14 zephyr/kernel/libkernel.a(sched.c.obj)
 .text.add_to_waitq_locked
                0x0000000000006132       0x50 zephyr/kernel/libkernel.a(sched.c.obj)
 .text.z_ready_thread
                0x0000000000006182       0x1e zephyr/kernel/libkernel.a(sched.c.obj)
                0x0000000000006182                z_ready_thread
 .text.z_sched_wake_thread
                0x00000000000061a0       0x46 zephyr/kernel/libkernel.a(sched.c.obj)
                0x00000000000061a0                z_sched_wake_thread
 .text.z_thread_timeout
                0x00000000000061e6        0x8 zephyr/kernel/libkernel.a(sched.c.obj)
                0x00000000000061e6                z_thread_timeout
 .text.z_sched_waitq_walk
                0x00000000000061ee       0x44 zephyr/kernel/libkernel.a(sched.c.obj)
                0x00000000000061ee                z_sched_waitq_walk
 .text.next_timeout
                0x0000000000006232       0x2e zephyr/kernel/libkernel.a(timeout.c.obj)
 .text.z_abort_timeout
                0x0000000000006260       0x50 zephyr/kernel/libkernel.a(timeout.c.obj)
                0x0000000000006260                z_abort_timeout
 .text.sys_clock_tick_get_32
                0x00000000000062b0        0x8 zephyr/kernel/libkernel.a(timeout.c.obj)
                0x00000000000062b0                sys_clock_tick_get_32
 .text.psa_remove_key_data_from_memory
                0x00000000000062b8       0x16 modules/nrf/subsys/nrf_security/src/core/nrf_oberon/libpsa_core.a(psa_crypto.c.obj)
                0x00000000000062b8                psa_remove_key_data_from_memory
 .text.psa_wipe_key_slot
                0x00000000000062ce       0x3a modules/nrf/subsys/nrf_security/src/core/nrf_oberon/libpsa_core.a(psa_crypto.c.obj)
                0x00000000000062ce                psa_wipe_key_slot
 .text.psa_driver_wrapper_init
                0x0000000000006308        0x4 modules/nrf/subsys/nrf_security/src/core/nrf_oberon/libpsa_core.a(psa_crypto_driver_wrappers.c.obj)
                0x0000000000006308                psa_driver_wrapper_init
 .text.psa_driver_wrapper_free
                0x000000000000630c        0x2 modules/nrf/subsys/nrf_security/src/core/nrf_oberon/libpsa_core.a(psa_crypto_driver_wrappers.c.obj)
                0x000000000000630c                psa_driver_wrapper_free
 .text.psa_driver_wrapper_init_random
                0x000000000000630e        0x4 modules/nrf/subsys/nrf_security/src/core/nrf_oberon/libpsa_core.a(psa_crypto_driver_wrappers.c.obj)
                0x000000000000630e                psa_driver_wrapper_init_random
 .text.psa_driver_wrapper_free_random
                0x0000000000006312        0x4 modules/nrf/subsys/nrf_security/src/core/nrf_oberon/libpsa_core.a(psa_crypto_driver_wrappers.c.obj)
                0x0000000000006312                psa_driver_wrapper_free_random
 .text.platform_free_uninit
                0x0000000000006316        0x2 modules/nrf/subsys/nrf_security/src/core/nrf_oberon/libpsa_core.a(platform.c.obj)
 .text.mbedtls_zeroize_and_free
                0x0000000000006318       0x14 modules/nrf/subsys/nrf_security/src/core/nrf_oberon/libpsa_core.a(platform_util.c.obj)
                0x0000000000006318                mbedtls_zeroize_and_free
 .text.silex_statuscodes_to_psa
                0x000000000000632c       0xbc modules/nrf/subsys/nrf_security/src/drivers/cracen/libcracen_psa_driver.a(common.c.obj)
                0x000000000000632c                silex_statuscodes_to_psa
 .text.cracen_xorbytes
                0x00000000000063e8       0x1a modules/nrf/subsys/nrf_security/src/drivers/cracen/libcracen_psa_driver.a(common.c.obj)
                0x00000000000063e8                cracen_xorbytes
 .text.cracen_be_add
                0x0000000000006402       0x14 modules/nrf/subsys/nrf_security/src/drivers/cracen/libcracen_psa_driver.a(common.c.obj)
                0x0000000000006402                cracen_be_add
 .text.safe_memset
                0x0000000000006416       0x16 modules/nrf/subsys/nrf_security/src/drivers/cracen/libcracen_psa_driver.a(mem_helpers.c.obj)
                0x0000000000006416                safe_memset
 .text.safe_memzero
                0x000000000000642c       0x18 modules/nrf/subsys/nrf_security/src/drivers/cracen/libcracen_psa_driver.a(mem_helpers.c.obj)
                0x000000000000642c                safe_memzero
 .text.lib_kmu_is_slot_empty
                0x0000000000006444       0x14 modules/nrf/subsys/nrf_security/src/drivers/cracen/libcracen_psa_driver.a(lib_kmu.c.obj)
                0x0000000000006444                lib_kmu_is_slot_empty
 .text.psa_set_key_usage_flags
                0x0000000000006458       0x14 modules/nrf/subsys/nrf_security/src/drivers/cracen/libcracen_psa_driver.a(kmu.c.obj)
 .text.set_provisioning_in_progress
                0x000000000000646c       0x30 modules/nrf/subsys/nrf_security/src/drivers/cracen/libcracen_psa_driver.a(kmu.c.obj)
 .text.clean_up_unfinished_provisioning
                0x000000000000649c       0x46 modules/nrf/subsys/nrf_security/src/drivers/cracen/libcracen_psa_driver.a(kmu.c.obj)
 .text.sx_clear_interrupt
                0x00000000000064e2       0x1a modules/nrf/subsys/nrf_security/src/drivers/cracen/libcracen_psa_driver.a(pk_baremetal.c.obj)
                0x00000000000064e2                sx_clear_interrupt
 .text.convert_ba414_capabilities
                0x00000000000064fc       0x4c modules/nrf/subsys/nrf_security/src/drivers/cracen/libcracen_psa_driver.a(ba414_status.c.obj)
                0x00000000000064fc                convert_ba414_capabilities
 .text.sx_pk_is_ik_cmd
                0x0000000000006548        0xa modules/nrf/subsys/nrf_security/src/drivers/cracen/libcracen_psa_driver.a(ikhardware.c.obj)
                0x0000000000006548                sx_pk_is_ik_cmd
 .text.psa_extend_key_usage_flags
                0x0000000000006552       0x1a modules/nrf/subsys/nrf_security/src/drivers/cracen/libcracen_psa_driver.a(ctr_drbg.c.obj)
 .text.trng_get_seed.constprop.0
                0x000000000000656c       0x3a modules/nrf/subsys/nrf_security/src/drivers/cracen/libcracen_psa_driver.a(ctr_drbg.c.obj)
 .text.sx_cmdma_reset
                0x00000000000065a6       0x42 modules/nrf/subsys/nrf_security/src/drivers/cracen/libcracen_psa_driver.a(cmdma.c.obj)
                0x00000000000065a6                sx_cmdma_reset
 .text.sx_cmdma_check
                0x00000000000065e8       0x4e modules/nrf/subsys/nrf_security/src/drivers/cracen/libcracen_psa_driver.a(cmdma.c.obj)
                0x00000000000065e8                sx_cmdma_check
 .text.sx_trng_close
                0x0000000000006636       0x14 modules/nrf/subsys/nrf_security/src/drivers/cracen/libcracen_psa_driver.a(trng.c.obj)
                0x0000000000006636                sx_trng_close
 .text.mbedtls_mutex_unlock_fn
                0x000000000000664a        0x4 modules/nrf/subsys/nrf_security/src/libmbedcrypto_base.a(threading_alt.c.obj)
                0x000000000000664a                mbedtls_mutex_unlock_fn
 .text.mbedtls_mutex_lock_fn
                0x000000000000664e        0xc modules/nrf/subsys/nrf_security/src/libmbedcrypto_base.a(threading_alt.c.obj)
                0x000000000000664e                mbedtls_mutex_lock_fn
 .text.nrf_security_mutex_lock
                0x000000000000665a        0xc modules/nrf/subsys/nrf_security/src/libnrf_security_utils.a(nrf_security_mutexes.c.obj)
                0x000000000000665a                nrf_security_mutex_lock
 .text.nrf_security_mutex_unlock
                0x0000000000006666        0x4 modules/nrf/subsys/nrf_security/src/libnrf_security_utils.a(nrf_security_mutexes.c.obj)
                0x0000000000006666                nrf_security_mutex_unlock
 .text.nrf_security_event_init
                0x000000000000666a        0x4 modules/nrf/subsys/nrf_security/src/libnrf_security_utils.a(nrf_security_events.c.obj)
                0x000000000000666a                nrf_security_event_init
 .text.nrf_security_event_wait
                0x000000000000666e       0x1a modules/nrf/subsys/nrf_security/src/libnrf_security_utils.a(nrf_security_events.c.obj)
                0x000000000000666e                nrf_security_event_wait
 .text.nrf_security_event_clear
                0x0000000000006688        0x4 modules/nrf/subsys/nrf_security/src/libnrf_security_utils.a(nrf_security_events.c.obj)
                0x0000000000006688                nrf_security_event_clear
 .text.nrf_security_event_set
                0x000000000000668c        0x4 modules/nrf/subsys/nrf_security/src/libnrf_security_utils.a(nrf_security_events.c.obj)
                0x000000000000668c                nrf_security_event_set
 .text.k_event_wait_internal
                0x0000000000006690       0x82 zephyr/kernel/libkernel.a(events.c.obj)
 .text.event_walk_op
                0x0000000000006712       0x30 zephyr/kernel/libkernel.a(events.c.obj)
 .text.z_impl_k_event_init
                0x0000000000006742        0xa zephyr/kernel/libkernel.a(events.c.obj)
                0x0000000000006742                z_impl_k_event_init
 .text.z_impl_k_event_set
                0x000000000000674c        0x8 zephyr/kernel/libkernel.a(events.c.obj)
                0x000000000000674c                z_impl_k_event_set
 .text.z_impl_k_event_clear
                0x0000000000006754        0x8 zephyr/kernel/libkernel.a(events.c.obj)
                0x0000000000006754                z_impl_k_event_clear
 .text.z_impl_k_event_wait
                0x000000000000675c        0x6 zephyr/kernel/libkernel.a(events.c.obj)
                0x000000000000675c                z_impl_k_event_wait
 .text.memcpy   0x0000000000006762       0x1a c:\ncs\toolchains\c1a76fddb2\opt\zephyr-sdk\arm-zephyr-eabi\bin\../lib/gcc/../../picolibc/arm-zephyr-eabi/lib/thumb/v8-m.main/nofp\libc.a(memcpy.c.o)
                0x0000000000006762                __aeabi_memcpy
                0x0000000000006762                __aeabi_memcpy4
                0x0000000000006762                __aeabi_memcpy8
                0x0000000000006762                memcpy
 .text.memset   0x000000000000677c       0x10 c:\ncs\toolchains\c1a76fddb2\opt\zephyr-sdk\arm-zephyr-eabi\bin\../lib/gcc/../../picolibc/arm-zephyr-eabi/lib/thumb/v8-m.main/nofp\libc.a(memset.c.o)
                0x000000000000677c                memset
 .text.strnlen  0x000000000000678c       0x18 c:\ncs\toolchains\c1a76fddb2\opt\zephyr-sdk\arm-zephyr-eabi\bin\../lib/gcc/../../picolibc/arm-zephyr-eabi/lib/thumb/v8-m.main/nofp\libc.a(libc_string_strnlen.c.o)
                0x000000000000678c                strnlen
 .text.__ultoa_invert
                0x00000000000067a4       0xac c:\ncs\toolchains\c1a76fddb2\opt\zephyr-sdk\arm-zephyr-eabi\bin\../lib/gcc/../../picolibc/arm-zephyr-eabi/lib/thumb/v8-m.main/nofp\libc.a(libc_tinystdio_vflprintf.c.o)
 *(SORT_BY_ALIGNMENT(.TEXT.*))
 .TEXT.__aeabi_read_tp
                0x0000000000006850        0xc zephyr/arch/arch/arm/core/cortex_m/libarch__arm__core__cortex_m.a(__aeabi_read_tp.S.obj)
                0x0000000000006850                __aeabi_read_tp
 *(SORT_BY_ALIGNMENT(.gnu.linkonce.t.*))
 *(SORT_BY_ALIGNMENT(.glue_7t))
 .glue_7t       0x000000000000685c        0x0 linker stubs
 *(SORT_BY_ALIGNMENT(.glue_7))
 .glue_7        0x000000000000685c        0x0 linker stubs
 *(SORT_BY_ALIGNMENT(.vfp11_veneer))
 .vfp11_veneer  0x000000000000685c        0x0 linker stubs
 *(SORT_BY_ALIGNMENT(.v4_bx))
 .v4_bx         0x000000000000685c        0x0 linker stubs
                0x000000000000685c                . = ALIGN (0x4)
                0x000000000000685c                __text_region_end = .

.ARM.exidx      0x000000000000685c        0x8
                0x000000000000685c                __exidx_start = .
 *(SORT_BY_ALIGNMENT(.ARM.exidx*) SORT_BY_ALIGNMENT(gnu.linkonce.armexidx.*))
 .ARM.exidx     0x000000000000685c        0x8 c:/ncs/toolchains/c1a76fddb2/opt/zephyr-sdk/arm-zephyr-eabi/bin/../lib/gcc/arm-zephyr-eabi/12.2.0/thumb/v8-m.main/nofp\libgcc.a(_udivmoddi4.o)
                0x0000000000006864                __exidx_end = .
                0x0000000000006864                __rodata_region_start = .

initlevel       0x0000000000006864       0x88
                0x0000000000006864                __init_start = .
                0x0000000000006864                __init_EARLY_start = .
 *(SORT_BY_NAME(SORT_BY_ALIGNMENT(.z_init_EARLY_P_?_*)))
 *(SORT_BY_NAME(SORT_BY_ALIGNMENT(.z_init_EARLY_P_??_*)))
 *(SORT_BY_NAME(SORT_BY_ALIGNMENT(.z_init_EARLY_P_???_*)))
                0x0000000000006864                __init_PRE_KERNEL_1_start = .
 *(SORT_BY_NAME(SORT_BY_ALIGNMENT(.z_init_PRE_KERNEL_1_P_?_*)))
 .z_init_PRE_KERNEL_1_P_0_SUB_0_
                0x0000000000006864        0x8 zephyr/soc/soc/nrf54l15/libsoc__nordic.a(soc.c.obj)
 *(SORT_BY_NAME(SORT_BY_ALIGNMENT(.z_init_PRE_KERNEL_1_P_??_*)))
 .z_init_PRE_KERNEL_1_P_30_SUB_00063_
                0x000000000000686c        0x8 zephyr/drivers/clock_control/libdrivers__clock_control.a(clock_control_nrf.c.obj)
 .z_init_PRE_KERNEL_1_P_40_SUB_00010_
                0x0000000000006874        0x8 zephyr/drivers/gpio/libdrivers__gpio.a(gpio_nrfx.c.obj)
 .z_init_PRE_KERNEL_1_P_40_SUB_00013_
                0x000000000000687c        0x8 zephyr/drivers/gpio/libdrivers__gpio.a(gpio_nrfx.c.obj)
 .z_init_PRE_KERNEL_1_P_40_SUB_00018_
                0x0000000000006884        0x8 zephyr/drivers/gpio/libdrivers__gpio.a(gpio_nrfx.c.obj)
 .z_init_PRE_KERNEL_1_P_50_SUB_00109_
                0x000000000000688c        0x8 zephyr/drivers/serial/libdrivers__serial.a(uart_nrfx_uarte.c.obj)
 .z_init_PRE_KERNEL_1_P_50_SUB_00110_
                0x0000000000006894        0x8 zephyr/drivers/serial/libdrivers__serial.a(uart_nrfx_uarte.c.obj)
 .z_init_PRE_KERNEL_1_P_60_SUB_0_
                0x000000000000689c        0x8 zephyr/drivers/console/libdrivers__console.a(uart_console.c.obj)
 *(SORT_BY_NAME(SORT_BY_ALIGNMENT(.z_init_PRE_KERNEL_1_P_???_*)))
                0x00000000000068a4                __init_PRE_KERNEL_2_start = .
 *(SORT_BY_NAME(SORT_BY_ALIGNMENT(.z_init_PRE_KERNEL_2_P_?_*)))
 .z_init_PRE_KERNEL_2_P_0_SUB_0_
                0x00000000000068a4        0x8 zephyr/drivers/timer/libdrivers__timer.a(nrf_grtc_timer.c.obj)
 *(SORT_BY_NAME(SORT_BY_ALIGNMENT(.z_init_PRE_KERNEL_2_P_??_*)))
 *(SORT_BY_NAME(SORT_BY_ALIGNMENT(.z_init_PRE_KERNEL_2_P_???_*)))
                0x00000000000068ac                __init_POST_KERNEL_start = .
 *(SORT_BY_NAME(SORT_BY_ALIGNMENT(.z_init_POST_KERNEL_P_?_*)))
 .z_init_POST_KERNEL_P_0_SUB_00139_
                0x00000000000068ac        0x8 zephyr/drivers/misc/nordic_vpr_launcher/libdrivers__misc__nordic_vpr_launcher.a(nordic_vpr_launcher.c.obj)
 *(SORT_BY_NAME(SORT_BY_ALIGNMENT(.z_init_POST_KERNEL_P_??_*)))
 .z_init_POST_KERNEL_P_35_SUB_0_
                0x00000000000068b4        0x8 zephyr/lib/libc/common/liblib__libc__common.a(malloc.c.obj)
 .z_init_POST_KERNEL_P_41_SUB_0_
                0x00000000000068bc        0x8 zephyr/drivers/gpio/libdrivers__gpio.a(gpio_hogs.c.obj)
 .z_init_POST_KERNEL_P_45_SUB_00011_
                0x00000000000068c4        0x8 zephyr/drivers/regulator/libdrivers__regulator.a(regulator_fixed.c.obj)
 .z_init_POST_KERNEL_P_45_SUB_00014_
                0x00000000000068cc        0x8 zephyr/drivers/regulator/libdrivers__regulator.a(regulator_fixed.c.obj)
 .z_init_POST_KERNEL_P_45_SUB_00015_
                0x00000000000068d4        0x8 zephyr/drivers/regulator/libdrivers__regulator.a(regulator_fixed.c.obj)
 .z_init_POST_KERNEL_P_45_SUB_00019_
                0x00000000000068dc        0x8 zephyr/drivers/regulator/libdrivers__regulator.a(regulator_fixed.c.obj)
 .z_init_POST_KERNEL_P_50_SUB_0_
                0x00000000000068e4        0x8 modules/nrf/subsys/nrf_security/src/zephyr/libmbedtls_zephyr.a(psa_crypto_init.c.obj)
 *(SORT_BY_NAME(SORT_BY_ALIGNMENT(.z_init_POST_KERNEL_P_???_*)))
                0x00000000000068ec                __init_APPLICATION_start = .
 *(SORT_BY_NAME(SORT_BY_ALIGNMENT(.z_init_APPLICATION_P_?_*)))
 *(SORT_BY_NAME(SORT_BY_ALIGNMENT(.z_init_APPLICATION_P_??_*)))
 *(SORT_BY_NAME(SORT_BY_ALIGNMENT(.z_init_APPLICATION_P_???_*)))
                0x00000000000068ec                __init_SMP_start = .
 *(SORT_BY_NAME(SORT_BY_ALIGNMENT(.z_init_SMP_P_?_*)))
 *(SORT_BY_NAME(SORT_BY_ALIGNMENT(.z_init_SMP_P_??_*)))
 *(SORT_BY_NAME(SORT_BY_ALIGNMENT(.z_init_SMP_P_???_*)))
                0x00000000000068ec                __init_end = .

device_area     0x00000000000068ec      0x18c
                0x00000000000068ec                _device_list_start = .
 *(SORT_BY_NAME(SORT_BY_ALIGNMENT(._device.static.*_?_*)))
 ._device.static.3_0_
                0x00000000000068ec       0x24 zephyr/drivers/misc/nordic_vpr_launcher/libdrivers__misc__nordic_vpr_launcher.a(nordic_vpr_launcher.c.obj)
                0x00000000000068ec                __device_dts_ord_139
 *(SORT_BY_NAME(SORT_BY_ALIGNMENT(._device.static.*_??_*)))
 ._device.static.1_30_
                0x0000000000006910       0x24 zephyr/drivers/clock_control/libdrivers__clock_control.a(clock_control_nrf.c.obj)
                0x0000000000006910                __device_dts_ord_63
 ._device.static.1_40_
                0x0000000000006934       0x6c zephyr/drivers/gpio/libdrivers__gpio.a(gpio_nrfx.c.obj)
                0x0000000000006934                __device_dts_ord_10
                0x0000000000006958                __device_dts_ord_18
                0x000000000000697c                __device_dts_ord_13
 ._device.static.1_50_
                0x00000000000069a0       0x48 zephyr/drivers/serial/libdrivers__serial.a(uart_nrfx_uarte.c.obj)
                0x00000000000069a0                __device_dts_ord_110
                0x00000000000069c4                __device_dts_ord_109
 ._device.static.3_45_
                0x00000000000069e8       0x90 zephyr/drivers/regulator/libdrivers__regulator.a(regulator_fixed.c.obj)
                0x00000000000069e8                __device_dts_ord_19
                0x0000000000006a0c                __device_dts_ord_15
                0x0000000000006a30                __device_dts_ord_14
                0x0000000000006a54                __device_dts_ord_11
 *(SORT_BY_NAME(SORT_BY_ALIGNMENT(._device.static.*_???_*)))
 *(SORT_BY_NAME(SORT_BY_ALIGNMENT(._device.static.*_????_*)))
 *(SORT_BY_NAME(SORT_BY_ALIGNMENT(._device.static.*_?????_*)))
                0x0000000000006a78                _device_list_end = .

sw_isr_table    0x0000000000006a78      0x878
                0x0000000000006a78                . = ALIGN (0x4)
 *(SORT_BY_ALIGNMENT(.gnu.linkonce.sw_isr_table*))
 .gnu.linkonce.sw_isr_table
                0x0000000000006a78      0x878 zephyr/CMakeFiles/zephyr_final.dir/isr_tables.c.obj
                0x0000000000006a78                _sw_isr_table

initlevel_error
                0x0000000000006864        0x0
 *(SORT_BY_NAME(SORT_BY_ALIGNMENT(.z_init_*)))
                0x0000000000000001                ASSERT ((SIZEOF (initlevel_error) == 0x0), Undefined initialization levels used.)

app_shmem_regions
                0x00000000000072f0        0x0
                0x00000000000072f0                __app_shmem_regions_start = .
 *(SORT_BY_NAME(SORT_BY_ALIGNMENT(.app_regions.*)))
                0x00000000000072f0                __app_shmem_regions_end = .

k_p4wq_initparam_area
                0x00000000000072f0        0x0
                0x00000000000072f0                _k_p4wq_initparam_list_start = .
 *(SORT_BY_NAME(SORT_BY_ALIGNMENT(._k_p4wq_initparam.static.*)))
                0x00000000000072f0                _k_p4wq_initparam_list_end = .

_static_thread_data_area
                0x00000000000072f0        0x0
                0x00000000000072f0                __static_thread_data_list_start = .
 *(SORT_BY_NAME(SORT_BY_ALIGNMENT(.__static_thread_data.static.*)))
                0x00000000000072f0                __static_thread_data_list_end = .

device_deps     0x00000000000072f0        0x0
                0x00000000000072f0                __device_deps_start = .
 *(SORT_BY_NAME(SORT_BY_ALIGNMENT(.__device_deps_pass2*)))
                0x00000000000072f0                __device_deps_end = .

gpio_driver_api_area
                0x00000000000072f0       0x24
                0x00000000000072f0                _gpio_driver_api_list_start = .
 *(SORT_BY_NAME(SORT_BY_ALIGNMENT(._gpio_driver_api.static.*)))
 ._gpio_driver_api.static.gpio_nrfx_drv_api_funcs_
                0x00000000000072f0       0x24 zephyr/drivers/gpio/libdrivers__gpio.a(gpio_nrfx.c.obj)
                0x0000000000007314                _gpio_driver_api_list_end = .

shared_irq_driver_api_area
                0x0000000000007314        0x0
                0x0000000000007314                _shared_irq_driver_api_list_start = .
 *(SORT_BY_NAME(SORT_BY_ALIGNMENT(._shared_irq_driver_api.static.*)))
                0x0000000000007314                _shared_irq_driver_api_list_end = .

crypto_driver_api_area
                0x0000000000007314        0x0
                0x0000000000007314                _crypto_driver_api_list_start = .
 *(SORT_BY_NAME(SORT_BY_ALIGNMENT(._crypto_driver_api.static.*)))
                0x0000000000007314                _crypto_driver_api_list_end = .

adc_driver_api_area
                0x0000000000007314        0x0
                0x0000000000007314                _adc_driver_api_list_start = .
 *(SORT_BY_NAME(SORT_BY_ALIGNMENT(._adc_driver_api.static.*)))
                0x0000000000007314                _adc_driver_api_list_end = .

auxdisplay_driver_api_area
                0x0000000000007314        0x0
                0x0000000000007314                _auxdisplay_driver_api_list_start = .
 *(SORT_BY_NAME(SORT_BY_ALIGNMENT(._auxdisplay_driver_api.static.*)))
                0x0000000000007314                _auxdisplay_driver_api_list_end = .

bbram_driver_api_area
                0x0000000000007314        0x0
                0x0000000000007314                _bbram_driver_api_list_start = .
 *(SORT_BY_NAME(SORT_BY_ALIGNMENT(._bbram_driver_api.static.*)))
                0x0000000000007314                _bbram_driver_api_list_end = .

bt_hci_driver_api_area
                0x0000000000007314        0x0
                0x0000000000007314                _bt_hci_driver_api_list_start = .
 *(SORT_BY_NAME(SORT_BY_ALIGNMENT(._bt_hci_driver_api.static.*)))
                0x0000000000007314                _bt_hci_driver_api_list_end = .

can_driver_api_area
                0x0000000000007314        0x0
                0x0000000000007314                _can_driver_api_list_start = .
 *(SORT_BY_NAME(SORT_BY_ALIGNMENT(._can_driver_api.static.*)))
                0x0000000000007314                _can_driver_api_list_end = .

cellular_driver_api_area
                0x0000000000007314        0x0
                0x0000000000007314                _cellular_driver_api_list_start = .
 *(SORT_BY_NAME(SORT_BY_ALIGNMENT(._cellular_driver_api.static.*)))
                0x0000000000007314                _cellular_driver_api_list_end = .

charger_driver_api_area
                0x0000000000007314        0x0
                0x0000000000007314                _charger_driver_api_list_start = .
 *(SORT_BY_NAME(SORT_BY_ALIGNMENT(._charger_driver_api.static.*)))
                0x0000000000007314                _charger_driver_api_list_end = .

clock_control_driver_api_area
                0x0000000000007314       0x1c
                0x0000000000007314                _clock_control_driver_api_list_start = .
 *(SORT_BY_NAME(SORT_BY_ALIGNMENT(._clock_control_driver_api.static.*)))
 ._clock_control_driver_api.static.clock_control_api_
                0x0000000000007314       0x1c zephyr/drivers/clock_control/libdrivers__clock_control.a(clock_control_nrf.c.obj)
                0x0000000000007330                _clock_control_driver_api_list_end = .

comparator_driver_api_area
                0x0000000000007330        0x0
                0x0000000000007330                _comparator_driver_api_list_start = .
 *(SORT_BY_NAME(SORT_BY_ALIGNMENT(._comparator_driver_api.static.*)))
                0x0000000000007330                _comparator_driver_api_list_end = .

coredump_driver_api_area
                0x0000000000007330        0x0
                0x0000000000007330                _coredump_driver_api_list_start = .
 *(SORT_BY_NAME(SORT_BY_ALIGNMENT(._coredump_driver_api.static.*)))
                0x0000000000007330                _coredump_driver_api_list_end = .

counter_driver_api_area
                0x0000000000007330        0x0
                0x0000000000007330                _counter_driver_api_list_start = .
 *(SORT_BY_NAME(SORT_BY_ALIGNMENT(._counter_driver_api.static.*)))
                0x0000000000007330                _counter_driver_api_list_end = .

dac_driver_api_area
                0x0000000000007330        0x0
                0x0000000000007330                _dac_driver_api_list_start = .
 *(SORT_BY_NAME(SORT_BY_ALIGNMENT(._dac_driver_api.static.*)))
                0x0000000000007330                _dac_driver_api_list_end = .

dai_driver_api_area
                0x0000000000007330        0x0
                0x0000000000007330                _dai_driver_api_list_start = .
 *(SORT_BY_NAME(SORT_BY_ALIGNMENT(._dai_driver_api.static.*)))
                0x0000000000007330                _dai_driver_api_list_end = .

display_driver_api_area
                0x0000000000007330        0x0
                0x0000000000007330                _display_driver_api_list_start = .
 *(SORT_BY_NAME(SORT_BY_ALIGNMENT(._display_driver_api.static.*)))
                0x0000000000007330                _display_driver_api_list_end = .

dma_driver_api_area
                0x0000000000007330        0x0
                0x0000000000007330                _dma_driver_api_list_start = .
 *(SORT_BY_NAME(SORT_BY_ALIGNMENT(._dma_driver_api.static.*)))
                0x0000000000007330                _dma_driver_api_list_end = .

edac_driver_api_area
                0x0000000000007330        0x0
                0x0000000000007330                _edac_driver_api_list_start = .
 *(SORT_BY_NAME(SORT_BY_ALIGNMENT(._edac_driver_api.static.*)))
                0x0000000000007330                _edac_driver_api_list_end = .

eeprom_driver_api_area
                0x0000000000007330        0x0
                0x0000000000007330                _eeprom_driver_api_list_start = .
 *(SORT_BY_NAME(SORT_BY_ALIGNMENT(._eeprom_driver_api.static.*)))
                0x0000000000007330                _eeprom_driver_api_list_end = .

emul_bbram_driver_api_area
                0x0000000000007330        0x0
                0x0000000000007330                _emul_bbram_driver_api_list_start = .
 *(SORT_BY_NAME(SORT_BY_ALIGNMENT(._emul_bbram_driver_api.static.*)))
                0x0000000000007330                _emul_bbram_driver_api_list_end = .

fuel_gauge_emul_driver_api_area
                0x0000000000007330        0x0
                0x0000000000007330                _fuel_gauge_emul_driver_api_list_start = .
 *(SORT_BY_NAME(SORT_BY_ALIGNMENT(._fuel_gauge_emul_driver_api.static.*)))
                0x0000000000007330                _fuel_gauge_emul_driver_api_list_end = .

emul_sensor_driver_api_area
                0x0000000000007330        0x0
                0x0000000000007330                _emul_sensor_driver_api_list_start = .
 *(SORT_BY_NAME(SORT_BY_ALIGNMENT(._emul_sensor_driver_api.static.*)))
                0x0000000000007330                _emul_sensor_driver_api_list_end = .

entropy_driver_api_area
                0x0000000000007330        0x0
                0x0000000000007330                _entropy_driver_api_list_start = .
 *(SORT_BY_NAME(SORT_BY_ALIGNMENT(._entropy_driver_api.static.*)))
                0x0000000000007330                _entropy_driver_api_list_end = .

espi_driver_api_area
                0x0000000000007330        0x0
                0x0000000000007330                _espi_driver_api_list_start = .
 *(SORT_BY_NAME(SORT_BY_ALIGNMENT(._espi_driver_api.static.*)))
                0x0000000000007330                _espi_driver_api_list_end = .

espi_saf_driver_api_area
                0x0000000000007330        0x0
                0x0000000000007330                _espi_saf_driver_api_list_start = .
 *(SORT_BY_NAME(SORT_BY_ALIGNMENT(._espi_saf_driver_api.static.*)))
                0x0000000000007330                _espi_saf_driver_api_list_end = .

flash_driver_api_area
                0x0000000000007330        0x0
                0x0000000000007330                _flash_driver_api_list_start = .
 *(SORT_BY_NAME(SORT_BY_ALIGNMENT(._flash_driver_api.static.*)))
                0x0000000000007330                _flash_driver_api_list_end = .

fpga_driver_api_area
                0x0000000000007330        0x0
                0x0000000000007330                _fpga_driver_api_list_start = .
 *(SORT_BY_NAME(SORT_BY_ALIGNMENT(._fpga_driver_api.static.*)))
                0x0000000000007330                _fpga_driver_api_list_end = .

fuel_gauge_driver_api_area
                0x0000000000007330        0x0
                0x0000000000007330                _fuel_gauge_driver_api_list_start = .
 *(SORT_BY_NAME(SORT_BY_ALIGNMENT(._fuel_gauge_driver_api.static.*)))
                0x0000000000007330                _fuel_gauge_driver_api_list_end = .

gnss_driver_api_area
                0x0000000000007330        0x0
                0x0000000000007330                _gnss_driver_api_list_start = .
 *(SORT_BY_NAME(SORT_BY_ALIGNMENT(._gnss_driver_api.static.*)))
                0x0000000000007330                _gnss_driver_api_list_end = .

haptics_driver_api_area
                0x0000000000007330        0x0
                0x0000000000007330                _haptics_driver_api_list_start = .
 *(SORT_BY_NAME(SORT_BY_ALIGNMENT(._haptics_driver_api.static.*)))
                0x0000000000007330                _haptics_driver_api_list_end = .

hwspinlock_driver_api_area
                0x0000000000007330        0x0
                0x0000000000007330                _hwspinlock_driver_api_list_start = .
 *(SORT_BY_NAME(SORT_BY_ALIGNMENT(._hwspinlock_driver_api.static.*)))
                0x0000000000007330                _hwspinlock_driver_api_list_end = .

i2c_driver_api_area
                0x0000000000007330        0x0
                0x0000000000007330                _i2c_driver_api_list_start = .
 *(SORT_BY_NAME(SORT_BY_ALIGNMENT(._i2c_driver_api.static.*)))
                0x0000000000007330                _i2c_driver_api_list_end = .

i2c_target_driver_api_area
                0x0000000000007330        0x0
                0x0000000000007330                _i2c_target_driver_api_list_start = .
 *(SORT_BY_NAME(SORT_BY_ALIGNMENT(._i2c_target_driver_api.static.*)))
                0x0000000000007330                _i2c_target_driver_api_list_end = .

i2s_driver_api_area
                0x0000000000007330        0x0
                0x0000000000007330                _i2s_driver_api_list_start = .
 *(SORT_BY_NAME(SORT_BY_ALIGNMENT(._i2s_driver_api.static.*)))
                0x0000000000007330                _i2s_driver_api_list_end = .

i3c_driver_api_area
                0x0000000000007330        0x0
                0x0000000000007330                _i3c_driver_api_list_start = .
 *(SORT_BY_NAME(SORT_BY_ALIGNMENT(._i3c_driver_api.static.*)))
                0x0000000000007330                _i3c_driver_api_list_end = .

ipm_driver_api_area
                0x0000000000007330        0x0
                0x0000000000007330                _ipm_driver_api_list_start = .
 *(SORT_BY_NAME(SORT_BY_ALIGNMENT(._ipm_driver_api.static.*)))
                0x0000000000007330                _ipm_driver_api_list_end = .

led_driver_api_area
                0x0000000000007330        0x0
                0x0000000000007330                _led_driver_api_list_start = .
 *(SORT_BY_NAME(SORT_BY_ALIGNMENT(._led_driver_api.static.*)))
                0x0000000000007330                _led_driver_api_list_end = .

led_strip_driver_api_area
                0x0000000000007330        0x0
                0x0000000000007330                _led_strip_driver_api_list_start = .
 *(SORT_BY_NAME(SORT_BY_ALIGNMENT(._led_strip_driver_api.static.*)))
                0x0000000000007330                _led_strip_driver_api_list_end = .

lora_driver_api_area
                0x0000000000007330        0x0
                0x0000000000007330                _lora_driver_api_list_start = .
 *(SORT_BY_NAME(SORT_BY_ALIGNMENT(._lora_driver_api.static.*)))
                0x0000000000007330                _lora_driver_api_list_end = .

mbox_driver_api_area
                0x0000000000007330        0x0
                0x0000000000007330                _mbox_driver_api_list_start = .
 *(SORT_BY_NAME(SORT_BY_ALIGNMENT(._mbox_driver_api.static.*)))
                0x0000000000007330                _mbox_driver_api_list_end = .

mdio_driver_api_area
                0x0000000000007330        0x0
                0x0000000000007330                _mdio_driver_api_list_start = .
 *(SORT_BY_NAME(SORT_BY_ALIGNMENT(._mdio_driver_api.static.*)))
                0x0000000000007330                _mdio_driver_api_list_end = .

mipi_dbi_driver_api_area
                0x0000000000007330        0x0
                0x0000000000007330                _mipi_dbi_driver_api_list_start = .
 *(SORT_BY_NAME(SORT_BY_ALIGNMENT(._mipi_dbi_driver_api.static.*)))
                0x0000000000007330                _mipi_dbi_driver_api_list_end = .

mipi_dsi_driver_api_area
                0x0000000000007330        0x0
                0x0000000000007330                _mipi_dsi_driver_api_list_start = .
 *(SORT_BY_NAME(SORT_BY_ALIGNMENT(._mipi_dsi_driver_api.static.*)))
                0x0000000000007330                _mipi_dsi_driver_api_list_end = .

mspi_driver_api_area
                0x0000000000007330        0x0
                0x0000000000007330                _mspi_driver_api_list_start = .
 *(SORT_BY_NAME(SORT_BY_ALIGNMENT(._mspi_driver_api.static.*)))
                0x0000000000007330                _mspi_driver_api_list_end = .

peci_driver_api_area
                0x0000000000007330        0x0
                0x0000000000007330                _peci_driver_api_list_start = .
 *(SORT_BY_NAME(SORT_BY_ALIGNMENT(._peci_driver_api.static.*)))
                0x0000000000007330                _peci_driver_api_list_end = .

ps2_driver_api_area
                0x0000000000007330        0x0
                0x0000000000007330                _ps2_driver_api_list_start = .
 *(SORT_BY_NAME(SORT_BY_ALIGNMENT(._ps2_driver_api.static.*)))
                0x0000000000007330                _ps2_driver_api_list_end = .

ptp_clock_driver_api_area
                0x0000000000007330        0x0
                0x0000000000007330                _ptp_clock_driver_api_list_start = .
 *(SORT_BY_NAME(SORT_BY_ALIGNMENT(._ptp_clock_driver_api.static.*)))
                0x0000000000007330                _ptp_clock_driver_api_list_end = .

pwm_driver_api_area
                0x0000000000007330        0x0
                0x0000000000007330                _pwm_driver_api_list_start = .
 *(SORT_BY_NAME(SORT_BY_ALIGNMENT(._pwm_driver_api.static.*)))
                0x0000000000007330                _pwm_driver_api_list_end = .

regulator_parent_driver_api_area
                0x0000000000007330        0x0
                0x0000000000007330                _regulator_parent_driver_api_list_start = .
 *(SORT_BY_NAME(SORT_BY_ALIGNMENT(._regulator_parent_driver_api.static.*)))
                0x0000000000007330                _regulator_parent_driver_api_list_end = .

regulator_driver_api_area
                0x0000000000007330       0x3c
                0x0000000000007330                _regulator_driver_api_list_start = .
 *(SORT_BY_NAME(SORT_BY_ALIGNMENT(._regulator_driver_api.static.*)))
 ._regulator_driver_api.static.regulator_fixed_api_
                0x0000000000007330       0x3c zephyr/drivers/regulator/libdrivers__regulator.a(regulator_fixed.c.obj)
                0x000000000000736c                _regulator_driver_api_list_end = .

reset_driver_api_area
                0x000000000000736c        0x0
                0x000000000000736c                _reset_driver_api_list_start = .
 *(SORT_BY_NAME(SORT_BY_ALIGNMENT(._reset_driver_api.static.*)))
                0x000000000000736c                _reset_driver_api_list_end = .

retained_mem_driver_api_area
                0x000000000000736c        0x0
                0x000000000000736c                _retained_mem_driver_api_list_start = .