Archive member included to satisfy reference by file (symbol)

app/libapp.a(main.c.obj)      (--whole-archive)
zephyr/libzephyr.a(heap.c.obj)
                              (--whole-archive)
zephyr/libzephyr.a(cbprintf_packaged.c.obj)
                              (--whole-archive)
zephyr/libzephyr.a(printk.c.obj)
                              (--whole-archive)
zephyr/libzephyr.a(sem.c.obj)
                              (--whole-archive)
zephyr/libzephyr.a(thread_entry.c.obj)
                              (--whole-archive)
zephyr/libzephyr.a(cbprintf_complete.c.obj)
                              (--whole-archive)
zephyr/libzephyr.a(assert.c.obj)
                              (--whole-archive)
zephyr/libzephyr.a(dec.c.obj)
                              (--whole-archive)
zephyr/libzephyr.a(hex.c.obj)
                              (--whole-archive)
zephyr/libzephyr.a(rb.c.obj)  (--whole-archive)
zephyr/libzephyr.a(timeutil.c.obj)
                              (--whole-archive)
zephyr/libzephyr.a(bitarray.c.obj)
                              (--whole-archive)
zephyr/libzephyr.a(onoff.c.obj)
                              (--whole-archive)
zephyr/libzephyr.a(notify.c.obj)
                              (--whole-archive)
zephyr/libzephyr.a(ring_buffer.c.obj)
                              (--whole-archive)
zephyr/libzephyr.a(last_section_id.c.obj)
                              (--whole-archive)
zephyr/libzephyr.a(configs.c.obj)
                              (--whole-archive)
zephyr/libzephyr.a(mem_attr.c.obj)
                              (--whole-archive)
zephyr/libzephyr.a(device.c.obj)
                              (--whole-archive)
zephyr/libzephyr.a(device_system_managed.c.obj)
                              (--whole-archive)
zephyr/libzephyr.a(tracing_none.c.obj)
                              (--whole-archive)
zephyr/libzephyr.a(banner.c.obj)
                              (--whole-archive)
zephyr/libzephyr.a(flash_map_partition_manager.c.obj)
                              (--whole-archive)
zephyr/arch/common/libarch__common.a(sw_isr_common.c.obj)
                              (--whole-archive)
zephyr/arch/arch/arm/core/libarch__arm__core.a(fatal.c.obj)
                              (--whole-archive)
zephyr/arch/arch/arm/core/libarch__arm__core.a(nmi.c.obj)
                              (--whole-archive)
zephyr/arch/arch/arm/core/libarch__arm__core.a(nmi_on_reset.S.obj)
                              (--whole-archive)
zephyr/arch/arch/arm/core/libarch__arm__core.a(tls.c.obj)
                              (--whole-archive)
zephyr/arch/arch/arm/core/cortex_m/libarch__arm__core__cortex_m.a(exc_exit.c.obj)
                              (--whole-archive)
zephyr/arch/arch/arm/core/cortex_m/libarch__arm__core__cortex_m.a(fault.c.obj)
                              (--whole-archive)
zephyr/arch/arch/arm/core/cortex_m/libarch__arm__core__cortex_m.a(fault_s.S.obj)
                              (--whole-archive)
zephyr/arch/arch/arm/core/cortex_m/libarch__arm__core__cortex_m.a(fpu.c.obj)
                              (--whole-archive)
zephyr/arch/arch/arm/core/cortex_m/libarch__arm__core__cortex_m.a(reset.S.obj)
                              (--whole-archive)
zephyr/arch/arch/arm/core/cortex_m/libarch__arm__core__cortex_m.a(scb.c.obj)
                              (--whole-archive)
zephyr/arch/arch/arm/core/cortex_m/libarch__arm__core__cortex_m.a(thread_abort.c.obj)
                              (--whole-archive)
zephyr/arch/arch/arm/core/cortex_m/libarch__arm__core__cortex_m.a(vector_table.S.obj)
                              (--whole-archive)
zephyr/arch/arch/arm/core/cortex_m/libarch__arm__core__cortex_m.a(swap_helper.S.obj)
                              (--whole-archive)
zephyr/arch/arch/arm/core/cortex_m/libarch__arm__core__cortex_m.a(irq_manage.c.obj)
                              (--whole-archive)
zephyr/arch/arch/arm/core/cortex_m/libarch__arm__core__cortex_m.a(prep_c.c.obj)
                              (--whole-archive)
zephyr/arch/arch/arm/core/cortex_m/libarch__arm__core__cortex_m.a(thread.c.obj)
                              (--whole-archive)
zephyr/arch/arch/arm/core/cortex_m/libarch__arm__core__cortex_m.a(cpu_idle.c.obj)
                              (--whole-archive)
zephyr/arch/arch/arm/core/cortex_m/libarch__arm__core__cortex_m.a(irq_init.c.obj)
                              (--whole-archive)
zephyr/arch/arch/arm/core/cortex_m/libarch__arm__core__cortex_m.a(isr_wrapper.c.obj)
                              (--whole-archive)
zephyr/arch/arch/arm/core/cortex_m/libarch__arm__core__cortex_m.a(__aeabi_read_tp.S.obj)
                              (--whole-archive)
zephyr/arch/arch/arm/core/cortex_m/cmse/libarch__arm__core__cortex_m__cmse.a(arm_core_cmse.c.obj)
                              (--whole-archive)
zephyr/arch/arch/arm/core/mpu/libarch__arm__core__mpu.a(arm_core_mpu.c.obj)
                              (--whole-archive)
zephyr/arch/arch/arm/core/mpu/libarch__arm__core__mpu.a(arm_mpu.c.obj)
[...]
Memory Configuration

Name             Origin             Length             Attributes
FLASH            0x0000000000000000 0x0000000000165000 xr
RAM              0x0000000020000000 0x000000000002f000 xw
IDT_LIST         0x00000000ffff7fff 0x0000000000008000 xw
*default*        0x0000000000000000 0xffffffffffffffff

Linker script and memory map

                0x00000000000064d4                vfprintf = __l_vfprintf
                0x0000000000000000                vfscanf = __l_vfscanf
LOAD zephyr/CMakeFiles/zephyr_final.dir/misc/empty_file.c.obj
LOAD zephyr/CMakeFiles/zephyr_final.dir/isr_tables.c.obj
LOAD zephyr/CMakeFiles/offsets.dir/./arch/arm/core/offsets/offsets.c.obj
LOAD app/libapp.a
LOAD zephyr/libzephyr.a
LOAD zephyr/arch/common/libarch__common.a
LOAD zephyr/arch/arch/arm/core/libarch__arm__core.a
LOAD zephyr/arch/arch/arm/core/cortex_m/libarch__arm__core__cortex_m.a
LOAD zephyr/arch/arch/arm/core/cortex_m/cmse/libarch__arm__core__cortex_m__cmse.a
LOAD zephyr/arch/arch/arm/core/mpu/libarch__arm__core__mpu.a
LOAD zephyr/lib/libc/picolibc/liblib__libc__picolibc.a
LOAD zephyr/lib/libc/common/liblib__libc__common.a
LOAD zephyr/soc/soc/nrf54l15/libsoc__nordic.a
LOAD zephyr/drivers/adc/libdrivers__adc.a
LOAD zephyr/drivers/cache/libdrivers__cache.a
LOAD zephyr/drivers/clock_control/libdrivers__clock_control.a
LOAD zephyr/drivers/console/libdrivers__console.a
LOAD zephyr/drivers/gpio/libdrivers__gpio.a
LOAD zephyr/drivers/pinctrl/libdrivers__pinctrl.a
LOAD zephyr/drivers/regulator/libdrivers__regulator.a
LOAD zephyr/drivers/serial/libdrivers__serial.a
LOAD zephyr/drivers/timer/libdrivers__timer.a
LOAD modules/nrf/subsys/nrf_security/src/zephyr/libmbedtls_zephyr.a
LOAD modules/hal_nordic/modules/hal_nordic/nrfx/libmodules__hal_nordic__nrfx.a
LOAD zephyr/kernel/libkernel.a
LOAD modules/nrf/subsys/nrf_security/src/libmbedcrypto.a
LOAD modules/nrf/subsys/nrf_security/src/core/nrf_oberon/libpsa_core.a
LOAD modules/nrf/subsys/nrf_security/src/drivers/cracen/libcracen_psa_driver.a
LOAD modules/nrf/subsys/nrf_security/src/libmbedcrypto_base.a
LOAD modules/nrf/subsys/nrf_security/src/libnrf_security_utils.a
LOAD zephyr/kernel/libkernel.a
LOAD zephyr/arch/common/libisr_tables.a
LOAD c:\ncs\toolchains\b8b84efebd\opt\zephyr-sdk\arm-zephyr-eabi\bin\../lib/gcc/../../picolibc/arm-zephyr-eabi/lib/thumb/v8-m.main/nofp\libc.a
LOAD c:/ncs/toolchains/b8b84efebd/opt/zephyr-sdk/arm-zephyr-eabi/bin/../lib/gcc/arm-zephyr-eabi/12.2.0/thumb/v8-m.main/nofp\libgcc.a
                0x0000000000000020                _region_min_align = 0x20

.rel.plt        0x0000000000000000        0x0
 *(SORT_BY_ALIGNMENT(.rel.plt))
                [!provide]                        PROVIDE (__rel_iplt_start = .)
 *(SORT_BY_ALIGNMENT(.rel.iplt))
 .rel.iplt      0x0000000000000000        0x0 zephyr/CMakeFiles/zephyr_final.dir/isr_tables.c.obj
                [!provide]                        PROVIDE (__rel_iplt_end = .)

.rela.plt       0x0000000000000000        0x0
 *(SORT_BY_ALIGNMENT(.rela.plt))
                [!provide]                        PROVIDE (__rela_iplt_start = .)
 *(SORT_BY_ALIGNMENT(.rela.iplt))
                [!provide]                        PROVIDE (__rela_iplt_end = .)

.rel.dyn
 *(SORT_BY_ALIGNMENT(.rel.*))

.rela.dyn
 *(SORT_BY_ALIGNMENT(.rela.*))

/DISCARD/
 *(SORT_BY_ALIGNMENT(.plt))

/DISCARD/
 *(SORT_BY_ALIGNMENT(.iplt))
                0x0000000000000000                __rom_region_start = 0x0

rom_start       0x0000000000000000      0x47c
                0x0000000000000000                __rom_start_address = .
 FILL mask 0x00
                0x0000000000000000                . = (. + (0x0 - (. - __rom_start_address)))
                0x0000000000000000                . = ALIGN (0x4)
                0x0000000000000000                . = ALIGN (0x80)
                0x0000000000000000                . = ALIGN (0x800)
                0x0000000000000000                _vector_start = .
 *(SORT_BY_ALIGNMENT(.exc_vector_table))
 *(SORT_BY_ALIGNMENT(.exc_vector_table.*))
 .exc_vector_table._vector_table_section
                0x0000000000000000       0x40 zephyr/arch/arch/arm/core/cortex_m/libarch__arm__core__cortex_m.a(vector_table.S.obj)
                0x0000000000000000                _vector_table
 *(SORT_BY_ALIGNMENT(.vectors))
                0x000000000000047c                _vector_end = .
                0x0000000000000040                . = ALIGN (0x4)
 *(SORT_BY_ALIGNMENT(.gnu.linkonce.irq_vector_table*))
 .gnu.linkonce.irq_vector_table
                0x0000000000000040      0x43c zephyr/CMakeFiles/zephyr_final.dir/isr_tables.c.obj
                0x0000000000000040                _irq_vector_table
                0x000000000000047c                _vector_end = .

text            0x000000000000047c     0x7c6c
                0x000000000000047c                __text_region_start = .
 *(SORT_BY_ALIGNMENT(.text))
 .text          0x000000000000047c       0x30 c:/ncs/toolchains/b8b84efebd/opt/zephyr-sdk/arm-zephyr-eabi/bin/../lib/gcc/arm-zephyr-eabi/12.2.0/thumb/v8-m.main/nofp\libgcc.a(_aeabi_uldivmod.o)
                0x000000000000047c                __aeabi_uldivmod
 .text          0x00000000000004ac        0x4 c:/ncs/toolchains/b8b84efebd/opt/zephyr-sdk/arm-zephyr-eabi/bin/../lib/gcc/arm-zephyr-eabi/12.2.0/thumb/v8-m.main/nofp\libgcc.a(_dvmd_tls.o)
                0x00000000000004ac                __aeabi_idiv0
                0x00000000000004ac                __aeabi_ldiv0
 .text          0x00000000000004b0      0x29c c:/ncs/toolchains/b8b84efebd/opt/zephyr-sdk/arm-zephyr-eabi/bin/../lib/gcc/arm-zephyr-eabi/12.2.0/thumb/v8-m.main/nofp\libgcc.a(_udivmoddi4.o)
                0x00000000000004b0                __udivmoddi4
 *(SORT_BY_ALIGNMENT(.text.*))
 .text.main     0x000000000000074c       0xc4 app/libapp.a(main.c.obj)
                0x000000000000074c                main
 .text.char_out
                0x0000000000000810        0xc zephyr/libzephyr.a(printk.c.obj)
 .text.__printk_hook_install
                0x000000000000081c        0xc zephyr/libzephyr.a(printk.c.obj)
                0x000000000000081c                __printk_hook_install
 .text.vprintk  0x0000000000000828       0x30 zephyr/libzephyr.a(printk.c.obj)
                0x0000000000000828                vprintk
 .text.z_thread_entry
                0x0000000000000858       0x34 zephyr/libzephyr.a(thread_entry.c.obj)
                0x0000000000000858                z_thread_entry
 .text.process_event
                0x000000000000088c      0x21c zephyr/libzephyr.a(onoff.c.obj)
 .text.mem_attr_get_regions
                0x0000000000000aa8        0xc zephyr/libzephyr.a(mem_attr.c.obj)
                0x0000000000000aa8                mem_attr_get_regions
 .text.boot_banner
                0x0000000000000ab4       0x1c zephyr/libzephyr.a(banner.c.obj)
                0x0000000000000ab4                boot_banner
 .text.z_SysNmiOnReset
                0x0000000000000ad0        0x8 zephyr/arch/arch/arm/core/libarch__arm__core.a(nmi_on_reset.S.obj)
                0x0000000000000ad0                z_SysNmiOnReset
 .text.arch_tls_stack_setup
                0x0000000000000ad8       0x40 zephyr/arch/arch/arm/core/libarch__arm__core.a(tls.c.obj)
                0x0000000000000ad8                arch_tls_stack_setup
 .text._HandlerModeExit
                0x0000000000000b18       0x20 zephyr/arch/arch/arm/core/cortex_m/libarch__arm__core__cortex_m.a(exc_exit.c.obj)
                0x0000000000000b18                z_arm_int_exit
                0x0000000000000b18                z_arm_exc_exit
 .text.usage_fault.constprop.0
                0x0000000000000b38       0x5c zephyr/arch/arch/arm/core/cortex_m/libarch__arm__core__cortex_m.a(fault.c.obj)
 .text.bus_fault.constprop.0
                0x0000000000000b94       0x6c zephyr/arch/arch/arm/core/cortex_m/libarch__arm__core__cortex_m.a(fault.c.obj)
 .text.mem_manage_fault.constprop.0
                0x0000000000000c00       0x78 zephyr/arch/arch/arm/core/cortex_m/libarch__arm__core__cortex_m.a(fault.c.obj)
 .text.z_arm_fault
                0x0000000000000c78      0x124 zephyr/arch/arch/arm/core/cortex_m/libarch__arm__core__cortex_m.a(fault.c.obj)
                0x0000000000000c78                z_arm_fault
 .text.z_arm_fault_init
                0x0000000000000d9c       0x20 zephyr/arch/arch/arm/core/cortex_m/libarch__arm__core__cortex_m.a(fault.c.obj)
                0x0000000000000d9c                z_arm_fault_init
 .text.__fault  0x0000000000000dbc       0x14 zephyr/arch/arch/arm/core/cortex_m/libarch__arm__core__cortex_m.a(fault_s.S.obj)
                0x0000000000000dbc                z_arm_usage_fault
                0x0000000000000dbc                z_arm_mpu_fault
                0x0000000000000dbc                z_arm_exc_spurious
                0x0000000000000dbc                z_arm_debug_monitor
                0x0000000000000dbc                z_arm_hard_fault
                0x0000000000000dbc                z_arm_bus_fault
 .text._reset_section
                0x0000000000000dd0       0x60 zephyr/arch/arch/arm/core/cortex_m/libarch__arm__core__cortex_m.a(reset.S.obj)
                0x0000000000000dd0                __start
                0x0000000000000dd0                z_arm_reset
 .text.z_arm_clear_arm_mpu_config
                0x0000000000000e30       0x24 zephyr/arch/arch/arm/core/cortex_m/libarch__arm__core__cortex_m.a(scb.c.obj)
                0x0000000000000e30                z_arm_clear_arm_mpu_config
 .text.z_arm_init_arch_hw_at_boot
                0x0000000000000e54       0x4c zephyr/arch/arch/arm/core/cortex_m/libarch__arm__core__cortex_m.a(scb.c.obj)
                0x0000000000000e54                z_arm_init_arch_hw_at_boot
 .text.z_impl_k_thread_abort
                0x0000000000000ea0       0x2c zephyr/arch/arch/arm/core/cortex_m/libarch__arm__core__cortex_m.a(thread_abort.c.obj)
                0x0000000000000ea0                z_impl_k_thread_abort
 .text.z_arm_pendsv
                0x0000000000000ecc       0x68 zephyr/arch/arch/arm/core/cortex_m/libarch__arm__core__cortex_m.a(swap_helper.S.obj)
                0x0000000000000ecc                z_arm_pendsv
 .text.z_arm_svc
                0x0000000000000f34       0x24 zephyr/arch/arch/arm/core/cortex_m/libarch__arm__core__cortex_m.a(swap_helper.S.obj)
                0x0000000000000f34                z_arm_svc
 .text.arm_irq_enable
                0x0000000000000f58       0x1c zephyr/arch/arch/arm/core/cortex_m/libarch__arm__core__cortex_m.a(irq_manage.c.obj)
                0x0000000000000f58                arm_irq_enable
 .text.arm_irq_disable
                0x0000000000000f74       0x28 zephyr/arch/arch/arm/core/cortex_m/libarch__arm__core__cortex_m.a(irq_manage.c.obj)
                0x0000000000000f74                arm_irq_disable
 .text.arm_irq_is_enabled
                0x0000000000000f9c       0x1c zephyr/arch/arch/arm/core/cortex_m/libarch__arm__core__cortex_m.a(irq_manage.c.obj)
                0x0000000000000f9c                arm_irq_is_enabled
 .text.arm_irq_priority_set
                0x0000000000000fb8       0x2c zephyr/arch/arch/arm/core/cortex_m/libarch__arm__core__cortex_m.a(irq_manage.c.obj)
                0x0000000000000fb8                arm_irq_priority_set
 .text.relocate_vector_table
                0x0000000000000fe4       0x1c zephyr/arch/arch/arm/core/cortex_m/libarch__arm__core__cortex_m.a(prep_c.c.obj)
                0x0000000000000fe4                relocate_vector_table
 .text.z_prep_c
                0x0000000000001000       0x28 zephyr/arch/arch/arm/core/cortex_m/libarch__arm__core__cortex_m.a(prep_c.c.obj)
                0x0000000000001000                z_prep_c
 .text.arch_new_thread
                0x0000000000001028       0x38 zephyr/arch/arch/arm/core/cortex_m/libarch__arm__core__cortex_m.a(thread.c.obj)
                0x0000000000001028                arch_new_thread
 .text.arch_switch_to_main_thread
                0x0000000000001060       0x40 zephyr/arch/arch/arm/core/cortex_m/libarch__arm__core__cortex_m.a(thread.c.obj)
                0x0000000000001060                arch_switch_to_main_thread
 .text.z_arm_cpu_idle_init
                0x00000000000010a0        0xc zephyr/arch/arch/arm/core/cortex_m/libarch__arm__core__cortex_m.a(cpu_idle.c.obj)
                0x00000000000010a0                z_arm_cpu_idle_init
 .text.z_arm_interrupt_init
                0x00000000000010ac       0x20 zephyr/arch/arch/arm/core/cortex_m/libarch__arm__core__cortex_m.a(irq_init.c.obj)
                0x00000000000010ac                z_arm_interrupt_init
 .text._isr_wrapper
                0x00000000000010cc       0x24 zephyr/arch/arch/arm/core/cortex_m/libarch__arm__core__cortex_m.a(isr_wrapper.c.obj)
                0x00000000000010cc                _isr_wrapper
 .text.z_arm_configure_static_mpu_regions
                0x00000000000010f0       0x38 zephyr/arch/arch/arm/core/mpu/libarch__arm__core__mpu.a(arm_core_mpu.c.obj)
                0x00000000000010f0                z_arm_configure_static_mpu_regions
 .text.region_init
                0x0000000000001128       0x34 zephyr/arch/arch/arm/core/mpu/libarch__arm__core__mpu.a(arm_mpu.c.obj)
 .text.region_allocate_and_init
                0x000000000000115c       0x24 zephyr/arch/arch/arm/core/mpu/libarch__arm__core__mpu.a(arm_mpu.c.obj)
 .text.mpu_configure_regions_and_partition.constprop.0
                0x0000000000001180      0x148 zephyr/arch/arch/arm/core/mpu/libarch__arm__core__mpu.a(arm_mpu.c.obj)
 .text.arm_core_mpu_enable
                0x00000000000012c8       0x18 zephyr/arch/arch/arm/core/mpu/libarch__arm__core__mpu.a(arm_mpu.c.obj)
                0x00000000000012c8                arm_core_mpu_enable
 .text.arm_core_mpu_disable
                0x00000000000012e0       0x14 zephyr/arch/arch/arm/core/mpu/libarch__arm__core__mpu.a(arm_mpu.c.obj)
                0x00000000000012e0                arm_core_mpu_disable
 .text.arm_core_mpu_configure_static_mpu_regions
                0x00000000000012f4       0x14 zephyr/arch/arch/arm/core/mpu/libarch__arm__core__mpu.a(arm_mpu.c.obj)
                0x00000000000012f4                arm_core_mpu_configure_static_mpu_regions
 .text.arm_core_mpu_mark_areas_for_dynamic_regions
                0x0000000000001308       0xb8 zephyr/arch/arch/arm/core/mpu/libarch__arm__core__mpu.a(arm_mpu.c.obj)
                0x0000000000001308                arm_core_mpu_mark_areas_for_dynamic_regions
 .text.z_arm_mpu_init
                0x00000000000013c0      0x11c zephyr/arch/arch/arm/core/mpu/libarch__arm__core__mpu.a(arm_mpu.c.obj)
                0x00000000000013c0                z_arm_mpu_init
 .text.z_impl_zephyr_fputc
                0x00000000000014dc       0x10 zephyr/lib/libc/picolibc/liblib__libc__picolibc.a(stdio.c.obj)
                0x00000000000014dc                z_impl_zephyr_fputc
 .text.__stdout_hook_install
                0x00000000000014ec       0x18 zephyr/lib/libc/picolibc/liblib__libc__picolibc.a(stdio.c.obj)
                0x00000000000014ec                __stdout_hook_install
 .text.malloc_prepare
                0x0000000000001504       0x24 zephyr/lib/libc/common/liblib__libc__common.a(malloc.c.obj)
 .text.nordicsemi_nrf54l_init
                0x0000000000001528       0xa4 zephyr/soc/soc/nrf54l15/libsoc__nordic.a(soc.c.obj)
                0x0000000000001528                nordicsemi_nrf54l_init
 .text.arch_busy_wait
                0x00000000000015cc       0x24 zephyr/soc/soc/nrf54l15/libsoc__nordic.a(soc.c.obj)
                0x00000000000015cc                arch_busy_wait
 .text.adc_gain_invert
                0x00000000000015f0       0x2c zephyr/drivers/adc/libdrivers__adc.a(adc_common.c.obj)
                0x00000000000015f0                adc_gain_invert
 .text.adc_nrfx_channel_setup
                0x000000000000161c      0x12c zephyr/drivers/adc/libdrivers__adc.a(adc_nrfx_saadc.c.obj)
 .text.init_saadc
                0x0000000000001748       0x48 zephyr/drivers/adc/libdrivers__adc.a(adc_nrfx_saadc.c.obj)
 .text.adc_context_complete.constprop.0
                0x0000000000001790       0x34 zephyr/drivers/adc/libdrivers__adc.a(adc_nrfx_saadc.c.obj)
 .text.adc_context_start_sampling.constprop.0
                0x00000000000017c4       0x38 zephyr/drivers/adc/libdrivers__adc.a(adc_nrfx_saadc.c.obj)
 .text.adc_context_on_timer_expired
                0x00000000000017fc       0x24 zephyr/drivers/adc/libdrivers__adc.a(adc_nrfx_saadc.c.obj)
 .text.start_read.constprop.0
                0x0000000000001820      0x1cc zephyr/drivers/adc/libdrivers__adc.a(adc_nrfx_saadc.c.obj)
 .text.adc_nrfx_read_async
                0x00000000000019ec       0x40 zephyr/drivers/adc/libdrivers__adc.a(adc_nrfx_saadc.c.obj)
 .text.event_handler
                0x0000000000001a2c      0x14c zephyr/drivers/adc/libdrivers__adc.a(adc_nrfx_saadc.c.obj)
 .text.adc_nrfx_read
                0x0000000000001b78       0x40 zephyr/drivers/adc/libdrivers__adc.a(adc_nrfx_saadc.c.obj)
 .text.cache_instr_enable
                0x0000000000001bb8       0x10 zephyr/drivers/cache/libdrivers__cache.a(cache_nrf.c.obj)
                0x0000000000001bb8                cache_instr_enable
 .text.onoff_stop
                0x0000000000001bc8       0x30 zephyr/drivers/clock_control/libdrivers__clock_control.a(clock_control_nrf.c.obj)
 .text.onoff_start
                0x0000000000001bf8       0x44 zephyr/drivers/clock_control/libdrivers__clock_control.a(clock_control_nrf.c.obj)
 .text.generic_hfclk_stop
                0x0000000000001c3c       0x34 zephyr/drivers/clock_control/libdrivers__clock_control.a(clock_control_nrf.c.obj)
 .text.clk_init
                0x0000000000001c70       0x5c zephyr/drivers/clock_control/libdrivers__clock_control.a(clock_control_nrf.c.obj)
 .text.api_blocking_start
                0x0000000000001ccc       0x3c zephyr/drivers/clock_control/libdrivers__clock_control.a(clock_control_nrf.c.obj)
 .text.clkstarted_handle.constprop.0
                0x0000000000001d08       0x4c zephyr/drivers/clock_control/libdrivers__clock_control.a(clock_control_nrf.c.obj)
 .text.generic_hfclk_start
                0x0000000000001d54       0x78 zephyr/drivers/clock_control/libdrivers__clock_control.a(clock_control_nrf.c.obj)
 .text.z_nrf_clock_control_lf_on
                0x0000000000001dcc       0xf4 zephyr/drivers/clock_control/libdrivers__clock_control.a(clock_control_nrf.c.obj)
                0x0000000000001dcc                z_nrf_clock_control_lf_on
 .text.uart_console_init
                0x0000000000001ec0       0x28 zephyr/drivers/console/libdrivers__console.a(uart_console.c.obj)
 .text.console_out
                0x0000000000001ee8       0x28 zephyr/drivers/console/libdrivers__console.a(uart_console.c.obj)
 .text.gpio_nrfx_init
                0x0000000000001f10       0x64 zephyr/drivers/gpio/libdrivers__gpio.a(gpio_nrfx.c.obj)
 .text.gpio_nrfx_pin_configure
                0x0000000000001f74      0x188 zephyr/drivers/gpio/libdrivers__gpio.a(gpio_nrfx.c.obj)
 .text.nrfx_gpio_handler
                0x00000000000020fc       0x58 zephyr/drivers/gpio/libdrivers__gpio.a(gpio_nrfx.c.obj)
 .text.gpio_nrfx_pin_interrupt_configure
                0x0000000000002154      0x11c zephyr/drivers/gpio/libdrivers__gpio.a(gpio_nrfx.c.obj)
 .text.gpio_hogs_init
                0x0000000000002270       0x34 zephyr/drivers/gpio/libdrivers__gpio.a(gpio_hogs.c.obj)
 .text.nrf_gpio_pin_port_decode
                0x00000000000022a4       0x20 zephyr/drivers/pinctrl/libdrivers__pinctrl.a(pinctrl_nrf.c.obj)
 .text.pinctrl_configure_pins
                0x00000000000022c4      0x1a8 zephyr/drivers/pinctrl/libdrivers__pinctrl.a(pinctrl_nrf.c.obj)
                0x00000000000022c4                pinctrl_configure_pins
 .text.uarte_instance_init.constprop.0
                0x000000000000246c       0x7c zephyr/drivers/serial/libdrivers__serial.a(uart_nrfx_uarte.c.obj)
 .text.uarte_nrfx_poll_out
                0x00000000000024e8       0xc4 zephyr/drivers/serial/libdrivers__serial.a(uart_nrfx_uarte.c.obj)
 .text.sys_clock_timeout_handler
                0x00000000000025ac       0x40 zephyr/drivers/timer/libdrivers__timer.a(nrf_grtc_timer.c.obj)
 .text.sys_clock_driver_init
                0x00000000000025ec       0x88 zephyr/drivers/timer/libdrivers__timer.a(nrf_grtc_timer.c.obj)
 .text.sys_clock_elapsed
                0x0000000000002674       0x20 zephyr/drivers/timer/libdrivers__timer.a(nrf_grtc_timer.c.obj)
                0x0000000000002674                sys_clock_elapsed
 .text.sys_clock_set_timeout
                0x0000000000002694       0x50 zephyr/drivers/timer/libdrivers__timer.a(nrf_grtc_timer.c.obj)
                0x0000000000002694                sys_clock_set_timeout
 .text.nrf54l_errata_31
                0x00000000000026e4       0x20 modules/hal_nordic/modules/hal_nordic/nrfx/libmodules__hal_nordic__nrfx.a(system_nrf54l.c.obj)
 .text.nrf54l_handle_approtect_signal
                0x0000000000002704       0x34 modules/hal_nordic/modules/hal_nordic/nrfx/libmodules__hal_nordic__nrfx.a(system_nrf54l.c.obj)
 .text.SystemInit
                0x0000000000002738      0x12c modules/hal_nordic/modules/hal_nordic/nrfx/libmodules__hal_nordic__nrfx.a(system_nrf54l.c.obj)
                0x0000000000002738                SystemInit
 .text.nrfx_flag32_alloc
                0x0000000000002864       0x40 modules/hal_nordic/modules/hal_nordic/nrfx/libmodules__hal_nordic__nrfx.a(nrfx_flag32_allocator.c.obj)
                0x0000000000002864                nrfx_flag32_alloc
 .text.nrfx_flag32_free
                0x00000000000028a4       0x38 modules/hal_nordic/modules/hal_nordic/nrfx/libmodules__hal_nordic__nrfx.a(nrfx_flag32_allocator.c.obj)
                0x00000000000028a4                nrfx_flag32_free
 .text.clock_stop
                0x00000000000028dc       0xe8 modules/hal_nordic/modules/hal_nordic/nrfx/libmodules__hal_nordic__nrfx.a(nrfx_clock.c.obj)
 .text.nrfx_clock_init
                0x00000000000029c4       0x20 modules/hal_nordic/modules/hal_nordic/nrfx/libmodules__hal_nordic__nrfx.a(nrfx_clock.c.obj)
                0x00000000000029c4                nrfx_clock_init
 .text.nrfx_clock_enable
                0x00000000000029e4       0x38 modules/hal_nordic/modules/hal_nordic/nrfx/libmodules__hal_nordic__nrfx.a(nrfx_clock.c.obj)
                0x00000000000029e4                nrfx_clock_enable
 .text.nrfx_clock_start
                0x0000000000002a1c       0xe0 modules/hal_nordic/modules/hal_nordic/nrfx/libmodules__hal_nordic__nrfx.a(nrfx_clock.c.obj)
                0x0000000000002a1c                nrfx_clock_start
 .text.nrfx_clock_irq_handler
                0x0000000000002afc       0x88 modules/hal_nordic/modules/hal_nordic/nrfx/libmodules__hal_nordic__nrfx.a(nrfx_clock.c.obj)
                0x0000000000002afc                nrfx_clock_irq_handler
 .text.nrf_gpio_pin_port_decode
                0x0000000000002b84       0x20 modules/hal_nordic/modules/hal_nordic/nrfx/libmodules__hal_nordic__nrfx.a(nrfx_gpiote.c.obj)
 .text.get_pin_idx
                0x0000000000002ba4       0x14 modules/hal_nordic/modules/hal_nordic/nrfx/libmodules__hal_nordic__nrfx.a(nrfx_gpiote.c.obj)
 .text.release_handler
                0x0000000000002bb8       0x74 modules/hal_nordic/modules/hal_nordic/nrfx/libmodules__hal_nordic__nrfx.a(nrfx_gpiote.c.obj)
 .text.latch_pending_read_and_check
                0x0000000000002c2c       0x58 modules/hal_nordic/modules/hal_nordic/nrfx/libmodules__hal_nordic__nrfx.a(nrfx_gpiote.c.obj)
 .text.pin_te_get.isra.0
                0x0000000000002c84       0x20 modules/hal_nordic/modules/hal_nordic/nrfx/libmodules__hal_nordic__nrfx.a(nrfx_gpiote.c.obj)
 .text.pin_is_output.isra.0
                0x0000000000002ca4       0x24 modules/hal_nordic/modules/hal_nordic/nrfx/libmodules__hal_nordic__nrfx.a(nrfx_gpiote.c.obj)
 .text.pin_in_use_by_te.isra.0
                0x0000000000002cc8       0x24 modules/hal_nordic/modules/hal_nordic/nrfx/libmodules__hal_nordic__nrfx.a(nrfx_gpiote.c.obj)
 .text.irq_handler
                0x0000000000002cec      0x1d4 modules/hal_nordic/modules/hal_nordic/nrfx/libmodules__hal_nordic__nrfx.a(nrfx_gpiote.c.obj)
 .text.pin_uninit
                0x0000000000002ec0       0xa4 modules/hal_nordic/modules/hal_nordic/nrfx/libmodules__hal_nordic__nrfx.a(nrfx_gpiote.c.obj)
 .text.nrfx_gpiote_input_configure
                0x0000000000002f64      0x1d8 modules/hal_nordic/modules/hal_nordic/nrfx/libmodules__hal_nordic__nrfx.a(nrfx_gpiote.c.obj)
                0x0000000000002f64                nrfx_gpiote_input_configure
 .text.nrfx_gpiote_output_configure
                0x000000000000313c      0x128 modules/hal_nordic/modules/hal_nordic/nrfx/libmodules__hal_nordic__nrfx.a(nrfx_gpiote.c.obj)
                0x000000000000313c                nrfx_gpiote_output_configure
 .text.nrfx_gpiote_global_callback_set
                0x0000000000003264       0x1c modules/hal_nordic/modules/hal_nordic/nrfx/libmodules__hal_nordic__nrfx.a(nrfx_gpiote.c.obj)
                0x0000000000003264                nrfx_gpiote_global_callback_set
 .text.nrfx_gpiote_channel_get
                0x0000000000003280       0x3c modules/hal_nordic/modules/hal_nordic/nrfx/libmodules__hal_nordic__nrfx.a(nrfx_gpiote.c.obj)
                0x0000000000003280                nrfx_gpiote_channel_get
 .text.nrfx_gpiote_init
                0x00000000000032bc       0x80 modules/hal_nordic/modules/hal_nordic/nrfx/libmodules__hal_nordic__nrfx.a(nrfx_gpiote.c.obj)
                0x00000000000032bc                nrfx_gpiote_init
 .text.nrfx_gpiote_init_check
                0x000000000000333c       0x1c modules/hal_nordic/modules/hal_nordic/nrfx/libmodules__hal_nordic__nrfx.a(nrfx_gpiote.c.obj)
                0x000000000000333c                nrfx_gpiote_init_check
 .text.nrfx_gpiote_channel_free
                0x0000000000003358       0x10 modules/hal_nordic/modules/hal_nordic/nrfx/libmodules__hal_nordic__nrfx.a(nrfx_gpiote.c.obj)
                0x0000000000003358                nrfx_gpiote_channel_free
 .text.nrfx_gpiote_channel_alloc
                0x0000000000003368       0x10 modules/hal_nordic/modules/hal_nordic/nrfx/libmodules__hal_nordic__nrfx.a(nrfx_gpiote.c.obj)
                0x0000000000003368                nrfx_gpiote_channel_alloc
 .text.nrfx_gpiote_trigger_enable
                0x0000000000003378       0xb8 modules/hal_nordic/modules/hal_nordic/nrfx/libmodules__hal_nordic__nrfx.a(nrfx_gpiote.c.obj)
                0x0000000000003378                nrfx_gpiote_trigger_enable
 .text.nrfx_gpiote_20_irq_handler
                0x0000000000003430       0x10 modules/hal_nordic/modules/hal_nordic/nrfx/libmodules__hal_nordic__nrfx.a(nrfx_gpiote.c.obj)
                0x0000000000003430                nrfx_gpiote_20_irq_handler
 .text.nrfx_gpiote_30_irq_handler
                0x0000000000003440       0x10 modules/hal_nordic/modules/hal_nordic/nrfx/libmodules__hal_nordic__nrfx.a(nrfx_gpiote.c.obj)
                0x0000000000003440                nrfx_gpiote_30_irq_handler
 .text.cc_channel_prepare
                0x0000000000003450       0x40 modules/hal_nordic/modules/hal_nordic/nrfx/libmodules__hal_nordic__nrfx.a(nrfx_grtc.c.obj)
 .text.sleep_configure
                0x0000000000003490       0x24 modules/hal_nordic/modules/hal_nordic/nrfx/libmodules__hal_nordic__nrfx.a(nrfx_grtc.c.obj)
 .text.syscounter_check
                0x00000000000034b4       0x38 modules/hal_nordic/modules/hal_nordic/nrfx/libmodules__hal_nordic__nrfx.a(nrfx_grtc.c.obj)
 .text.nrfx_grtc_syscounter_get
                0x00000000000034ec       0x48 modules/hal_nordic/modules/hal_nordic/nrfx/libmodules__hal_nordic__nrfx.a(nrfx_grtc.c.obj)
                0x00000000000034ec                nrfx_grtc_syscounter_get
 .text.nrfx_grtc_init
                0x0000000000003534      0x120 modules/hal_nordic/modules/hal_nordic/nrfx/libmodules__hal_nordic__nrfx.a(nrfx_grtc.c.obj)
                0x0000000000003534                nrfx_grtc_init
 .text.nrfx_grtc_syscounter_start
                0x0000000000003654       0xc8 modules/hal_nordic/modules/hal_nordic/nrfx/libmodules__hal_nordic__nrfx.a(nrfx_grtc.c.obj)
                0x0000000000003654                nrfx_grtc_syscounter_start
 .text.nrfx_grtc_syscounter_cc_absolute_set
                0x000000000000371c       0x98 modules/hal_nordic/modules/hal_nordic/nrfx/libmodules__hal_nordic__nrfx.a(nrfx_grtc.c.obj)
                0x000000000000371c                nrfx_grtc_syscounter_cc_absolute_set
 .text.nrfx_grtc_irq_handler
                0x00000000000037b4       0xb0 modules/hal_nordic/modules/hal_nordic/nrfx/libmodules__hal_nordic__nrfx.a(nrfx_grtc.c.obj)
                0x00000000000037b4                nrfx_grtc_irq_handler
 .text.nrfx_power_irq_handler
                0x0000000000003864       0x70 modules/hal_nordic/modules/hal_nordic/nrfx/libmodules__hal_nordic__nrfx.a(nrfx_power.c.obj)
                0x0000000000003864                nrfx_power_irq_handler
 .text.__nrfy_internal_rramc_config_set.constprop.0.isra.0
                0x00000000000038d4       0x18 modules/hal_nordic/modules/hal_nordic/nrfx/libmodules__hal_nordic__nrfx.a(nrfx_rramc.c.obj)
 .text.saadc_channel_count_get
                0x00000000000038ec       0x38 modules/hal_nordic/modules/hal_nordic/nrfx/libmodules__hal_nordic__nrfx.a(nrfx_saadc.c.obj)
 .text.saadc_busy_check
                0x0000000000003924       0x1c modules/hal_nordic/modules/hal_nordic/nrfx/libmodules__hal_nordic__nrfx.a(nrfx_saadc.c.obj)
 .text.saadc_pre_calibration_state_restore
                0x0000000000003940       0x64 modules/hal_nordic/modules/hal_nordic/nrfx/libmodules__hal_nordic__nrfx.a(nrfx_saadc.c.obj)
 .text.saadc_channels_deconfig
                0x00000000000039a4       0x44 modules/hal_nordic/modules/hal_nordic/nrfx/libmodules__hal_nordic__nrfx.a(nrfx_saadc.c.obj)
 .text.__nrfy_internal_saadc_events_process.constprop.0
                0x00000000000039e8       0x8c modules/hal_nordic/modules/hal_nordic/nrfx/libmodules__hal_nordic__nrfx.a(nrfx_saadc.c.obj)
 .text.saadc_channel_config
                0x0000000000003a74       0x78 modules/hal_nordic/modules/hal_nordic/nrfx/libmodules__hal_nordic__nrfx.a(nrfx_saadc.c.obj)
 .text.saadc_generic_mode_set
                0x0000000000003aec       0xd4 modules/hal_nordic/modules/hal_nordic/nrfx/libmodules__hal_nordic__nrfx.a(nrfx_saadc.c.obj)
 .text.nrfx_saadc_init
                0x0000000000003bc0       0x94 modules/hal_nordic/modules/hal_nordic/nrfx/libmodules__hal_nordic__nrfx.a(nrfx_saadc.c.obj)
                0x0000000000003bc0                nrfx_saadc_init
 .text.nrfx_saadc_channel_config
                0x0000000000003c54       0x20 modules/hal_nordic/modules/hal_nordic/nrfx/libmodules__hal_nordic__nrfx.a(nrfx_saadc.c.obj)
                0x0000000000003c54                nrfx_saadc_channel_config
 .text.nrfx_saadc_channels_configured_get
                0x0000000000003c74        0xc modules/hal_nordic/modules/hal_nordic/nrfx/libmodules__hal_nordic__nrfx.a(nrfx_saadc.c.obj)
                0x0000000000003c74                nrfx_saadc_channels_configured_get
 .text.nrfx_saadc_simple_mode_set
                0x0000000000003c80       0x60 modules/hal_nordic/modules/hal_nordic/nrfx/libmodules__hal_nordic__nrfx.a(nrfx_saadc.c.obj)
                0x0000000000003c80                nrfx_saadc_simple_mode_set
 .text.nrfx_saadc_advanced_mode_set
                0x0000000000003ce0       0xb4 modules/hal_nordic/modules/hal_nordic/nrfx/libmodules__hal_nordic__nrfx.a(nrfx_saadc.c.obj)
                0x0000000000003ce0                nrfx_saadc_advanced_mode_set
 .text.nrfx_saadc_buffer_set
                0x0000000000003d94       0x90 modules/hal_nordic/modules/hal_nordic/nrfx/libmodules__hal_nordic__nrfx.a(nrfx_saadc.c.obj)
                0x0000000000003d94                nrfx_saadc_buffer_set
 .text.nrfx_saadc_mode_trigger
                0x0000000000003e24      0x174 modules/hal_nordic/modules/hal_nordic/nrfx/libmodules__hal_nordic__nrfx.a(nrfx_saadc.c.obj)
                0x0000000000003e24                nrfx_saadc_mode_trigger
 .text.nrfx_saadc_offset_calibrate
                0x0000000000003f98       0xd0 modules/hal_nordic/modules/hal_nordic/nrfx/libmodules__hal_nordic__nrfx.a(nrfx_saadc.c.obj)
                0x0000000000003f98                nrfx_saadc_offset_calibrate
 .text.nrfx_saadc_irq_handler
                0x0000000000004068      0x1a8 modules/hal_nordic/modules/hal_nordic/nrfx/libmodules__hal_nordic__nrfx.a(nrfx_saadc.c.obj)
                0x0000000000004068                nrfx_saadc_irq_handler
 .text.z_fatal_error
                0x0000000000004210       0x30 zephyr/kernel/libkernel.a(fatal.c.obj)
                0x0000000000004210                z_fatal_error
 .text.z_sys_init_run_level
                0x0000000000004240       0x30 zephyr/kernel/libkernel.a(init.c.obj)
 .text.bg_thread_main
                0x0000000000004270       0xc0 zephyr/kernel/libkernel.a(init.c.obj)
 .text.z_bss_zero
                0x0000000000004330       0x18 zephyr/kernel/libkernel.a(init.c.obj)
                0x0000000000004330                z_bss_zero
 .text.z_init_cpu
                0x0000000000004348       0x68 zephyr/kernel/libkernel.a(init.c.obj)
                0x0000000000004348                z_init_cpu
 .text.z_cstart
                0x00000000000043b0       0xd0 zephyr/kernel/libkernel.a(init.c.obj)
                0x00000000000043b0                z_cstart
 .text.z_impl_k_mutex_lock
                0x0000000000004480       0xf0 zephyr/kernel/libkernel.a(mutex.c.obj)
                0x0000000000004480                z_impl_k_mutex_lock
 .text.z_impl_k_mutex_unlock
                0x0000000000004570       0xa0 zephyr/kernel/libkernel.a(mutex.c.obj)
                0x0000000000004570                z_impl_k_mutex_unlock
 .text.z_impl_k_sem_give
                0x0000000000004610       0x74 zephyr/kernel/libkernel.a(sem.c.obj)
                0x0000000000004610                z_impl_k_sem_give
 .text.z_impl_k_sem_take
                0x0000000000004684       0x4c zephyr/kernel/libkernel.a(sem.c.obj)
                0x0000000000004684                z_impl_k_sem_take
 .text.z_setup_new_thread
                0x00000000000046d0       0x84 zephyr/kernel/libkernel.a(thread.c.obj)
                0x00000000000046d0                z_setup_new_thread
 .text.z_impl_k_thread_create
                0x0000000000004754       0x58 zephyr/kernel/libkernel.a(thread.c.obj)
                0x0000000000004754                z_impl_k_thread_create
 .text.z_dummy_thread_init
                0x00000000000047ac       0x1c zephyr/kernel/libkernel.a(thread.c.obj)
                0x00000000000047ac                z_dummy_thread_init
 .text.z_swap_irqlock
                0x00000000000047c8       0x34 zephyr/kernel/libkernel.a(sched.c.obj)
 .text.ready_thread
                0x00000000000047fc       0x84 zephyr/kernel/libkernel.a(sched.c.obj)
 .text.unready_thread
                0x0000000000004880       0x54 zephyr/kernel/libkernel.a(sched.c.obj)
 .text.add_thread_timeout
                0x00000000000048d4       0x1c zephyr/kernel/libkernel.a(sched.c.obj)
 .text.move_thread_to_end_of_prio_q
                0x00000000000048f0       0x90 zephyr/kernel/libkernel.a(sched.c.obj)
                0x00000000000048f0                move_thread_to_end_of_prio_q
 .text.z_pend_curr
                0x0000000000004980       0x44 zephyr/kernel/libkernel.a(sched.c.obj)
                0x0000000000004980                z_pend_curr
 .text.z_thread_prio_set
                0x00000000000049c4       0xe4 zephyr/kernel/libkernel.a(sched.c.obj)
                0x00000000000049c4                z_thread_prio_set
 .text.z_reschedule
                0x0000000000004aa8       0x24 zephyr/kernel/libkernel.a(sched.c.obj)
                0x0000000000004aa8                z_reschedule
 .text.z_reschedule_irqlock
                0x0000000000004acc       0x28 zephyr/kernel/libkernel.a(sched.c.obj)
                0x0000000000004acc                z_reschedule_irqlock
 .text.k_sched_lock
                0x0000000000004af4       0x28 zephyr/kernel/libkernel.a(sched.c.obj)
                0x0000000000004af4                k_sched_lock
 .text.k_sched_unlock
                0x0000000000004b1c       0x68 zephyr/kernel/libkernel.a(sched.c.obj)
                0x0000000000004b1c                k_sched_unlock
 .text.z_sched_init
                0x0000000000004b84       0x10 zephyr/kernel/libkernel.a(sched.c.obj)
                0x0000000000004b84                z_sched_init
 .text.z_impl_k_yield
                0x0000000000004b94       0x88 zephyr/kernel/libkernel.a(sched.c.obj)
                0x0000000000004b94                z_impl_k_yield
 .text.z_tick_sleep
                0x0000000000004c1c       0x78 zephyr/kernel/libkernel.a(sched.c.obj)
 .text.z_impl_k_sleep
                0x0000000000004c94       0x5c zephyr/kernel/libkernel.a(sched.c.obj)
                0x0000000000004c94                z_impl_k_sleep
 .text.z_impl_k_wakeup
                0x0000000000004cf0       0x48 zephyr/kernel/libkernel.a(sched.c.obj)
                0x0000000000004cf0                z_impl_k_wakeup
 .text.z_impl_k_sched_current_thread_query
                0x0000000000004d38        0xc zephyr/kernel/libkernel.a(sched.c.obj)
                0x0000000000004d38                z_impl_k_sched_current_thread_query
 .text.z_thread_abort
                0x0000000000004d44      0x138 zephyr/kernel/libkernel.a(sched.c.obj)
                0x0000000000004d44                z_thread_abort
 .text.z_sched_wait
                0x0000000000004e7c       0x24 zephyr/kernel/libkernel.a(sched.c.obj)
                0x0000000000004e7c                z_sched_wait
 .text.slice_timeout
                0x0000000000004ea0       0x20 zephyr/kernel/libkernel.a(timeslicing.c.obj)
 .text.thread_is_sliceable
                0x0000000000004ec0       0x3c zephyr/kernel/libkernel.a(timeslicing.c.obj)
                0x0000000000004ec0                thread_is_sliceable
 .text.z_reset_time_slice
                0x0000000000004efc       0x50 zephyr/kernel/libkernel.a(timeslicing.c.obj)
                0x0000000000004efc                z_reset_time_slice
 .text.z_time_slice
                0x0000000000004f4c       0x60 zephyr/kernel/libkernel.a(timeslicing.c.obj)
                0x0000000000004f4c                z_time_slice
 .text.z_data_copy
                0x0000000000004fac       0x38 zephyr/kernel/libkernel.a(xip.c.obj)
                0x0000000000004fac                z_data_copy
 .text.first    0x0000000000004fe4       0x10 zephyr/kernel/libkernel.a(timeout.c.obj)
 .text.elapsed  0x0000000000004ff4       0x14 zephyr/kernel/libkernel.a(timeout.c.obj)
 .text.remove_timeout
                0x0000000000005008       0x38 zephyr/kernel/libkernel.a(timeout.c.obj)
 .text.z_add_timeout
                0x0000000000005040      0x124 zephyr/kernel/libkernel.a(timeout.c.obj)
                0x0000000000005040                z_add_timeout
 .text.sys_clock_announce
                0x0000000000005164       0xbc zephyr/kernel/libkernel.a(timeout.c.obj)
                0x0000000000005164                sys_clock_announce
 .text.sys_clock_tick_get
                0x0000000000005220       0x30 zephyr/kernel/libkernel.a(timeout.c.obj)
                0x0000000000005220                sys_clock_tick_get
 .text.z_timer_expiration_handler
                0x0000000000005250       0xe0 zephyr/kernel/libkernel.a(timer.c.obj)
                0x0000000000005250                z_timer_expiration_handler
 .text.z_impl_k_timer_start
                0x0000000000005330       0x74 zephyr/kernel/libkernel.a(timer.c.obj)
                0x0000000000005330                z_impl_k_timer_start
 .text.z_impl_k_poll_signal_raise
                0x00000000000053a4       0x50 zephyr/kernel/libkernel.a(poll.c.obj)
                0x00000000000053a4                z_impl_k_poll_signal_raise
 .text.k_sys_work_q_init
                0x00000000000053f4       0x2c zephyr/kernel/libkernel.a(system_work_q.c.obj)
 .text.work_queue_main
                0x0000000000005420      0x14c zephyr/kernel/libkernel.a(work.c.obj)
 .text.submit_to_queue_locked
                0x000000000000556c       0xb8 zephyr/kernel/libkernel.a(work.c.obj)
 .text.k_work_queue_start
                0x0000000000005624       0x80 zephyr/kernel/libkernel.a(work.c.obj)
                0x0000000000005624                k_work_queue_start
 .text.psa_get_initialized
                0x00000000000056a4       0x4c modules/nrf/subsys/nrf_security/src/core/nrf_oberon/libpsa_core.a(psa_crypto.c.obj)
 .text.mbedtls_psa_crypto_free
                0x00000000000056f0       0x90 modules/nrf/subsys/nrf_security/src/core/nrf_oberon/libpsa_core.a(psa_crypto.c.obj)
                0x00000000000056f0                mbedtls_psa_crypto_free
 .text.psa_crypto_init
                0x0000000000005780      0x104 modules/nrf/subsys/nrf_security/src/core/nrf_oberon/libpsa_core.a(psa_crypto.c.obj)
                0x0000000000005780                psa_crypto_init
 .text.psa_initialize_key_slots
                0x0000000000005884       0x10 modules/nrf/subsys/nrf_security/src/core/nrf_oberon/libpsa_core.a(psa_crypto_slot_management.c.obj)
                0x0000000000005884                psa_initialize_key_slots
 .text.psa_wipe_all_key_slots
                0x0000000000005894       0x34 modules/nrf/subsys/nrf_security/src/core/nrf_oberon/libpsa_core.a(psa_crypto_slot_management.c.obj)
                0x0000000000005894                psa_wipe_all_key_slots
 .text.mbedtls_free
                0x00000000000058c8        0xc modules/nrf/subsys/nrf_security/src/core/nrf_oberon/libpsa_core.a(platform.c.obj)
                0x00000000000058c8                mbedtls_free
 .text.mbedtls_platform_zeroize
                0x00000000000058d4       0x18 modules/nrf/subsys/nrf_security/src/core/nrf_oberon/libpsa_core.a(platform_util.c.obj)
                0x00000000000058d4                mbedtls_platform_zeroize
 .text.cracen_acquire
                0x00000000000058ec       0x40 modules/nrf/subsys/nrf_security/src/drivers/cracen/libcracen_psa_driver.a(cracen.c.obj)
                0x00000000000058ec                cracen_acquire
 .text.cracen_release
                0x000000000000592c       0x6c modules/nrf/subsys/nrf_security/src/drivers/cracen/libcracen_psa_driver.a(cracen.c.obj)
                0x000000000000592c                cracen_release
 .text.cracen_init
                0x0000000000005998       0x5c modules/nrf/subsys/nrf_security/src/drivers/cracen/libcracen_psa_driver.a(cracen.c.obj)
                0x0000000000005998                cracen_init
 .text.lib_kmu_clear_all_events
                0x00000000000059f4       0x24 modules/nrf/subsys/nrf_security/src/drivers/cracen/libcracen_psa_driver.a(lib_kmu.c.obj)
                0x00000000000059f4                lib_kmu_clear_all_events
 .text.trigger_task_and_wait_for_event_or_error
                0x0000000000005a18       0x54 modules/nrf/subsys/nrf_security/src/drivers/cracen/libcracen_psa_driver.a(lib_kmu.c.obj)
 .text.lib_kmu_provision_slot
                0x0000000000005a6c       0x3c modules/nrf/subsys/nrf_security/src/drivers/cracen/libcracen_psa_driver.a(lib_kmu.c.obj)
                0x0000000000005a6c                lib_kmu_provision_slot
 .text.lib_kmu_revoke_slot
                0x0000000000005aa8       0x34 modules/nrf/subsys/nrf_security/src/drivers/cracen/libcracen_psa_driver.a(lib_kmu.c.obj)
                0x0000000000005aa8                lib_kmu_revoke_slot
 .text.lib_kmu_read_metadata
                0x0000000000005adc       0x30 modules/nrf/subsys/nrf_security/src/drivers/cracen/libcracen_psa_driver.a(lib_kmu.c.obj)
                0x0000000000005adc                lib_kmu_read_metadata
 .text.cracen_kmu_provision
                0x0000000000005b0c      0x250 modules/nrf/subsys/nrf_security/src/drivers/cracen/libcracen_psa_driver.a(kmu.c.obj)
                0x0000000000005b0c                cracen_kmu_provision
 .text.cracen_provision_prot_ram_inv_data
                0x0000000000005d5c       0x7c modules/nrf/subsys/nrf_security/src/drivers/cracen/libcracen_psa_driver.a(kmu.c.obj)
                0x0000000000005d5c                cracen_provision_prot_ram_inv_data
 .text.sx_hw_reserve
                0x0000000000005dd8       0x54 modules/nrf/subsys/nrf_security/src/drivers/cracen/libcracen_psa_driver.a(cmdma_hw.c.obj)
                0x0000000000005dd8                sx_hw_reserve
 .text.sx_cmdma_release_hw
                0x0000000000005e2c       0x30 modules/nrf/subsys/nrf_security/src/drivers/cracen/libcracen_psa_driver.a(cmdma_hw.c.obj)
                0x0000000000005e2c                sx_cmdma_release_hw
 .text.cracen_isr_handler
                0x0000000000005e5c       0x68 modules/nrf/subsys/nrf_security/src/drivers/cracen/libcracen_psa_driver.a(interrupts.c.obj)
                0x0000000000005e5c                cracen_isr_handler
 .text.cracen_interrupts_init
                0x0000000000005ec4       0x28 modules/nrf/subsys/nrf_security/src/drivers/cracen/libcracen_psa_driver.a(interrupts.c.obj)
                0x0000000000005ec4                cracen_interrupts_init
 .text.cracen_wait_for_cm_interrupt
                0x0000000000005eec       0x30 modules/nrf/subsys/nrf_security/src/drivers/cracen/libcracen_psa_driver.a(interrupts.c.obj)
                0x0000000000005eec                cracen_wait_for_cm_interrupt
 .text.sx_pk_fetch_capabilities
                0x0000000000005f1c       0x24 modules/nrf/subsys/nrf_security/src/drivers/cracen/libcracen_psa_driver.a(pk_baremetal.c.obj)
                0x0000000000005f1c                sx_pk_fetch_capabilities
 .text.sx_pk_init
                0x0000000000005f40       0x3c modules/nrf/subsys/nrf_security/src/drivers/cracen/libcracen_psa_driver.a(pk_baremetal.c.obj)
                0x0000000000005f40                sx_pk_init
 .text.sx_get_current_req
                0x0000000000005f7c        0x8 modules/nrf/subsys/nrf_security/src/drivers/cracen/libcracen_psa_driver.a(pk_baremetal.c.obj)
                0x0000000000005f7c                sx_get_current_req
 .text.ctr_drbg_update
                0x0000000000005f84       0x9c modules/nrf/subsys/nrf_security/src/drivers/cracen/libcracen_psa_driver.a(ctr_drbg.c.obj)
 .text.cracen_init_random
                0x0000000000006020       0x70 modules/nrf/subsys/nrf_security/src/drivers/cracen/libcracen_psa_driver.a(ctr_drbg.c.obj)
                0x0000000000006020                cracen_init_random
 .text.cracen_get_random
                0x0000000000006090      0x110 modules/nrf/subsys/nrf_security/src/drivers/cracen/libcracen_psa_driver.a(ctr_drbg.c.obj)
                0x0000000000006090                cracen_get_random
 .text.sx_blkcipher_ecb_simple
                0x00000000000061a0       0xa4 modules/nrf/subsys/nrf_security/src/drivers/cracen/libcracen_psa_driver.a(blkcipher.c.obj)
                0x00000000000061a0                sx_blkcipher_ecb_simple
 .text.sx_trng_flush
                0x0000000000006244       0x30 modules/nrf/subsys/nrf_security/src/drivers/cracen/libcracen_psa_driver.a(trng.c.obj)
 .text.sx_trng_restart
                0x0000000000006274       0x28 modules/nrf/subsys/nrf_security/src/drivers/cracen/libcracen_psa_driver.a(trng.c.obj)
                0x0000000000006274                sx_trng_restart
 .text.sx_trng_open
                0x000000000000629c       0xa4 modules/nrf/subsys/nrf_security/src/drivers/cracen/libcracen_psa_driver.a(trng.c.obj)
                0x000000000000629c                sx_trng_open
 .text.sx_trng_get
                0x0000000000006340       0xd4 modules/nrf/subsys/nrf_security/src/drivers/cracen/libcracen_psa_driver.a(trng.c.obj)
                0x0000000000006340                sx_trng_get
 .text.k_event_post_internal
                0x0000000000006414       0x5c zephyr/kernel/libkernel.a(events.c.obj)
 .text.printf   0x0000000000006470       0x24 c:\ncs\toolchains\b8b84efebd\opt\zephyr-sdk\arm-zephyr-eabi\bin\../lib/gcc/../../picolibc/arm-zephyr-eabi/lib/thumb/v8-m.main/nofp\libc.a(libc_tinystdio_printf.c.o)
                0x0000000000006470                printf
 .text.puts     0x0000000000006494       0x40 c:\ncs\toolchains\b8b84efebd\opt\zephyr-sdk\arm-zephyr-eabi\bin\../lib/gcc/../../picolibc/arm-zephyr-eabi/lib/thumb/v8-m.main/nofp\libc.a(libc_tinystdio_puts.c.o)
                0x0000000000006494                puts
 .text.__l_vfprintf
                0x00000000000064d4      0x4b4 c:\ncs\toolchains\b8b84efebd\opt\zephyr-sdk\arm-zephyr-eabi\bin\../lib/gcc/../../picolibc/arm-zephyr-eabi/lib/thumb/v8-m.main/nofp\libc.a(libc_tinystdio_vflprintf.c.o)
                0x00000000000064d4                __l_vfprintf
 .text._OffsetAbsSyms
                0x0000000000006988        0x2 zephyr/CMakeFiles/offsets.dir/./arch/arm/core/offsets/offsets.c.obj
                0x0000000000006988                _OffsetAbsSyms
 .text.chunk_field
                0x000000000000698a       0x16 zephyr/libzephyr.a(heap.c.obj)
 .text.chunk_set
                0x00000000000069a0       0x16 zephyr/libzephyr.a(heap.c.obj)
 .text.chunk_size
                0x00000000000069b6        0xc zephyr/libzephyr.a(heap.c.obj)
 .text.set_chunk_used
                0x00000000000069c2       0x30 zephyr/libzephyr.a(heap.c.obj)
 .text.set_chunk_size
                0x00000000000069f2        0x8 zephyr/libzephyr.a(heap.c.obj)
 .text.bucket_idx.isra.0
                0x00000000000069fa       0x1c zephyr/libzephyr.a(heap.c.obj)
 .text.free_list_add
                0x0000000000006a16       0x84 zephyr/libzephyr.a(heap.c.obj)
 .text.sys_heap_init
                0x0000000000006a9a       0xb0 zephyr/libzephyr.a(heap.c.obj)
                0x0000000000006a9a                sys_heap_init
 .text.arch_printk_char_out
                0x0000000000006b4a        0x4 zephyr/libzephyr.a(printk.c.obj)
                0x0000000000006b4a                arch_printk_char_out
 .text.printk   0x0000000000006b4e       0x1a zephyr/libzephyr.a(printk.c.obj)
                0x0000000000006b4e                printk
 .text.process_recheck
                0x0000000000006b68       0x38 zephyr/libzephyr.a(onoff.c.obj)
 .text.validate_args
                0x0000000000006ba0       0x20 zephyr/libzephyr.a(onoff.c.obj)
 .text.notify_one
                0x0000000000006bc0       0x2c zephyr/libzephyr.a(onoff.c.obj)
 .text.transition_complete
                0x0000000000006bec       0x1a zephyr/libzephyr.a(onoff.c.obj)
 .text.onoff_manager_init
                0x0000000000006c06       0x26 zephyr/libzephyr.a(onoff.c.obj)
                0x0000000000006c06                onoff_manager_init
 .text.onoff_request
                0x0000000000006c2c       0xae zephyr/libzephyr.a(onoff.c.obj)
                0x0000000000006c2c                onoff_request
 .text.sys_notify_validate
                0x0000000000006cda       0x28 zephyr/libzephyr.a(notify.c.obj)
                0x0000000000006cda                sys_notify_validate
 .text.sys_notify_finalize
                0x0000000000006d02       0x32 zephyr/libzephyr.a(notify.c.obj)
                0x0000000000006d02                sys_notify_finalize
 .text._ConfigAbsSyms
                0x0000000000006d34        0x2 zephyr/libzephyr.a(configs.c.obj)
                0x0000000000006d34                _ConfigAbsSyms
 .text.pm_device_state_get
                0x0000000000006d36       0x12 zephyr/libzephyr.a(device.c.obj)
                0x0000000000006d36                pm_device_state_get
 .text.pm_device_is_powered
                0x0000000000006d48       0x18 zephyr/libzephyr.a(device.c.obj)
                0x0000000000006d48                pm_device_is_powered
 .text.pm_device_driver_init
                0x0000000000006d60       0x40 zephyr/libzephyr.a(device.c.obj)
                0x0000000000006d60                pm_device_driver_init
 .text.z_arm_fatal_error
                0x0000000000006da0        0xc zephyr/arch/arch/arm/core/libarch__arm__core.a(fatal.c.obj)
                0x0000000000006da0                z_arm_fatal_error
 .text.z_do_kernel_oops
                0x0000000000006dac        0x8 zephyr/arch/arch/arm/core/libarch__arm__core.a(fatal.c.obj)
                0x0000000000006dac                z_do_kernel_oops
 .text.z_arm_nmi
                0x0000000000006db4        0xe zephyr/arch/arch/arm/core/libarch__arm__core.a(nmi.c.obj)
                0x0000000000006db4                z_arm_nmi
 .text.z_irq_spurious
                0x0000000000006dc2        0x8 zephyr/arch/arch/arm/core/cortex_m/libarch__arm__core__cortex_m.a(irq_manage.c.obj)
                0x0000000000006dc2                z_irq_spurious
 .text.configure_builtin_stack_guard
                0x0000000000006dca        0x8 zephyr/arch/arch/arm/core/cortex_m/libarch__arm__core__cortex_m.a(thread.c.obj)
                0x0000000000006dca                configure_builtin_stack_guard
 .text.arch_irq_unlock_outlined
                0x0000000000006dd2        0xe zephyr/arch/arch/arm/core/cortex_m/libarch__arm__core__cortex_m.a(thread.c.obj)
                0x0000000000006dd2                arch_irq_unlock_outlined
 .text.arch_cpu_idle
                0x0000000000006de0       0x1a zephyr/arch/arch/arm/core/cortex_m/libarch__arm__core__cortex_m.a(cpu_idle.c.obj)
                0x0000000000006de0                arch_cpu_idle
 .text.arch_cpu_atomic_idle
                0x0000000000006dfa       0x1e zephyr/arch/arch/arm/core/cortex_m/libarch__arm__core__cortex_m.a(cpu_idle.c.obj)
                0x0000000000006dfa                arch_cpu_atomic_idle
 .text.arm_cmse_mpu_region_get
                0x0000000000006e18       0x12 zephyr/arch/arch/arm/core/cortex_m/cmse/libarch__arm__core__cortex_m__cmse.a(arm_core_cmse.c.obj)
                0x0000000000006e18                arm_cmse_mpu_region_get
 .text.mpu_configure_region
                0x0000000000006e2a       0x32 zephyr/arch/arch/arm/core/mpu/libarch__arm__core__mpu.a(arm_mpu.c.obj)
 .text.picolibc_put
                0x0000000000006e5c        0xa zephyr/lib/libc/picolibc/liblib__libc__picolibc.a(stdio.c.obj)
 .text.get_status
                0x0000000000006e66       0x12 zephyr/drivers/clock_control/libdrivers__clock_control.a(clock_control_nrf.c.obj)
 .text.stop     0x0000000000006e78       0x52 zephyr/drivers/clock_control/libdrivers__clock_control.a(clock_control_nrf.c.obj)
 .text.api_stop
                0x0000000000006eca        0x6 zephyr/drivers/clock_control/libdrivers__clock_control.a(clock_control_nrf.c.obj)
 .text.async_start
                0x0000000000006ed0       0x5c zephyr/drivers/clock_control/libdrivers__clock_control.a(clock_control_nrf.c.obj)
 .text.api_start
                0x0000000000006f2c        0xe zephyr/drivers/clock_control/libdrivers__clock_control.a(clock_control_nrf.c.obj)
 .text.onoff_started_callback
                0x0000000000006f3a       0x12 zephyr/drivers/clock_control/libdrivers__clock_control.a(clock_control_nrf.c.obj)
 .text.lfclk_start
                0x0000000000006f4c        0x6 zephyr/drivers/clock_control/libdrivers__clock_control.a(clock_control_nrf.c.obj)
 .text.lfclk_stop
                0x0000000000006f52        0x6 zephyr/drivers/clock_control/libdrivers__clock_control.a(clock_control_nrf.c.obj)
 .text.blocking_start_callback
                0x0000000000006f58        0x6 zephyr/drivers/clock_control/libdrivers__clock_control.a(clock_control_nrf.c.obj)
 .text.clock_event_handler
                0x0000000000006f5e       0x14 zephyr/drivers/clock_control/libdrivers__clock_control.a(clock_control_nrf.c.obj)
 .text.gpio_nrfx_port_get_raw
                0x0000000000006f72        0xc zephyr/drivers/gpio/libdrivers__gpio.a(gpio_nrfx.c.obj)
 .text.gpio_nrfx_port_set_masked_raw
                0x0000000000006f7e       0x14 zephyr/drivers/gpio/libdrivers__gpio.a(gpio_nrfx.c.obj)
 .text.gpio_nrfx_port_set_bits_raw
                0x0000000000006f92        0xa zephyr/drivers/gpio/libdrivers__gpio.a(gpio_nrfx.c.obj)
 .text.gpio_nrfx_port_clear_bits_raw
                0x0000000000006f9c        0xa zephyr/drivers/gpio/libdrivers__gpio.a(gpio_nrfx.c.obj)
 .text.gpio_nrfx_port_toggle_bits
                0x0000000000006fa6       0x14 zephyr/drivers/gpio/libdrivers__gpio.a(gpio_nrfx.c.obj)
 .text.gpio_nrfx_manage_callback
                0x0000000000006fba       0x52 zephyr/drivers/gpio/libdrivers__gpio.a(gpio_nrfx.c.obj)
 .text.gpio_nrfx_pm_hook
                0x000000000000700c        0xc zephyr/drivers/gpio/libdrivers__gpio.a(gpio_nrfx.c.obj)
 .text.pinctrl_lookup_state
                0x0000000000007018       0x26 zephyr/drivers/pinctrl/libdrivers__pinctrl.a(common.c.obj)
                0x0000000000007018                pinctrl_lookup_state
 .text.regulator_delay
                0x000000000000703e       0x18 zephyr/drivers/regulator/libdrivers__regulator.a(regulator_common.c.obj)
 .text.regulator_common_data_init
                0x0000000000007056       0x10 zephyr/drivers/regulator/libdrivers__regulator.a(regulator_common.c.obj)
                0x0000000000007056                regulator_common_data_init
 .text.regulator_enable
                0x0000000000007066       0x60 zephyr/drivers/regulator/libdrivers__regulator.a(regulator_common.c.obj)
                0x0000000000007066                regulator_enable
 .text.regulator_disable
                0x00000000000070c6       0x54 zephyr/drivers/regulator/libdrivers__regulator.a(regulator_common.c.obj)
                0x00000000000070c6                regulator_disable
 .text.regulator_set_voltage
                0x000000000000711a       0x28 zephyr/drivers/regulator/libdrivers__regulator.a(regulator_common.c.obj)
                0x000000000000711a                regulator_set_voltage
 .text.regulator_set_current_limit
                0x0000000000007142       0x28 zephyr/drivers/regulator/libdrivers__regulator.a(regulator_common.c.obj)
                0x0000000000007142                regulator_set_current_limit
 .text.regulator_set_mode
                0x000000000000716a       0x3e zephyr/drivers/regulator/libdrivers__regulator.a(regulator_common.c.obj)
                0x000000000000716a                regulator_set_mode
 .text.regulator_common_init
                0x00000000000071a8       0xf4 zephyr/drivers/regulator/libdrivers__regulator.a(regulator_common.c.obj)
                0x00000000000071a8                regulator_common_init
 .text.gpio_pin_set
                0x000000000000729c       0x20 zephyr/drivers/regulator/libdrivers__regulator.a(regulator_fixed.c.obj)
 .text.regulator_fixed_enable
                0x00000000000072bc       0x1e zephyr/drivers/regulator/libdrivers__regulator.a(regulator_fixed.c.obj)
 .text.regulator_fixed_count_voltages
                0x00000000000072da        0xe zephyr/drivers/regulator/libdrivers__regulator.a(regulator_fixed.c.obj)
 .text.regulator_fixed_list_voltage
                0x00000000000072e8       0x1a zephyr/drivers/regulator/libdrivers__regulator.a(regulator_fixed.c.obj)
 .text.regulator_fixed_init
                0x0000000000007302       0x54 zephyr/drivers/regulator/libdrivers__regulator.a(regulator_fixed.c.obj)
 .text.regulator_fixed_disable
                0x0000000000007356       0x16 zephyr/drivers/regulator/libdrivers__regulator.a(regulator_fixed.c.obj)
 .text.uarte_nrfx_isr_int
                0x000000000000736c        0xa zephyr/drivers/serial/libdrivers__serial.a(uart_nrfx_uarte.c.obj)
 .text.uarte_nrfx_err_check
                0x0000000000007376        0xe zephyr/drivers/serial/libdrivers__serial.a(uart_nrfx_uarte.c.obj)
 .text.uarte_nrfx_poll_in
                0x0000000000007384       0x26 zephyr/drivers/serial/libdrivers__serial.a(uart_nrfx_uarte.c.obj)
 .text.uarte_has_cross_domain_connection.isra.0
                0x00000000000073aa       0x12 zephyr/drivers/serial/libdrivers__serial.a(uart_nrfx_uarte.c.obj)
 .text.pinctrl_apply_state.isra.0
                0x00000000000073bc       0x1e zephyr/drivers/serial/libdrivers__serial.a(uart_nrfx_uarte.c.obj)
 .text.uarte_21_init
                0x00000000000073da       0x1e zephyr/drivers/serial/libdrivers__serial.a(uart_nrfx_uarte.c.obj)
 .text.uarte_20_init
                0x00000000000073f8       0x1e zephyr/drivers/serial/libdrivers__serial.a(uart_nrfx_uarte.c.obj)
 .text.uarte_nrfx_pm_action
                0x0000000000007416       0xc2 zephyr/drivers/serial/libdrivers__serial.a(uart_nrfx_uarte.c.obj)
 .text.counter  0x00000000000074d8       0x12 zephyr/drivers/timer/libdrivers__timer.a(nrf_grtc_timer.c.obj)
 .text._psa_crypto_init
                0x00000000000074ea       0x1e modules/nrf/subsys/nrf_security/src/zephyr/libmbedtls_zephyr.a(psa_crypto_init.c.obj)
 .text.nrfx_isr
                0x0000000000007508        0x2 modules/hal_nordic/modules/hal_nordic/nrfx/libmodules__hal_nordic__nrfx.a(nrfx_glue.c.obj)
                0x0000000000007508                nrfx_isr
 .text.nrfx_busy_wait
                0x000000000000750a        0x4 modules/hal_nordic/modules/hal_nordic/nrfx/libmodules__hal_nordic__nrfx.a(nrfx_glue.c.obj)
                0x000000000000750a                nrfx_busy_wait
 .text.nrfx_clock_stop
                0x000000000000750e        0x4 modules/hal_nordic/modules/hal_nordic/nrfx/libmodules__hal_nordic__nrfx.a(nrfx_clock.c.obj)
                0x000000000000750e                nrfx_clock_stop
 .text.nrf_gpio_reconfigure
                0x0000000000007512       0x92 modules/hal_nordic/modules/hal_nordic/nrfx/libmodules__hal_nordic__nrfx.a(nrfx_gpiote.c.obj)
 .text.nrf_gpio_cfg_sense_set
                0x00000000000075a4       0x1e modules/hal_nordic/modules/hal_nordic/nrfx/libmodules__hal_nordic__nrfx.a(nrfx_gpiote.c.obj)
 .text.call_handler
                0x00000000000075c2       0x3e modules/hal_nordic/modules/hal_nordic/nrfx/libmodules__hal_nordic__nrfx.a(nrfx_gpiote.c.obj)
 .text.__nrfy_internal_gpiote_events_process
                0x0000000000007600       0x4e modules/hal_nordic/modules/hal_nordic/nrfx/libmodules__hal_nordic__nrfx.a(nrfx_gpiote.c.obj)
 .text.pin_trigger_disable
                0x000000000000764e       0x4a modules/hal_nordic/modules/hal_nordic/nrfx/libmodules__hal_nordic__nrfx.a(nrfx_gpiote.c.obj)
 .text.nrfx_gpiote_pin_uninit
                0x0000000000007698        0x4 modules/hal_nordic/modules/hal_nordic/nrfx/libmodules__hal_nordic__nrfx.a(nrfx_gpiote.c.obj)
                0x0000000000007698                nrfx_gpiote_pin_uninit
 .text.nrfx_gpiote_trigger_disable
                0x000000000000769c        0x4 modules/hal_nordic/modules/hal_nordic/nrfx/libmodules__hal_nordic__nrfx.a(nrfx_gpiote.c.obj)
                0x000000000000769c                nrfx_gpiote_trigger_disable
 .text.nrfx_power_clock_irq_handler
                0x00000000000076a0        0xe modules/hal_nordic/modules/hal_nordic/nrfx/libmodules__hal_nordic__nrfx.a(nrfx_power.c.obj)
                0x00000000000076a0                nrfx_power_clock_irq_handler
 .text.nrfx_rramc_write_enable_set
                0x00000000000076ae        0x6 modules/hal_nordic/modules/hal_nordic/nrfx/libmodules__hal_nordic__nrfx.a(nrfx_rramc.c.obj)
                0x00000000000076ae                nrfx_rramc_write_enable_set
 .text.__nrfy_internal_saadc_event_handle.constprop.0
                0x00000000000076b4       0x2e modules/hal_nordic/modules/hal_nordic/nrfx/libmodules__hal_nordic__nrfx.a(nrfx_saadc.c.obj)
 .text.z_impl_k_busy_wait
                0x00000000000076e2        0x8 zephyr/kernel/libkernel.a(busy_wait.c.obj)
                0x00000000000076e2                z_impl_k_busy_wait
 .text.z_device_state_init
                0x00000000000076ea        0x2 zephyr/kernel/libkernel.a(device.c.obj)
                0x00000000000076ea                z_device_state_init
 .text.z_impl_device_is_ready
                0x00000000000076ec       0x16 zephyr/kernel/libkernel.a(device.c.obj)
                0x00000000000076ec                z_impl_device_is_ready
 .text.arch_system_halt
                0x0000000000007702       0x10 zephyr/kernel/libkernel.a(fatal.c.obj)
                0x0000000000007702                arch_system_halt
 .text.k_sys_fatal_error_handler
                0x0000000000007712        0x6 zephyr/kernel/libkernel.a(fatal.c.obj)
                0x0000000000007712                k_sys_fatal_error_handler
 .text.do_device_init
                0x0000000000007718       0x2e zephyr/kernel/libkernel.a(init.c.obj)
 .text.z_early_memset
                0x0000000000007746        0x4 zephyr/kernel/libkernel.a(init.c.obj)
                0x0000000000007746                z_early_memset
 .text.z_early_memcpy
                0x000000000000774a        0x4 zephyr/kernel/libkernel.a(init.c.obj)
                0x000000000000774a                z_early_memcpy
 .text.idle     0x000000000000774e       0x16 zephyr/kernel/libkernel.a(idle.c.obj)
                0x000000000000774e                idle
 .text.adjust_owner_prio.isra.0
                0x0000000000007764       0x10 zephyr/kernel/libkernel.a(mutex.c.obj)
 .text.z_impl_k_mutex_init
                0x0000000000007774        0xe zephyr/kernel/libkernel.a(mutex.c.obj)
                0x0000000000007774                z_impl_k_mutex_init
 .text.k_is_in_isr
                0x0000000000007782        0xc zephyr/kernel/libkernel.a(thread.c.obj)
                0x0000000000007782                k_is_in_isr
 .text.z_impl_k_thread_name_set
                0x000000000000778e        0x6 zephyr/kernel/libkernel.a(thread.c.obj)
                0x000000000000778e                z_impl_k_thread_name_set
 .text.sys_dlist_remove
                0x0000000000007794       0x10 zephyr/kernel/libkernel.a(sched.c.obj)
 .text.unpend_thread_no_timeout
                0x00000000000077a4       0x14 zephyr/kernel/libkernel.a(sched.c.obj)
 .text.add_to_waitq_locked
                0x00000000000077b8       0x50 zephyr/kernel/libkernel.a(sched.c.obj)
 .text.z_ready_thread
                0x0000000000007808       0x1e zephyr/kernel/libkernel.a(sched.c.obj)
                0x0000000000007808                z_ready_thread
 .text.z_unpend_thread_no_timeout
                0x0000000000007826       0x22 zephyr/kernel/libkernel.a(sched.c.obj)
                0x0000000000007826                z_unpend_thread_no_timeout
 .text.z_sched_wake_thread
                0x0000000000007848       0x46 zephyr/kernel/libkernel.a(sched.c.obj)
                0x0000000000007848                z_sched_wake_thread
 .text.z_thread_timeout
                0x000000000000788e        0x8 zephyr/kernel/libkernel.a(sched.c.obj)
                0x000000000000788e                z_thread_timeout
 .text.z_unpend1_no_timeout
                0x0000000000007896       0x2c zephyr/kernel/libkernel.a(sched.c.obj)
                0x0000000000007896                z_unpend1_no_timeout
 .text.z_unpend_thread
                0x00000000000078c2       0x10 zephyr/kernel/libkernel.a(sched.c.obj)
                0x00000000000078c2                z_unpend_thread
 .text.z_sched_wake
                0x00000000000078d2       0x46 zephyr/kernel/libkernel.a(sched.c.obj)
                0x00000000000078d2                z_sched_wake
 .text.z_sched_waitq_walk
                0x0000000000007918       0x44 zephyr/kernel/libkernel.a(sched.c.obj)
                0x0000000000007918                z_sched_waitq_walk
 .text.next_timeout
                0x000000000000795c       0x2e zephyr/kernel/libkernel.a(timeout.c.obj)
 .text.z_abort_timeout
                0x000000000000798a       0x50 zephyr/kernel/libkernel.a(timeout.c.obj)
                0x000000000000798a                z_abort_timeout
 .text.sys_clock_tick_get_32
                0x00000000000079da        0x8 zephyr/kernel/libkernel.a(timeout.c.obj)
                0x00000000000079da                sys_clock_tick_get_32
 .text.z_impl_k_uptime_ticks
                0x00000000000079e2        0x4 zephyr/kernel/libkernel.a(timeout.c.obj)
                0x00000000000079e2                z_impl_k_uptime_ticks
 .text.k_timer_init
                0x00000000000079e6       0x18 zephyr/kernel/libkernel.a(timer.c.obj)
                0x00000000000079e6                k_timer_init
 .text.z_impl_k_timer_stop
                0x00000000000079fe       0x38 zephyr/kernel/libkernel.a(timer.c.obj)
                0x00000000000079fe                z_impl_k_timer_stop
 .text.signal_poll_event
                0x0000000000007a36       0x86 zephyr/kernel/libkernel.a(poll.c.obj)
 .text.z_handle_obj_poll_events
                0x0000000000007abc       0x3e zephyr/kernel/libkernel.a(poll.c.obj)
                0x0000000000007abc                z_handle_obj_poll_events
 .text.flag_test_and_clear
                0x0000000000007afa       0x16 zephyr/kernel/libkernel.a(work.c.obj)
 .text.notify_queue_locked.isra.0
                0x0000000000007b10        0xe zephyr/kernel/libkernel.a(work.c.obj)
 .text.z_work_submit_to_queue
                0x0000000000007b1e       0x26 zephyr/kernel/libkernel.a(work.c.obj)
                0x0000000000007b1e                z_work_submit_to_queue
 .text.psa_remove_key_data_from_memory
                0x0000000000007b44       0x16 modules/nrf/subsys/nrf_security/src/core/nrf_oberon/libpsa_core.a(psa_crypto.c.obj)
                0x0000000000007b44                psa_remove_key_data_from_memory
 .text.psa_wipe_key_slot
                0x0000000000007b5a       0x3a modules/nrf/subsys/nrf_security/src/core/nrf_oberon/libpsa_core.a(psa_crypto.c.obj)
                0x0000000000007b5a                psa_wipe_key_slot
 .text.psa_driver_wrapper_init
                0x0000000000007b94        0x4 modules/nrf/subsys/nrf_security/src/core/nrf_oberon/libpsa_core.a(psa_crypto_driver_wrappers.c.obj)
                0x0000000000007b94                psa_driver_wrapper_init
 .text.psa_driver_wrapper_free
                0x0000000000007b98        0x2 modules/nrf/subsys/nrf_security/src/core/nrf_oberon/libpsa_core.a(psa_crypto_driver_wrappers.c.obj)
                0x0000000000007b98                psa_driver_wrapper_free
 .text.psa_driver_wrapper_init_random
                0x0000000000007b9a        0x4 modules/nrf/subsys/nrf_security/src/core/nrf_oberon/libpsa_core.a(psa_crypto_driver_wrappers.c.obj)
                0x0000000000007b9a                psa_driver_wrapper_init_random
 .text.psa_driver_wrapper_free_random
                0x0000000000007b9e        0x4 modules/nrf/subsys/nrf_security/src/core/nrf_oberon/libpsa_core.a(psa_crypto_driver_wrappers.c.obj)
                0x0000000000007b9e                psa_driver_wrapper_free_random
 .text.platform_free_uninit
                0x0000000000007ba2        0x2 modules/nrf/subsys/nrf_security/src/core/nrf_oberon/libpsa_core.a(platform.c.obj)
 .text.mbedtls_zeroize_and_free
                0x0000000000007ba4       0x14 modules/nrf/subsys/nrf_security/src/core/nrf_oberon/libpsa_core.a(platform_util.c.obj)
                0x0000000000007ba4                mbedtls_zeroize_and_free
 .text.silex_statuscodes_to_psa
                0x0000000000007bb8       0xbc modules/nrf/subsys/nrf_security/src/drivers/cracen/libcracen_psa_driver.a(common.c.obj)
                0x0000000000007bb8                silex_statuscodes_to_psa
 .text.cracen_xorbytes
                0x0000000000007c74       0x1a modules/nrf/subsys/nrf_security/src/drivers/cracen/libcracen_psa_driver.a(common.c.obj)
                0x0000000000007c74                cracen_xorbytes
 .text.cracen_be_add
                0x0000000000007c8e       0x14 modules/nrf/subsys/nrf_security/src/drivers/cracen/libcracen_psa_driver.a(common.c.obj)
                0x0000000000007c8e                cracen_be_add
 .text.safe_memset
                0x0000000000007ca2       0x16 modules/nrf/subsys/nrf_security/src/drivers/cracen/libcracen_psa_driver.a(mem_helpers.c.obj)
                0x0000000000007ca2                safe_memset
 .text.safe_memzero
                0x0000000000007cb8       0x18 modules/nrf/subsys/nrf_security/src/drivers/cracen/libcracen_psa_driver.a(mem_helpers.c.obj)
                0x0000000000007cb8                safe_memzero
 .text.lib_kmu_is_slot_empty
                0x0000000000007cd0       0x14 modules/nrf/subsys/nrf_security/src/drivers/cracen/libcracen_psa_driver.a(lib_kmu.c.obj)
                0x0000000000007cd0                lib_kmu_is_slot_empty
 .text.psa_set_key_usage_flags
                0x0000000000007ce4       0x14 modules/nrf/subsys/nrf_security/src/drivers/cracen/libcracen_psa_driver.a(kmu.c.obj)
 .text.set_provisioning_in_progress
                0x0000000000007cf8       0x30 modules/nrf/subsys/nrf_security/src/drivers/cracen/libcracen_psa_driver.a(kmu.c.obj)
 .text.clean_up_unfinished_provisioning
                0x0000000000007d28       0x46 modules/nrf/subsys/nrf_security/src/drivers/cracen/libcracen_psa_driver.a(kmu.c.obj)
 .text.sx_clear_interrupt
                0x0000000000007d6e       0x1a modules/nrf/subsys/nrf_security/src/drivers/cracen/libcracen_psa_driver.a(pk_baremetal.c.obj)
                0x0000000000007d6e                sx_clear_interrupt
 .text.convert_ba414_capabilities
                0x0000000000007d88       0x4c modules/nrf/subsys/nrf_security/src/drivers/cracen/libcracen_psa_driver.a(ba414_status.c.obj)
                0x0000000000007d88                convert_ba414_capabilities
 .text.sx_pk_is_ik_cmd
                0x0000000000007dd4        0xa modules/nrf/subsys/nrf_security/src/drivers/cracen/libcracen_psa_driver.a(ikhardware.c.obj)
                0x0000000000007dd4                sx_pk_is_ik_cmd
 .text.psa_extend_key_usage_flags
                0x0000000000007dde       0x1a modules/nrf/subsys/nrf_security/src/drivers/cracen/libcracen_psa_driver.a(ctr_drbg.c.obj)
 .text.trng_get_seed.constprop.0
                0x0000000000007df8       0x3a modules/nrf/subsys/nrf_security/src/drivers/cracen/libcracen_psa_driver.a(ctr_drbg.c.obj)
 .text.sx_cmdma_reset
                0x0000000000007e32       0x42 modules/nrf/subsys/nrf_security/src/drivers/cracen/libcracen_psa_driver.a(cmdma.c.obj)
                0x0000000000007e32                sx_cmdma_reset
 .text.sx_cmdma_check
                0x0000000000007e74       0x4e modules/nrf/subsys/nrf_security/src/drivers/cracen/libcracen_psa_driver.a(cmdma.c.obj)
                0x0000000000007e74                sx_cmdma_check
 .text.sx_trng_close
                0x0000000000007ec2       0x14 modules/nrf/subsys/nrf_security/src/drivers/cracen/libcracen_psa_driver.a(trng.c.obj)
                0x0000000000007ec2                sx_trng_close
 .text.mbedtls_mutex_unlock_fn
                0x0000000000007ed6        0x4 modules/nrf/subsys/nrf_security/src/libmbedcrypto_base.a(threading_alt.c.obj)
                0x0000000000007ed6                mbedtls_mutex_unlock_fn
 .text.mbedtls_mutex_lock_fn
                0x0000000000007eda        0xc modules/nrf/subsys/nrf_security/src/libmbedcrypto_base.a(threading_alt.c.obj)
                0x0000000000007eda                mbedtls_mutex_lock_fn
 .text.nrf_security_mutex_lock
                0x0000000000007ee6        0xc modules/nrf/subsys/nrf_security/src/libnrf_security_utils.a(nrf_security_mutexes.c.obj)
                0x0000000000007ee6                nrf_security_mutex_lock
 .text.nrf_security_mutex_unlock
                0x0000000000007ef2        0x4 modules/nrf/subsys/nrf_security/src/libnrf_security_utils.a(nrf_security_mutexes.c.obj)
                0x0000000000007ef2                nrf_security_mutex_unlock
 .text.nrf_security_event_init
                0x0000000000007ef6        0x4 modules/nrf/subsys/nrf_security/src/libnrf_security_utils.a(nrf_security_events.c.obj)
                0x0000000000007ef6                nrf_security_event_init
 .text.nrf_security_event_wait
                0x0000000000007efa       0x1a modules/nrf/subsys/nrf_security/src/libnrf_security_utils.a(nrf_security_events.c.obj)
                0x0000000000007efa                nrf_security_event_wait
 .text.nrf_security_event_clear
                0x0000000000007f14        0x4 modules/nrf/subsys/nrf_security/src/libnrf_security_utils.a(nrf_security_events.c.obj)
                0x0000000000007f14                nrf_security_event_clear
 .text.nrf_security_event_set
                0x0000000000007f18        0x4 modules/nrf/subsys/nrf_security/src/libnrf_security_utils.a(nrf_security_events.c.obj)
                0x0000000000007f18                nrf_security_event_set
 .text.k_event_wait_internal
                0x0000000000007f1c       0x82 zephyr/kernel/libkernel.a(events.c.obj)
 .text.event_walk_op
                0x0000000000007f9e       0x30 zephyr/kernel/libkernel.a(events.c.obj)
 .text.z_impl_k_event_init
                0x0000000000007fce        0xa zephyr/kernel/libkernel.a(events.c.obj)
                0x0000000000007fce                z_impl_k_event_init
 .text.z_impl_k_event_set
                0x0000000000007fd8        0x8 zephyr/kernel/libkernel.a(events.c.obj)
                0x0000000000007fd8                z_impl_k_event_set
 .text.z_impl_k_event_clear
                0x0000000000007fe0        0x8 zephyr/kernel/libkernel.a(events.c.obj)
                0x0000000000007fe0                z_impl_k_event_clear
 .text.z_impl_k_event_wait
                0x0000000000007fe8        0x6 zephyr/kernel/libkernel.a(events.c.obj)
                0x0000000000007fe8                z_impl_k_event_wait
 .text.memcpy   0x0000000000007fee       0x1a c:\ncs\toolchains\b8b84efebd\opt\zephyr-sdk\arm-zephyr-eabi\bin\../lib/gcc/../../picolibc/arm-zephyr-eabi/lib/thumb/v8-m.main/nofp\libc.a(memcpy.c.o)
                0x0000000000007fee                __aeabi_memcpy
                0x0000000000007fee                __aeabi_memcpy4
                0x0000000000007fee                __aeabi_memcpy8
                0x0000000000007fee                memcpy
 .text.memset   0x0000000000008008       0x10 c:\ncs\toolchains\b8b84efebd\opt\zephyr-sdk\arm-zephyr-eabi\bin\../lib/gcc/../../picolibc/arm-zephyr-eabi/lib/thumb/v8-m.main/nofp\libc.a(memset.c.o)
                0x0000000000008008                memset
 .text.strnlen  0x0000000000008018       0x18 c:\ncs\toolchains\b8b84efebd\opt\zephyr-sdk\arm-zephyr-eabi\bin\../lib/gcc/../../picolibc/arm-zephyr-eabi/lib/thumb/v8-m.main/nofp\libc.a(libc_string_strnlen.c.o)
                0x0000000000008018                strnlen
 .text.__ultoa_invert
                0x0000000000008030       0xac c:\ncs\toolchains\b8b84efebd\opt\zephyr-sdk\arm-zephyr-eabi\bin\../lib/gcc/../../picolibc/arm-zephyr-eabi/lib/thumb/v8-m.main/nofp\libc.a(libc_tinystdio_vflprintf.c.o)
 *(SORT_BY_ALIGNMENT(.TEXT.*))
 .TEXT.__aeabi_read_tp
                0x00000000000080dc        0xc zephyr/arch/arch/arm/core/cortex_m/libarch__arm__core__cortex_m.a(__aeabi_read_tp.S.obj)
                0x00000000000080dc                __aeabi_read_tp
 *(SORT_BY_ALIGNMENT(.gnu.linkonce.t.*))
 *(SORT_BY_ALIGNMENT(.glue_7t))
 .glue_7t       0x00000000000080e8        0x0 linker stubs
 *(SORT_BY_ALIGNMENT(.glue_7))
 .glue_7        0x00000000000080e8        0x0 linker stubs
 *(SORT_BY_ALIGNMENT(.vfp11_veneer))
 .vfp11_veneer  0x00000000000080e8        0x0 linker stubs
 *(SORT_BY_ALIGNMENT(.v4_bx))
 .v4_bx         0x00000000000080e8        0x0 linker stubs
                0x00000000000080e8                . = ALIGN (0x4)
                0x00000000000080e8                __text_region_end = .

.ARM.exidx      0x00000000000080e8        0x8
                0x00000000000080e8                __exidx_start = .
 *(SORT_BY_ALIGNMENT(.ARM.exidx*) SORT_BY_ALIGNMENT(gnu.linkonce.armexidx.*))
 .ARM.exidx     0x00000000000080e8        0x8 c:/ncs/toolchains/b8b84efebd/opt/zephyr-sdk/arm-zephyr-eabi/bin/../lib/gcc/arm-zephyr-eabi/12.2.0/thumb/v8-m.main/nofp\libgcc.a(_udivmoddi4.o)
                0x00000000000080f0                __exidx_end = .
                0x00000000000080f0                __rodata_region_start = .

initlevel       0x00000000000080f0       0x90
                0x00000000000080f0                __init_start = .
                0x00000000000080f0                __init_EARLY_start = .
 *(SORT_BY_NAME(SORT_BY_ALIGNMENT(.z_init_EARLY_P_?_*)))
 *(SORT_BY_NAME(SORT_BY_ALIGNMENT(.z_init_EARLY_P_??_*)))
 *(SORT_BY_NAME(SORT_BY_ALIGNMENT(.z_init_EARLY_P_???_*)))
                0x00000000000080f0                __init_PRE_KERNEL_1_start = .
 *(SORT_BY_NAME(SORT_BY_ALIGNMENT(.z_init_PRE_KERNEL_1_P_?_*)))
 .z_init_PRE_KERNEL_1_P_0_SUB_0_
                0x00000000000080f0        0x8 zephyr/soc/soc/nrf54l15/libsoc__nordic.a(soc.c.obj)
 *(SORT_BY_NAME(SORT_BY_ALIGNMENT(.z_init_PRE_KERNEL_1_P_??_*)))
 .z_init_PRE_KERNEL_1_P_30_SUB_00073_
                0x00000000000080f8        0x8 zephyr/drivers/clock_control/libdrivers__clock_control.a(clock_control_nrf.c.obj)
 .z_init_PRE_KERNEL_1_P_40_SUB_00011_
                0x0000000000008100        0x8 zephyr/drivers/gpio/libdrivers__gpio.a(gpio_nrfx.c.obj)
 .z_init_PRE_KERNEL_1_P_40_SUB_00014_
                0x0000000000008108        0x8 zephyr/drivers/gpio/libdrivers__gpio.a(gpio_nrfx.c.obj)
 .z_init_PRE_KERNEL_1_P_40_SUB_00019_
                0x0000000000008110        0x8 zephyr/drivers/gpio/libdrivers__gpio.a(gpio_nrfx.c.obj)
 .z_init_PRE_KERNEL_1_P_50_SUB_00118_
                0x0000000000008118        0x8 zephyr/drivers/serial/libdrivers__serial.a(uart_nrfx_uarte.c.obj)
 .z_init_PRE_KERNEL_1_P_50_SUB_00119_
                0x0000000000008120        0x8 zephyr/drivers/serial/libdrivers__serial.a(uart_nrfx_uarte.c.obj)
 .z_init_PRE_KERNEL_1_P_60_SUB_0_
                0x0000000000008128        0x8 zephyr/drivers/console/libdrivers__console.a(uart_console.c.obj)
 *(SORT_BY_NAME(SORT_BY_ALIGNMENT(.z_init_PRE_KERNEL_1_P_???_*)))
                0x0000000000008130                __init_PRE_KERNEL_2_start = .
 *(SORT_BY_NAME(SORT_BY_ALIGNMENT(.z_init_PRE_KERNEL_2_P_?_*)))
 .z_init_PRE_KERNEL_2_P_0_SUB_0_
                0x0000000000008130        0x8 zephyr/drivers/timer/libdrivers__timer.a(nrf_grtc_timer.c.obj)
 *(SORT_BY_NAME(SORT_BY_ALIGNMENT(.z_init_PRE_KERNEL_2_P_??_*)))
 *(SORT_BY_NAME(SORT_BY_ALIGNMENT(.z_init_PRE_KERNEL_2_P_???_*)))
                0x0000000000008138                __init_POST_KERNEL_start = .
 *(SORT_BY_NAME(SORT_BY_ALIGNMENT(.z_init_POST_KERNEL_P_?_*)))
 *(SORT_BY_NAME(SORT_BY_ALIGNMENT(.z_init_POST_KERNEL_P_??_*)))
 .z_init_POST_KERNEL_P_35_SUB_0_
                0x0000000000008138        0x8 zephyr/lib/libc/common/liblib__libc__common.a(malloc.c.obj)
 .z_init_POST_KERNEL_P_40_SUB_0_
                0x0000000000008140        0x8 zephyr/kernel/libkernel.a(system_work_q.c.obj)
 .z_init_POST_KERNEL_P_41_SUB_0_
                0x0000000000008148        0x8 zephyr/drivers/gpio/libdrivers__gpio.a(gpio_hogs.c.obj)
 .z_init_POST_KERNEL_P_45_SUB_00012_
                0x0000000000008150        0x8 zephyr/drivers/regulator/libdrivers__regulator.a(regulator_fixed.c.obj)
 .z_init_POST_KERNEL_P_45_SUB_00015_
                0x0000000000008158        0x8 zephyr/drivers/regulator/libdrivers__regulator.a(regulator_fixed.c.obj)
 .z_init_POST_KERNEL_P_45_SUB_00016_
                0x0000000000008160        0x8 zephyr/drivers/regulator/libdrivers__regulator.a(regulator_fixed.c.obj)
 .z_init_POST_KERNEL_P_45_SUB_00020_
                0x0000000000008168        0x8 zephyr/drivers/regulator/libdrivers__regulator.a(regulator_fixed.c.obj)
 .z_init_POST_KERNEL_P_50_SUB_00021_
                0x0000000000008170        0x8 zephyr/drivers/adc/libdrivers__adc.a(adc_nrfx_saadc.c.obj)
 .z_init_POST_KERNEL_P_50_SUB_0_
                0x0000000000008178        0x8 modules/nrf/subsys/nrf_security/src/zephyr/libmbedtls_zephyr.a(psa_crypto_init.c.obj)
 *(SORT_BY_NAME(SORT_BY_ALIGNMENT(.z_init_POST_KERNEL_P_???_*)))
                0x0000000000008180                __init_APPLICATION_start = .
 *(SORT_BY_NAME(SORT_BY_ALIGNMENT(.z_init_APPLICATION_P_?_*)))
 *(SORT_BY_NAME(SORT_BY_ALIGNMENT(.z_init_APPLICATION_P_??_*)))
 *(SORT_BY_NAME(SORT_BY_ALIGNMENT(.z_init_APPLICATION_P_???_*)))
                0x0000000000008180                __init_SMP_start = .
 *(SORT_BY_NAME(SORT_BY_ALIGNMENT(.z_init_SMP_P_?_*)))
 *(SORT_BY_NAME(SORT_BY_ALIGNMENT(.z_init_SMP_P_??_*)))
 *(SORT_BY_NAME(SORT_BY_ALIGNMENT(.z_init_SMP_P_???_*)))
                0x0000000000008180                __init_end = .

device_area     0x0000000000008180      0x18c
                0x0000000000008180                _device_list_start = .
 *(SORT_BY_NAME(SORT_BY_ALIGNMENT(._device.static.*_?_*)))
 *(SORT_BY_NAME(SORT_BY_ALIGNMENT(._device.static.*_??_*)))
 ._device.static.1_30_
                0x0000000000008180       0x24 zephyr/drivers/clock_control/libdrivers__clock_control.a(clock_control_nrf.c.obj)
                0x0000000000008180                __device_dts_ord_73
 ._device.static.1_40_
                0x00000000000081a4       0x6c zephyr/drivers/gpio/libdrivers__gpio.a(gpio_nrfx.c.obj)
                0x00000000000081a4                __device_dts_ord_11
                0x00000000000081c8                __device_dts_ord_19
                0x00000000000081ec                __device_dts_ord_14
 ._device.static.1_50_
                0x0000000000008210       0x48 zephyr/drivers/serial/libdrivers__serial.a(uart_nrfx_uarte.c.obj)
                0x0000000000008210                __device_dts_ord_119
                0x0000000000008234                __device_dts_ord_118
 ._device.static.3_45_
                0x0000000000008258       0x90 zephyr/drivers/regulator/libdrivers__regulator.a(regulator_fixed.c.obj)
                0x0000000000008258                __device_dts_ord_20
                0x000000000000827c                __device_dts_ord_16
                0x00000000000082a0                __device_dts_ord_15
                0x00000000000082c4                __device_dts_ord_12
 ._device.static.3_50_
                0x00000000000082e8       0x24 zephyr/drivers/adc/libdrivers__adc.a(adc_nrfx_saadc.c.obj)
                0x00000000000082e8                __device_dts_ord_21
 *(SORT_BY_NAME(SORT_BY_ALIGNMENT(._device.static.*_???_*)))
 *(SORT_BY_NAME(SORT_BY_ALIGNMENT(._device.static.*_????_*)))
 *(SORT_BY_NAME(SORT_BY_ALIGNMENT(._device.static.*_?????_*)))
                0x000000000000830c                _device_list_end = .

sw_isr_table    0x000000000000830c      0x878
                0x000000000000830c                . = ALIGN (0x4)
 *(SORT_BY_ALIGNMENT(.gnu.linkonce.sw_isr_table*))
 .gnu.linkonce.sw_isr_table
                0x000000000000830c      0x878 zephyr/CMakeFiles/zephyr_final.dir/isr_tables.c.obj
                0x000000000000830c                _sw_isr_table

initlevel_error
                0x00000000000080f0        0x0
 *(SORT_BY_NAME(SORT_BY_ALIGNMENT(.z_init_*)))
                0x0000000000000001                ASSERT ((SIZEOF (initlevel_error) == 0x0), Undefined initialization levels used.)

app_shmem_regions
                0x0000000000008b84        0x0
                0x0000000000008b84                __app_shmem_regions_start = .
 *(SORT_BY_NAME(SORT_BY_ALIGNMENT(.app_regions.*)))
                0x0000000000008b84                __app_shmem_regions_end = .

k_p4wq_initparam_area
                0x0000000000008b84        0x0
                0x0000000000008b84                _k_p4wq_initparam_list_start = .
 *(SORT_BY_NAME(SORT_BY_ALIGNMENT(._k_p4wq_initparam.static.*)))
                0x0000000000008b84                _k_p4wq_initparam_list_end = .

_static_thread_data_area
                0x0000000000008b84        0x0
                0x0000000000008b84                __static_thread_data_list_start = .
 *(SORT_BY_NAME(SORT_BY_ALIGNMENT(.__static_thread_data.static.*)))
                0x0000000000008b84                __static_thread_data_list_end = .

device_deps     0x0000000000008b84        0x0
                0x0000000000008b84                __device_deps_start = .
 *(SORT_BY_NAME(SORT_BY_ALIGNMENT(.__device_deps_pass2*)))
                0x0000000000008b84                __device_deps_end = .

adc_driver_api_area
                0x0000000000008b84       0x10
                0x0000000000008b84                _adc_driver_api_list_start = .
 *(SORT_BY_NAME(SORT_BY_ALIGNMENT(._adc_driver_api.static.*)))
 ._adc_driver_api.static.adc_nrfx_driver_api_
                0x0000000000008b84       0x10 zephyr/drivers/adc/libdrivers__adc.a(adc_nrfx_saadc.c.obj)
                0x0000000000008b94                _adc_driver_api_list_end = .

gpio_driver_api_area
                0x0000000000008b94       0x24
                0x0000000000008b94                _gpio_driver_api_list_start = .
 *(SORT_BY_NAME(SORT_BY_ALIGNMENT(._gpio_driver_api.static.*)))
 ._gpio_driver_api.static.gpio_nrfx_drv_api_funcs_
                0x0000000000008b94       0x24 zephyr/drivers/gpio/libdrivers__gpio.a(gpio_nrfx.c.obj)
                0x0000000000008bb8                _gpio_driver_api_list_end = .

shared_irq_driver_api_area
                0x0000000000008bb8        0x0
                0x0000000000008bb8                _shared_irq_driver_api_list_start = .
 *(SORT_BY_NAME(SORT_BY_ALIGNMENT(._shared_irq_driver_api.static.*)))
                0x0000000000008bb8                _shared_irq_driver_api_list_end = .

crypto_driver_api_area
                0x0000000000008bb8        0x0
                0x0000000000008bb8                _crypto_driver_api_list_start = .
 *(SORT_BY_NAME(SORT_BY_ALIGNMENT(._crypto_driver_api.static.*)))
                0x0000000000008bb8                _crypto_driver_api_list_end = .

auxdisplay_driver_api_area
                0x0000000000008bb8        0x0
                0x0000000000008bb8                _auxdisplay_driver_api_list_start = .
 *(SORT_BY_NAME(SORT_BY_ALIGNMENT(._auxdisplay_driver_api.static.*)))
                0x0000000000008bb8                _auxdisplay_driver_api_list_end = .

bbram_driver_api_area
                0x0000000000008bb8        0x0
                0x0000000000008bb8                _bbram_driver_api_list_start = .
 *(SORT_BY_NAME(SORT_BY_ALIGNMENT(._bbram_driver_api.static.*)))
                0x0000000000008bb8                _bbram_driver_api_list_end = .

bt_hci_driver_api_area
                0x0000000000008bb8        0x0
                0x0000000000008bb8                _bt_hci_driver_api_list_start = .
 *(SORT_BY_NAME(SORT_BY_ALIGNMENT(._bt_hci_driver_api.static.*)))
                0x0000000000008bb8                _bt_hci_driver_api_list_end = .

can_driver_api_area
                0x0000000000008bb8        0x0
                0x0000000000008bb8                _can_driver_api_list_start = .
 *(SORT_BY_NAME(SORT_BY_ALIGNMENT(._can_driver_api.static.*)))
                0x0000000000008bb8                _can_driver_api_list_end = .

cellular_driver_api_area
                0x0000000000008bb8        0x0
                0x0000000000008bb8                _cellular_driver_api_list_start = .
 *(SORT_BY_NAME(SORT_BY_ALIGNMENT(._cellular_driver_api.static.*)))
                0x0000000000008bb8                _cellular_driver_api_list_end = .

charger_driver_api_area
                0x0000000000008bb8        0x0
                0x0000000000008bb8                _charger_driver_api_list_start = .
 *(SORT_BY_NAME(SORT_BY_ALIGNMENT(._charger_driver_api.static.*)))
                0x0000000000008bb8                _charger_driver_api_list_end = .

clock_control_driver_api_area
                0x0000000000008bb8       0x1c
                0x0000000000008bb8                _clock_control_driver_api_list_start = .
 *(SORT_BY_NAME(SORT_BY_ALIGNMENT(._clock_control_driver_api.static.*)))
 ._clock_control_driver_api.static.clock_control_api_
                0x0000000000008bb8       0x1c zephyr/drivers/clock_control/libdrivers__clock_control.a(clock_control_nrf.c.obj)
                0x0000000000008bd4                _clock_control_driver_api_list_end = .

comparator_driver_api_area
                0x0000000000008bd4        0x0
                0x0000000000008bd4                _comparator_driver_api_list_start = .
 *(SORT_BY_NAME(SORT_BY_ALIGNMENT(._comparator_driver_api.static.*)))
                0x0000000000008bd4                _comparator_driver_api_list_end = .

coredump_driver_api_area
                0x0000000000008bd4        0x0
                0x0000000000008bd4                _coredump_driver_api_list_start = .
 *(SORT_BY_NAME(SORT_BY_ALIGNMENT(._coredump_driver_api.static.*)))
                0x0000000000008bd4                _coredump_driver_api_list_end = .

counter_driver_api_area
                0x0000000000008bd4        0x0
                0x0000000000008bd4                _counter_driver_api_list_start = .
 *(SORT_BY_NAME(SORT_BY_ALIGNMENT(._counter_driver_api.static.*)))
                0x0000000000008bd4                _counter_driver_api_list_end = .

dac_driver_api_area
                0x0000000000008bd4        0x0
                0x0000000000008bd4                _dac_driver_api_list_start = .
 *(SORT_BY_NAME(SORT_BY_ALIGNMENT(._dac_driver_api.static.*)))
                0x0000000000008bd4                _dac_driver_api_list_end = .

dai_driver_api_area
                0x0000000000008bd4        0x0
                0x0000000000008bd4                _dai_driver_api_list_start = .
 *(SORT_BY_NAME(SORT_BY_ALIGNMENT(._dai_driver_api.static.*)))
                0x0000000000008bd4                _dai_driver_api_list_end = .

display_driver_api_area
                0x0000000000008bd4        0x0
                0x0000000000008bd4                _display_driver_api_list_start = .
 *(SORT_BY_NAME(SORT_BY_ALIGNMENT(._display_driver_api.static.*)))
                0x0000000000008bd4                _display_driver_api_list_end = .

dma_driver_api_area
                0x0000000000008bd4        0x0
                0x0000000000008bd4                _dma_driver_api_list_start = .
 *(SORT_BY_NAME(SORT_BY_ALIGNMENT(._dma_driver_api.static.*)))
                0x0000000000008bd4                _dma_driver_api_list_end = .

edac_driver_api_area
                0x0000000000008bd4        0x0
                0x0000000000008bd4                _edac_driver_api_list_start = .
 *(SORT_BY_NAME(SORT_BY_ALIGNMENT(._edac_driver_api.static.*)))
                0x0000000000008bd4                _edac_driver_api_list_end = .

eeprom_driver_api_area
                0x0000000000008bd4        0x0
                0x0000000000008bd4                _eeprom_driver_api_list_start = .
 *(SORT_BY_NAME(SORT_BY_ALIGNMENT(._eeprom_driver_api.static.*)))
                0x0000000000008bd4                _eeprom_driver_api_list_end = .

emul_bbram_driver_api_area
                0x0000000000008bd4        0x0
                0x0000000000008bd4                _emul_bbram_driver_api_list_start = .
 *(SORT_BY_NAME(SORT_BY_ALIGNMENT(._emul_bbram_driver_api.static.*)))