Archive member included to satisfy reference by file (symbol)

app/libapp.a(main.c.obj)      (--whole-archive)
zephyr/libzephyr.a(validate_libc.c.obj)
                              (--whole-archive)
zephyr/libzephyr.a(heap.c.obj)
                              (--whole-archive)
zephyr/libzephyr.a(cbprintf_packaged.c.obj)
                              (--whole-archive)
zephyr/libzephyr.a(clock.c.obj)
                              (--whole-archive)
zephyr/libzephyr.a(printk.c.obj)
                              (--whole-archive)
zephyr/libzephyr.a(sem.c.obj)
                              (--whole-archive)
zephyr/libzephyr.a(thread_entry.c.obj)
                              (--whole-archive)
zephyr/libzephyr.a(cbprintf_complete.c.obj)
                              (--whole-archive)
zephyr/libzephyr.a(assert.c.obj)
                              (--whole-archive)
zephyr/libzephyr.a(dec.c.obj)
                              (--whole-archive)
zephyr/libzephyr.a(hex.c.obj)
                              (--whole-archive)
zephyr/libzephyr.a(rb.c.obj)  (--whole-archive)
zephyr/libzephyr.a(timeutil.c.obj)
                              (--whole-archive)
zephyr/libzephyr.a(bitarray.c.obj)
                              (--whole-archive)
zephyr/libzephyr.a(bitmask.c.obj)
                              (--whole-archive)
zephyr/libzephyr.a(onoff.c.obj)
                              (--whole-archive)
zephyr/libzephyr.a(notify.c.obj)
                              (--whole-archive)
zephyr/libzephyr.a(ring_buffer.c.obj)
                              (--whole-archive)
zephyr/libzephyr.a(last_section_id.c.obj)
                              (--whole-archive)
zephyr/libzephyr.a(configs.c.obj)
                              (--whole-archive)
zephyr/libzephyr.a(mem_attr.c.obj)
                              (--whole-archive)
zephyr/libzephyr.a(tracing_none.c.obj)
                              (--whole-archive)
zephyr/libzephyr.a(banner.c.obj)
                              (--whole-archive)
zephyr/arch/common/libarch__common.a(sw_isr_common.c.obj)
                              (--whole-archive)
zephyr/arch/common/libarch__common.a(init.c.obj)
                              (--whole-archive)
zephyr/arch/common/libarch__common.a(xip.c.obj)
                              (--whole-archive)
zephyr/arch/arch/arm/core/libarch__arm__core.a(fatal.c.obj)
                              (--whole-archive)
zephyr/arch/arch/arm/core/libarch__arm__core.a(nmi.c.obj)
                              (--whole-archive)
zephyr/arch/arch/arm/core/libarch__arm__core.a(nmi_on_reset.S.obj)
                              (--whole-archive)
zephyr/arch/arch/arm/core/libarch__arm__core.a(tls.c.obj)
                              (--whole-archive)
zephyr/arch/arch/arm/core/cortex_m/libarch__arm__core__cortex_m.a(exc_exit.c.obj)
                              (--whole-archive)
zephyr/arch/arch/arm/core/cortex_m/libarch__arm__core__cortex_m.a(fault.c.obj)
                              (--whole-archive)
zephyr/arch/arch/arm/core/cortex_m/libarch__arm__core__cortex_m.a(fault_s.S.obj)
                              (--whole-archive)
zephyr/arch/arch/arm/core/cortex_m/libarch__arm__core__cortex_m.a(fpu.c.obj)
                              (--whole-archive)
zephyr/arch/arch/arm/core/cortex_m/libarch__arm__core__cortex_m.a(reset.S.obj)
                              (--whole-archive)
zephyr/arch/arch/arm/core/cortex_m/libarch__arm__core__cortex_m.a(scb.c.obj)
                              (--whole-archive)
zephyr/arch/arch/arm/core/cortex_m/libarch__arm__core__cortex_m.a(thread_abort.c.obj)
                              (--whole-archive)
zephyr/arch/arch/arm/core/cortex_m/libarch__arm__core__cortex_m.a(vector_table.S.obj)
                              (--whole-archive)
zephyr/arch/arch/arm/core/cortex_m/libarch__arm__core__cortex_m.a(swap_helper.S.obj)
                              (--whole-archive)
zephyr/arch/arch/arm/core/cortex_m/libarch__arm__core__cortex_m.a(irq_manage.c.obj)
                              (--whole-archive)
zephyr/arch/arch/arm/core/cortex_m/libarch__arm__core__cortex_m.a(prep_c.c.obj)
                              (--whole-archive)
zephyr/arch/arch/arm/core/cortex_m/libarch__arm__core__cortex_m.a(thread.c.obj)
                              (--whole-archive)
zephyr/arch/arch/arm/core/cortex_m/libarch__arm__core__cortex_m.a(cpu_idle.c.obj)
                              (--whole-archive)
zephyr/arch/arch/arm/core/cortex_m/libarch__arm__core__cortex_m.a(irq_init.c.obj)
                              (--whole-archive)
zephyr/arch/arch/arm/core/cortex_m/libarch__arm__core__cortex_m.a(isr_wrapper.c.obj)
                              (--whole-archive)
zephyr/arch/arch/arm/core/cortex_m/libarch__arm__core__cortex_m.a(__aeabi_read_tp.S.obj)
                              (--whole-archive)
zephyr/arch/arch/arm/core/cortex_m/cmse/libarch__arm__core__cortex_m__cmse.a(arm_core_cmse.c.obj)
                              (--whole-archive)
[...]
Memory Configuration

Name             Origin             Length             Attributes
FLASH            0x0000000000000000 0x0000000000165000 xr
RAM              0x0000000020000000 0x0000000000028000 xw
IDT_LIST         0x00000000ffff7fff 0x0000000000008000 xw
*default*        0x0000000000000000 0xffffffffffffffff

Linker script and memory map

                0x000000000000501c                vfprintf = __l_vfprintf
                0x0000000000000000                vfscanf = __l_vfscanf
LOAD zephyr/CMakeFiles/zephyr_final.dir/misc/empty_file.c.obj
LOAD zephyr/CMakeFiles/zephyr_final.dir/isr_tables.c.obj
LOAD zephyr/CMakeFiles/offsets.dir/./arch/arm/core/offsets/offsets.c.obj
LOAD app/libapp.a
LOAD zephyr/libzephyr.a
LOAD zephyr/arch/common/libarch__common.a
LOAD zephyr/arch/arch/arm/core/libarch__arm__core.a
LOAD zephyr/arch/arch/arm/core/cortex_m/libarch__arm__core__cortex_m.a
LOAD zephyr/arch/arch/arm/core/cortex_m/cmse/libarch__arm__core__cortex_m__cmse.a
LOAD zephyr/arch/arch/arm/core/mpu/libarch__arm__core__mpu.a
LOAD zephyr/lib/libc/picolibc/liblib__libc__picolibc.a
LOAD zephyr/lib/libc/common/liblib__libc__common.a
LOAD zephyr/soc/soc/nrf54l15/libsoc__nordic.a
LOAD zephyr/drivers/misc/nordic_vpr_launcher/libdrivers__misc__nordic_vpr_launcher.a
LOAD zephyr/drivers/cache/libdrivers__cache.a
LOAD zephyr/drivers/clock_control/libdrivers__clock_control.a
LOAD zephyr/drivers/console/libdrivers__console.a
LOAD zephyr/drivers/gpio/libdrivers__gpio.a
LOAD zephyr/drivers/pinctrl/libdrivers__pinctrl.a
LOAD zephyr/drivers/serial/libdrivers__serial.a
LOAD zephyr/drivers/timer/libdrivers__timer.a
LOAD modules/nrf/subsys/nrf_security/src/zephyr/libmbedtls_zephyr.a
LOAD modules/hal_nordic/modules/hal_nordic/nrfx/libmodules__hal_nordic__nrfx.a
LOAD zephyr/kernel/libkernel.a
LOAD modules/nrf/subsys/nrf_security/src/libmbedcrypto.a
LOAD modules/nrf/subsys/nrf_security/src/core/nrf_oberon/libpsa_core.a
LOAD modules/nrf/subsys/nrf_security/src/drivers/cracen/libcracen_psa_driver.a
LOAD modules/nrf/subsys/nrf_security/src/libmbedcrypto_base.a
LOAD modules/nrf/subsys/nrf_security/src/libnrf_security_utils.a
LOAD zephyr/kernel/libkernel.a
LOAD zephyr/arch/common/libisr_tables.a
LOAD c:\ncs\toolchains\c1a76fddb2\opt\zephyr-sdk\arm-zephyr-eabi\bin\../lib/gcc/../../picolibc/arm-zephyr-eabi/lib/thumb/v8-m.main/nofp\libc.a
LOAD c:/ncs/toolchains/c1a76fddb2/opt/zephyr-sdk/arm-zephyr-eabi/bin/../lib/gcc/arm-zephyr-eabi/12.2.0/thumb/v8-m.main/nofp\libgcc.a
                0x0000000000000020                _region_min_align = 0x20

.rel.plt        0x0000000000000000        0x0
 *(SORT_BY_ALIGNMENT(.rel.plt))
                [!provide]                        PROVIDE (__rel_iplt_start = .)
 *(SORT_BY_ALIGNMENT(.rel.iplt))
 .rel.iplt      0x0000000000000000        0x0 zephyr/CMakeFiles/zephyr_final.dir/isr_tables.c.obj
                [!provide]                        PROVIDE (__rel_iplt_end = .)

.rela.plt       0x0000000000000000        0x0
 *(SORT_BY_ALIGNMENT(.rela.plt))
                [!provide]                        PROVIDE (__rela_iplt_start = .)
 *(SORT_BY_ALIGNMENT(.rela.iplt))
                [!provide]                        PROVIDE (__rela_iplt_end = .)

.rel.dyn
 *(SORT_BY_ALIGNMENT(.rel.*))

.rela.dyn
 *(SORT_BY_ALIGNMENT(.rela.*))

/DISCARD/
 *(SORT_BY_ALIGNMENT(.plt))

/DISCARD/
 *(SORT_BY_ALIGNMENT(.iplt))
                0x0000000000000000                __rom_region_start = 0x0

rom_start       0x0000000000000000      0x47c
                0x0000000000000000                __rom_start_address = .
 FILL mask 0x00
                0x0000000000000000                . = (. + (0x0 - (. - __rom_start_address)))
                0x0000000000000000                . = ALIGN (0x4)
                0x0000000000000000                . = ALIGN (0x80)
                0x0000000000000000                . = ALIGN (0x800)
                0x0000000000000000                _vector_start = .
 *(SORT_BY_ALIGNMENT(.exc_vector_table))
 *(SORT_BY_ALIGNMENT(.exc_vector_table.*))
 .exc_vector_table._vector_table_section
                0x0000000000000000       0x40 zephyr/arch/arch/arm/core/cortex_m/libarch__arm__core__cortex_m.a(vector_table.S.obj)
                0x0000000000000000                _vector_table
 *(SORT_BY_ALIGNMENT(.vectors))
                0x000000000000047c                _vector_end = .
                0x0000000000000040                . = ALIGN (0x4)
 *(SORT_BY_ALIGNMENT(.gnu.linkonce.irq_vector_table*))
 .gnu.linkonce.irq_vector_table
                0x0000000000000040      0x43c zephyr/CMakeFiles/zephyr_final.dir/isr_tables.c.obj
                0x0000000000000040                _irq_vector_table
                0x000000000000047c                _vector_end = .

text            0x000000000000047c     0x60c4
                0x000000000000047c                __text_region_start = .
 *(SORT_BY_ALIGNMENT(.text))
 .text          0x000000000000047c       0x30 c:/ncs/toolchains/c1a76fddb2/opt/zephyr-sdk/arm-zephyr-eabi/bin/../lib/gcc/arm-zephyr-eabi/12.2.0/thumb/v8-m.main/nofp\libgcc.a(_aeabi_uldivmod.o)
                0x000000000000047c                __aeabi_uldivmod
 .text          0x00000000000004ac        0x4 c:/ncs/toolchains/c1a76fddb2/opt/zephyr-sdk/arm-zephyr-eabi/bin/../lib/gcc/arm-zephyr-eabi/12.2.0/thumb/v8-m.main/nofp\libgcc.a(_dvmd_tls.o)
                0x00000000000004ac                __aeabi_idiv0
                0x00000000000004ac                __aeabi_ldiv0
 .text          0x00000000000004b0      0x29c c:/ncs/toolchains/c1a76fddb2/opt/zephyr-sdk/arm-zephyr-eabi/bin/../lib/gcc/arm-zephyr-eabi/12.2.0/thumb/v8-m.main/nofp\libgcc.a(_udivmoddi4.o)
                0x00000000000004b0                __udivmoddi4
 *(SORT_BY_ALIGNMENT(.text.*))
 .text.char_out
                0x000000000000074c        0xc zephyr/libzephyr.a(printk.c.obj)
 .text.__printk_hook_install
                0x0000000000000758        0xc zephyr/libzephyr.a(printk.c.obj)
                0x0000000000000758                __printk_hook_install
 .text.vprintk  0x0000000000000764       0x30 zephyr/libzephyr.a(printk.c.obj)
                0x0000000000000764                vprintk
 .text.z_thread_entry
                0x0000000000000794       0x34 zephyr/libzephyr.a(thread_entry.c.obj)
                0x0000000000000794                z_thread_entry
 .text.process_event
                0x00000000000007c8      0x21c zephyr/libzephyr.a(onoff.c.obj)
 .text.mem_attr_get_regions
                0x00000000000009e4        0xc zephyr/libzephyr.a(mem_attr.c.obj)
                0x00000000000009e4                mem_attr_get_regions
 .text.boot_banner
                0x00000000000009f0       0x1c zephyr/libzephyr.a(banner.c.obj)
                0x00000000000009f0                boot_banner
 .text.arch_bss_zero
                0x0000000000000a0c       0x18 zephyr/arch/common/libarch__common.a(init.c.obj)
                0x0000000000000a0c                arch_bss_zero
 .text.arch_data_copy
                0x0000000000000a24       0x38 zephyr/arch/common/libarch__common.a(xip.c.obj)
                0x0000000000000a24                arch_data_copy
 .text.z_arm_fatal_error
                0x0000000000000a5c       0x60 zephyr/arch/arch/arm/core/libarch__arm__core.a(fatal.c.obj)
                0x0000000000000a5c                z_arm_fatal_error
 .text.z_SysNmiOnReset
                0x0000000000000abc        0x8 zephyr/arch/arch/arm/core/libarch__arm__core.a(nmi_on_reset.S.obj)
                0x0000000000000abc                z_SysNmiOnReset
 .text.arch_tls_stack_setup
                0x0000000000000ac4       0x40 zephyr/arch/arch/arm/core/libarch__arm__core.a(tls.c.obj)
                0x0000000000000ac4                arch_tls_stack_setup
 .text._HandlerModeExit
                0x0000000000000b04       0x20 zephyr/arch/arch/arm/core/cortex_m/libarch__arm__core__cortex_m.a(exc_exit.c.obj)
                0x0000000000000b04                z_arm_int_exit
                0x0000000000000b04                z_arm_exc_exit
 .text.usage_fault.constprop.0
                0x0000000000000b24       0xa8 zephyr/arch/arch/arm/core/cortex_m/libarch__arm__core__cortex_m.a(fault.c.obj)
 .text.bus_fault.constprop.0
                0x0000000000000bcc       0xb8 zephyr/arch/arch/arm/core/cortex_m/libarch__arm__core__cortex_m.a(fault.c.obj)
 .text.mem_manage_fault.constprop.0
                0x0000000000000c84       0xbc zephyr/arch/arch/arm/core/cortex_m/libarch__arm__core__cortex_m.a(fault.c.obj)
 .text.z_arm_fault
                0x0000000000000d40      0x1a0 zephyr/arch/arch/arm/core/cortex_m/libarch__arm__core__cortex_m.a(fault.c.obj)
                0x0000000000000d40                z_arm_fault
 .text.z_arm_fault_init
                0x0000000000000ee0       0x20 zephyr/arch/arch/arm/core/cortex_m/libarch__arm__core__cortex_m.a(fault.c.obj)
                0x0000000000000ee0                z_arm_fault_init
 .text.__fault  0x0000000000000f00       0x14 zephyr/arch/arch/arm/core/cortex_m/libarch__arm__core__cortex_m.a(fault_s.S.obj)
                0x0000000000000f00                z_arm_usage_fault
                0x0000000000000f00                z_arm_mpu_fault
                0x0000000000000f00                z_arm_exc_spurious
                0x0000000000000f00                z_arm_debug_monitor
                0x0000000000000f00                z_arm_hard_fault
                0x0000000000000f00                z_arm_bus_fault
 .text._reset_section
                0x0000000000000f14       0x60 zephyr/arch/arch/arm/core/cortex_m/libarch__arm__core__cortex_m.a(reset.S.obj)
                0x0000000000000f14                __start
                0x0000000000000f14                z_arm_reset
 .text.z_arm_clear_arm_mpu_config
                0x0000000000000f74       0x24 zephyr/arch/arch/arm/core/cortex_m/libarch__arm__core__cortex_m.a(scb.c.obj)
                0x0000000000000f74                z_arm_clear_arm_mpu_config
 .text.z_arm_init_arch_hw_at_boot
                0x0000000000000f98       0x4c zephyr/arch/arch/arm/core/cortex_m/libarch__arm__core__cortex_m.a(scb.c.obj)
                0x0000000000000f98                z_arm_init_arch_hw_at_boot
 .text.z_impl_k_thread_abort
                0x0000000000000fe4       0x2c zephyr/arch/arch/arm/core/cortex_m/libarch__arm__core__cortex_m.a(thread_abort.c.obj)
                0x0000000000000fe4                z_impl_k_thread_abort
 .text.z_arm_pendsv
                0x0000000000001010       0x68 zephyr/arch/arch/arm/core/cortex_m/libarch__arm__core__cortex_m.a(swap_helper.S.obj)
                0x0000000000001010                z_arm_pendsv
 .text.z_arm_svc
                0x0000000000001078       0x24 zephyr/arch/arch/arm/core/cortex_m/libarch__arm__core__cortex_m.a(swap_helper.S.obj)
                0x0000000000001078                z_arm_svc
 .text.arm_irq_enable
                0x000000000000109c       0x1c zephyr/arch/arch/arm/core/cortex_m/libarch__arm__core__cortex_m.a(irq_manage.c.obj)
                0x000000000000109c                arm_irq_enable
 .text.arm_irq_disable
                0x00000000000010b8       0x28 zephyr/arch/arch/arm/core/cortex_m/libarch__arm__core__cortex_m.a(irq_manage.c.obj)
                0x00000000000010b8                arm_irq_disable
 .text.arm_irq_is_enabled
                0x00000000000010e0       0x1c zephyr/arch/arch/arm/core/cortex_m/libarch__arm__core__cortex_m.a(irq_manage.c.obj)
                0x00000000000010e0                arm_irq_is_enabled
 .text.arm_irq_priority_set
                0x00000000000010fc       0x2c zephyr/arch/arch/arm/core/cortex_m/libarch__arm__core__cortex_m.a(irq_manage.c.obj)
                0x00000000000010fc                arm_irq_priority_set
 .text.relocate_vector_table
                0x0000000000001128       0x1c zephyr/arch/arch/arm/core/cortex_m/libarch__arm__core__cortex_m.a(prep_c.c.obj)
                0x0000000000001128                relocate_vector_table
 .text.z_prep_c
                0x0000000000001144       0x28 zephyr/arch/arch/arm/core/cortex_m/libarch__arm__core__cortex_m.a(prep_c.c.obj)
                0x0000000000001144                z_prep_c
 .text.arch_new_thread
                0x000000000000116c       0x38 zephyr/arch/arch/arm/core/cortex_m/libarch__arm__core__cortex_m.a(thread.c.obj)
                0x000000000000116c                arch_new_thread
 .text.arch_switch_to_main_thread
                0x00000000000011a4       0x40 zephyr/arch/arch/arm/core/cortex_m/libarch__arm__core__cortex_m.a(thread.c.obj)
                0x00000000000011a4                arch_switch_to_main_thread
 .text.z_arm_cpu_idle_init
                0x00000000000011e4        0xc zephyr/arch/arch/arm/core/cortex_m/libarch__arm__core__cortex_m.a(cpu_idle.c.obj)
                0x00000000000011e4                z_arm_cpu_idle_init
 .text.z_arm_interrupt_init
                0x00000000000011f0       0x20 zephyr/arch/arch/arm/core/cortex_m/libarch__arm__core__cortex_m.a(irq_init.c.obj)
                0x00000000000011f0                z_arm_interrupt_init
 .text._isr_wrapper
                0x0000000000001210       0x24 zephyr/arch/arch/arm/core/cortex_m/libarch__arm__core__cortex_m.a(isr_wrapper.c.obj)
                0x0000000000001210                _isr_wrapper
 .text.z_arm_configure_static_mpu_regions
                0x0000000000001234       0x38 zephyr/arch/arch/arm/core/mpu/libarch__arm__core__mpu.a(arm_core_mpu.c.obj)
                0x0000000000001234                z_arm_configure_static_mpu_regions
 .text.region_init
                0x000000000000126c       0x34 zephyr/arch/arch/arm/core/mpu/libarch__arm__core__mpu.a(arm_mpu.c.obj)
 .text.region_allocate_and_init
                0x00000000000012a0       0x24 zephyr/arch/arch/arm/core/mpu/libarch__arm__core__mpu.a(arm_mpu.c.obj)
 .text.mpu_configure_regions_and_partition.constprop.0
                0x00000000000012c4      0x148 zephyr/arch/arch/arm/core/mpu/libarch__arm__core__mpu.a(arm_mpu.c.obj)
 .text.arm_core_mpu_enable
                0x000000000000140c       0x18 zephyr/arch/arch/arm/core/mpu/libarch__arm__core__mpu.a(arm_mpu.c.obj)
                0x000000000000140c                arm_core_mpu_enable
 .text.arm_core_mpu_disable
                0x0000000000001424       0x14 zephyr/arch/arch/arm/core/mpu/libarch__arm__core__mpu.a(arm_mpu.c.obj)
                0x0000000000001424                arm_core_mpu_disable
 .text.arm_core_mpu_configure_static_mpu_regions
                0x0000000000001438       0x14 zephyr/arch/arch/arm/core/mpu/libarch__arm__core__mpu.a(arm_mpu.c.obj)
                0x0000000000001438                arm_core_mpu_configure_static_mpu_regions
 .text.arm_core_mpu_mark_areas_for_dynamic_regions
                0x000000000000144c       0xb8 zephyr/arch/arch/arm/core/mpu/libarch__arm__core__mpu.a(arm_mpu.c.obj)
                0x000000000000144c                arm_core_mpu_mark_areas_for_dynamic_regions
 .text.z_arm_mpu_init
                0x0000000000001504      0x11c zephyr/arch/arch/arm/core/mpu/libarch__arm__core__mpu.a(arm_mpu.c.obj)
                0x0000000000001504                z_arm_mpu_init
 .text.z_impl_zephyr_fputc
                0x0000000000001620       0x10 zephyr/lib/libc/picolibc/liblib__libc__picolibc.a(stdio.c.obj)
                0x0000000000001620                z_impl_zephyr_fputc
 .text.__stdout_hook_install
                0x0000000000001630       0x18 zephyr/lib/libc/picolibc/liblib__libc__picolibc.a(stdio.c.obj)
                0x0000000000001630                __stdout_hook_install
 .text.malloc_prepare
                0x0000000000001648       0x24 zephyr/lib/libc/common/liblib__libc__common.a(malloc.c.obj)
 .text.nordicsemi_nrf54l_init
                0x000000000000166c       0xa4 zephyr/soc/soc/nrf54l15/libsoc__nordic.a(soc.c.obj)
                0x000000000000166c                nordicsemi_nrf54l_init
 .text.arch_busy_wait
                0x0000000000001710       0x24 zephyr/soc/soc/nrf54l15/libsoc__nordic.a(soc.c.obj)
                0x0000000000001710                arch_busy_wait
 .text.cache_instr_enable
                0x0000000000001734       0x10 zephyr/drivers/cache/libdrivers__cache.a(cache_nrf.c.obj)
                0x0000000000001734                cache_instr_enable
 .text.onoff_stop
                0x0000000000001744       0x30 zephyr/drivers/clock_control/libdrivers__clock_control.a(clock_control_nrf.c.obj)
 .text.onoff_start
                0x0000000000001774       0x44 zephyr/drivers/clock_control/libdrivers__clock_control.a(clock_control_nrf.c.obj)
 .text.clk_init
                0x00000000000017b8       0x5c zephyr/drivers/clock_control/libdrivers__clock_control.a(clock_control_nrf.c.obj)
 .text.api_blocking_start
                0x0000000000001814       0x34 zephyr/drivers/clock_control/libdrivers__clock_control.a(clock_control_nrf.c.obj)
 .text.generic_hfclk_stop
                0x0000000000001848       0x34 zephyr/drivers/clock_control/libdrivers__clock_control.a(clock_control_nrf.c.obj)
 .text.clkstarted_handle.constprop.0
                0x000000000000187c       0x4c zephyr/drivers/clock_control/libdrivers__clock_control.a(clock_control_nrf.c.obj)
 .text.generic_hfclk_start
                0x00000000000018c8       0x78 zephyr/drivers/clock_control/libdrivers__clock_control.a(clock_control_nrf.c.obj)
 .text.z_nrf_clock_control_lf_on
                0x0000000000001940       0xf4 zephyr/drivers/clock_control/libdrivers__clock_control.a(clock_control_nrf.c.obj)
                0x0000000000001940                z_nrf_clock_control_lf_on
 .text.uart_console_init
                0x0000000000001a34       0x28 zephyr/drivers/console/libdrivers__console.a(uart_console.c.obj)
 .text.console_out
                0x0000000000001a5c       0x28 zephyr/drivers/console/libdrivers__console.a(uart_console.c.obj)
 .text.gpio_nrfx_pin_configure
                0x0000000000001a84      0x188 zephyr/drivers/gpio/libdrivers__gpio.a(gpio_nrfx.c.obj)
 .text.nrfx_gpio_handler
                0x0000000000001c0c       0x58 zephyr/drivers/gpio/libdrivers__gpio.a(gpio_nrfx.c.obj)
 .text.gpio_nrfx_init
                0x0000000000001c64       0x54 zephyr/drivers/gpio/libdrivers__gpio.a(gpio_nrfx.c.obj)
 .text.gpio_nrfx_pin_interrupt_configure
                0x0000000000001cb8      0x11c zephyr/drivers/gpio/libdrivers__gpio.a(gpio_nrfx.c.obj)
 .text.nrf_gpio_pin_port_decode
                0x0000000000001dd4       0x20 zephyr/drivers/pinctrl/libdrivers__pinctrl.a(pinctrl_nrf.c.obj)
 .text.pinctrl_configure_pins
                0x0000000000001df4      0x180 zephyr/drivers/pinctrl/libdrivers__pinctrl.a(pinctrl_nrf.c.obj)
                0x0000000000001df4                pinctrl_configure_pins
 .text.uarte_nrfx_poll_out
                0x0000000000001f74       0xb4 zephyr/drivers/serial/libdrivers__serial.a(uart_nrfx_uarte.c.obj)
 .text.sys_clock_timeout_handler
                0x0000000000002028       0x40 zephyr/drivers/timer/libdrivers__timer.a(nrf_grtc_timer.c.obj)
 .text.sys_clock_driver_init
                0x0000000000002068       0x80 zephyr/drivers/timer/libdrivers__timer.a(nrf_grtc_timer.c.obj)
 .text.sys_clock_elapsed
                0x00000000000020e8       0x20 zephyr/drivers/timer/libdrivers__timer.a(nrf_grtc_timer.c.obj)
                0x00000000000020e8                sys_clock_elapsed
 .text.sys_clock_set_timeout
                0x0000000000002108       0x50 zephyr/drivers/timer/libdrivers__timer.a(nrf_grtc_timer.c.obj)
                0x0000000000002108                sys_clock_set_timeout
 .text.nrf54l_errata_31
                0x0000000000002158       0x20 modules/hal_nordic/modules/hal_nordic/nrfx/libmodules__hal_nordic__nrfx.a(system_nrf54l.c.obj)
 .text.nrf54l_handle_approtect_signal
                0x0000000000002178       0x34 modules/hal_nordic/modules/hal_nordic/nrfx/libmodules__hal_nordic__nrfx.a(system_nrf54l.c.obj)
 .text.SystemInit
                0x00000000000021ac      0x12c modules/hal_nordic/modules/hal_nordic/nrfx/libmodules__hal_nordic__nrfx.a(system_nrf54l.c.obj)
                0x00000000000021ac                SystemInit
 .text.nrfx_flag32_alloc
                0x00000000000022d8       0x40 modules/hal_nordic/modules/hal_nordic/nrfx/libmodules__hal_nordic__nrfx.a(nrfx_flag32_allocator.c.obj)
                0x00000000000022d8                nrfx_flag32_alloc
 .text.nrfx_flag32_free
                0x0000000000002318       0x38 modules/hal_nordic/modules/hal_nordic/nrfx/libmodules__hal_nordic__nrfx.a(nrfx_flag32_allocator.c.obj)
                0x0000000000002318                nrfx_flag32_free
 .text.clock_stop
                0x0000000000002350       0xe8 modules/hal_nordic/modules/hal_nordic/nrfx/libmodules__hal_nordic__nrfx.a(nrfx_clock.c.obj)
 .text.nrfx_clock_init
                0x0000000000002438       0x20 modules/hal_nordic/modules/hal_nordic/nrfx/libmodules__hal_nordic__nrfx.a(nrfx_clock.c.obj)
                0x0000000000002438                nrfx_clock_init
 .text.nrfx_clock_enable
                0x0000000000002458       0x2c modules/hal_nordic/modules/hal_nordic/nrfx/libmodules__hal_nordic__nrfx.a(nrfx_clock.c.obj)
                0x0000000000002458                nrfx_clock_enable
 .text.nrfx_clock_start
                0x0000000000002484       0xe0 modules/hal_nordic/modules/hal_nordic/nrfx/libmodules__hal_nordic__nrfx.a(nrfx_clock.c.obj)
                0x0000000000002484                nrfx_clock_start
 .text.nrfx_power_clock_irq_handler
                0x0000000000002564       0x88 modules/hal_nordic/modules/hal_nordic/nrfx/libmodules__hal_nordic__nrfx.a(nrfx_clock.c.obj)
                0x0000000000002564                nrfx_power_clock_irq_handler
 .text.nrf_gpio_pin_port_decode
                0x00000000000025ec       0x20 modules/hal_nordic/modules/hal_nordic/nrfx/libmodules__hal_nordic__nrfx.a(nrfx_gpiote.c.obj)
 .text.get_pin_idx
                0x000000000000260c       0x14 modules/hal_nordic/modules/hal_nordic/nrfx/libmodules__hal_nordic__nrfx.a(nrfx_gpiote.c.obj)
 .text.release_handler
                0x0000000000002620       0x74 modules/hal_nordic/modules/hal_nordic/nrfx/libmodules__hal_nordic__nrfx.a(nrfx_gpiote.c.obj)
 .text.latch_pending_read_and_check
                0x0000000000002694       0x58 modules/hal_nordic/modules/hal_nordic/nrfx/libmodules__hal_nordic__nrfx.a(nrfx_gpiote.c.obj)
 .text.pin_te_get.isra.0
                0x00000000000026ec       0x20 modules/hal_nordic/modules/hal_nordic/nrfx/libmodules__hal_nordic__nrfx.a(nrfx_gpiote.c.obj)
 .text.pin_is_output.isra.0
                0x000000000000270c       0x24 modules/hal_nordic/modules/hal_nordic/nrfx/libmodules__hal_nordic__nrfx.a(nrfx_gpiote.c.obj)
 .text.pin_in_use_by_te.isra.0
                0x0000000000002730       0x24 modules/hal_nordic/modules/hal_nordic/nrfx/libmodules__hal_nordic__nrfx.a(nrfx_gpiote.c.obj)
 .text.irq_handler
                0x0000000000002754      0x1d4 modules/hal_nordic/modules/hal_nordic/nrfx/libmodules__hal_nordic__nrfx.a(nrfx_gpiote.c.obj)
 .text.pin_uninit
                0x0000000000002928       0xa4 modules/hal_nordic/modules/hal_nordic/nrfx/libmodules__hal_nordic__nrfx.a(nrfx_gpiote.c.obj)
 .text.nrfx_gpiote_input_configure
                0x00000000000029cc      0x1d8 modules/hal_nordic/modules/hal_nordic/nrfx/libmodules__hal_nordic__nrfx.a(nrfx_gpiote.c.obj)
                0x00000000000029cc                nrfx_gpiote_input_configure
 .text.nrfx_gpiote_output_configure
                0x0000000000002ba4      0x128 modules/hal_nordic/modules/hal_nordic/nrfx/libmodules__hal_nordic__nrfx.a(nrfx_gpiote.c.obj)
                0x0000000000002ba4                nrfx_gpiote_output_configure
 .text.nrfx_gpiote_global_callback_set
                0x0000000000002ccc       0x1c modules/hal_nordic/modules/hal_nordic/nrfx/libmodules__hal_nordic__nrfx.a(nrfx_gpiote.c.obj)
                0x0000000000002ccc                nrfx_gpiote_global_callback_set
 .text.nrfx_gpiote_channel_get
                0x0000000000002ce8       0x3c modules/hal_nordic/modules/hal_nordic/nrfx/libmodules__hal_nordic__nrfx.a(nrfx_gpiote.c.obj)
                0x0000000000002ce8                nrfx_gpiote_channel_get
 .text.nrfx_gpiote_init
                0x0000000000002d24       0x80 modules/hal_nordic/modules/hal_nordic/nrfx/libmodules__hal_nordic__nrfx.a(nrfx_gpiote.c.obj)
                0x0000000000002d24                nrfx_gpiote_init
 .text.nrfx_gpiote_init_check
                0x0000000000002da4       0x1c modules/hal_nordic/modules/hal_nordic/nrfx/libmodules__hal_nordic__nrfx.a(nrfx_gpiote.c.obj)
                0x0000000000002da4                nrfx_gpiote_init_check
 .text.nrfx_gpiote_channel_free
                0x0000000000002dc0       0x10 modules/hal_nordic/modules/hal_nordic/nrfx/libmodules__hal_nordic__nrfx.a(nrfx_gpiote.c.obj)
                0x0000000000002dc0                nrfx_gpiote_channel_free
 .text.nrfx_gpiote_channel_alloc
                0x0000000000002dd0       0x10 modules/hal_nordic/modules/hal_nordic/nrfx/libmodules__hal_nordic__nrfx.a(nrfx_gpiote.c.obj)
                0x0000000000002dd0                nrfx_gpiote_channel_alloc
 .text.nrfx_gpiote_trigger_enable
                0x0000000000002de0       0xb8 modules/hal_nordic/modules/hal_nordic/nrfx/libmodules__hal_nordic__nrfx.a(nrfx_gpiote.c.obj)
                0x0000000000002de0                nrfx_gpiote_trigger_enable
 .text.nrfx_gpiote_20_irq_handler
                0x0000000000002e98       0x10 modules/hal_nordic/modules/hal_nordic/nrfx/libmodules__hal_nordic__nrfx.a(nrfx_gpiote.c.obj)
                0x0000000000002e98                nrfx_gpiote_20_irq_handler
 .text.nrfx_gpiote_30_irq_handler
                0x0000000000002ea8       0x10 modules/hal_nordic/modules/hal_nordic/nrfx/libmodules__hal_nordic__nrfx.a(nrfx_gpiote.c.obj)
                0x0000000000002ea8                nrfx_gpiote_30_irq_handler
 .text.cc_channel_prepare
                0x0000000000002eb8       0x40 modules/hal_nordic/modules/hal_nordic/nrfx/libmodules__hal_nordic__nrfx.a(nrfx_grtc.c.obj)
 .text.sleep_configure
                0x0000000000002ef8       0x24 modules/hal_nordic/modules/hal_nordic/nrfx/libmodules__hal_nordic__nrfx.a(nrfx_grtc.c.obj)
 .text.syscounter_check
                0x0000000000002f1c       0x38 modules/hal_nordic/modules/hal_nordic/nrfx/libmodules__hal_nordic__nrfx.a(nrfx_grtc.c.obj)
 .text.nrfx_grtc_syscounter_get
                0x0000000000002f54       0x48 modules/hal_nordic/modules/hal_nordic/nrfx/libmodules__hal_nordic__nrfx.a(nrfx_grtc.c.obj)
                0x0000000000002f54                nrfx_grtc_syscounter_get
 .text.nrfx_grtc_init
                0x0000000000002f9c      0x120 modules/hal_nordic/modules/hal_nordic/nrfx/libmodules__hal_nordic__nrfx.a(nrfx_grtc.c.obj)
                0x0000000000002f9c                nrfx_grtc_init
 .text.nrfx_grtc_syscounter_start
                0x00000000000030bc       0xc8 modules/hal_nordic/modules/hal_nordic/nrfx/libmodules__hal_nordic__nrfx.a(nrfx_grtc.c.obj)
                0x00000000000030bc                nrfx_grtc_syscounter_start
 .text.nrfx_grtc_syscounter_cc_absolute_set
                0x0000000000003184       0x98 modules/hal_nordic/modules/hal_nordic/nrfx/libmodules__hal_nordic__nrfx.a(nrfx_grtc.c.obj)
                0x0000000000003184                nrfx_grtc_syscounter_cc_absolute_set
 .text.nrfx_grtc_irq_handler
                0x000000000000321c       0xb0 modules/hal_nordic/modules/hal_nordic/nrfx/libmodules__hal_nordic__nrfx.a(nrfx_grtc.c.obj)
                0x000000000000321c                nrfx_grtc_irq_handler
 .text.__nrfy_internal_rramc_config_set.constprop.0.isra.0
                0x00000000000032cc       0x18 modules/hal_nordic/modules/hal_nordic/nrfx/libmodules__hal_nordic__nrfx.a(nrfx_rramc.c.obj)
 .text.z_fatal_error
                0x00000000000032e4       0x30 zephyr/kernel/libkernel.a(fatal.c.obj)
                0x00000000000032e4                z_fatal_error
 .text.z_sys_init_run_level
                0x0000000000003314       0x30 zephyr/kernel/libkernel.a(init.c.obj)
 .text.bg_thread_main
                0x0000000000003344       0xc0 zephyr/kernel/libkernel.a(init.c.obj)
 .text.z_init_cpu
                0x0000000000003404       0x68 zephyr/kernel/libkernel.a(init.c.obj)
                0x0000000000003404                z_init_cpu
 .text.z_cstart
                0x000000000000346c       0xcc zephyr/kernel/libkernel.a(init.c.obj)
                0x000000000000346c                z_cstart
 .text.z_impl_k_mutex_lock
                0x0000000000003538       0xf0 zephyr/kernel/libkernel.a(mutex.c.obj)
                0x0000000000003538                z_impl_k_mutex_lock
 .text.z_impl_k_mutex_unlock
                0x0000000000003628       0xa0 zephyr/kernel/libkernel.a(mutex.c.obj)
                0x0000000000003628                z_impl_k_mutex_unlock
 .text.z_impl_k_sem_give
                0x00000000000036c8       0x68 zephyr/kernel/libkernel.a(sem.c.obj)
                0x00000000000036c8                z_impl_k_sem_give
 .text.z_impl_k_sem_take
                0x0000000000003730       0x4c zephyr/kernel/libkernel.a(sem.c.obj)
                0x0000000000003730                z_impl_k_sem_take
 .text.z_setup_new_thread
                0x000000000000377c       0x80 zephyr/kernel/libkernel.a(thread.c.obj)
                0x000000000000377c                z_setup_new_thread
 .text.z_dummy_thread_init
                0x00000000000037fc       0x18 zephyr/kernel/libkernel.a(thread.c.obj)
                0x00000000000037fc                z_dummy_thread_init
 .text.z_swap_irqlock
                0x0000000000003814       0x34 zephyr/kernel/libkernel.a(sched.c.obj)
 .text.ready_thread
                0x0000000000003848       0x84 zephyr/kernel/libkernel.a(sched.c.obj)
 .text.unready_thread
                0x00000000000038cc       0x54 zephyr/kernel/libkernel.a(sched.c.obj)
 .text.add_thread_timeout
                0x0000000000003920       0x1c zephyr/kernel/libkernel.a(sched.c.obj)
 .text.move_thread_to_end_of_prio_q
                0x000000000000393c       0x90 zephyr/kernel/libkernel.a(sched.c.obj)
                0x000000000000393c                move_thread_to_end_of_prio_q
 .text.z_pend_curr
                0x00000000000039cc       0x44 zephyr/kernel/libkernel.a(sched.c.obj)
                0x00000000000039cc                z_pend_curr
 .text.z_thread_prio_set
                0x0000000000003a10       0xe4 zephyr/kernel/libkernel.a(sched.c.obj)
                0x0000000000003a10                z_thread_prio_set
 .text.z_reschedule
                0x0000000000003af4       0x24 zephyr/kernel/libkernel.a(sched.c.obj)
                0x0000000000003af4                z_reschedule
 .text.z_reschedule_irqlock
                0x0000000000003b18       0x28 zephyr/kernel/libkernel.a(sched.c.obj)
                0x0000000000003b18                z_reschedule_irqlock
 .text.k_sched_lock
                0x0000000000003b40       0x28 zephyr/kernel/libkernel.a(sched.c.obj)
                0x0000000000003b40                k_sched_lock
 .text.k_sched_unlock
                0x0000000000003b68       0x68 zephyr/kernel/libkernel.a(sched.c.obj)
                0x0000000000003b68                k_sched_unlock
 .text.z_sched_init
                0x0000000000003bd0       0x10 zephyr/kernel/libkernel.a(sched.c.obj)
                0x0000000000003bd0                z_sched_init
 .text.z_impl_k_yield
                0x0000000000003be0       0x88 zephyr/kernel/libkernel.a(sched.c.obj)
                0x0000000000003be0                z_impl_k_yield
 .text.z_tick_sleep
                0x0000000000003c68       0x78 zephyr/kernel/libkernel.a(sched.c.obj)
 .text.z_impl_k_sleep
                0x0000000000003ce0       0x5c zephyr/kernel/libkernel.a(sched.c.obj)
                0x0000000000003ce0                z_impl_k_sleep
 .text.z_impl_k_wakeup
                0x0000000000003d3c       0x48 zephyr/kernel/libkernel.a(sched.c.obj)
                0x0000000000003d3c                z_impl_k_wakeup
 .text.z_impl_k_sched_current_thread_query
                0x0000000000003d84        0xc zephyr/kernel/libkernel.a(sched.c.obj)
                0x0000000000003d84                z_impl_k_sched_current_thread_query
 .text.z_thread_abort
                0x0000000000003d90      0x140 zephyr/kernel/libkernel.a(sched.c.obj)
                0x0000000000003d90                z_thread_abort
 .text.slice_timeout
                0x0000000000003ed0       0x20 zephyr/kernel/libkernel.a(timeslicing.c.obj)
 .text.thread_is_sliceable
                0x0000000000003ef0       0x3c zephyr/kernel/libkernel.a(timeslicing.c.obj)
                0x0000000000003ef0                thread_is_sliceable
 .text.z_reset_time_slice
                0x0000000000003f2c       0x50 zephyr/kernel/libkernel.a(timeslicing.c.obj)
                0x0000000000003f2c                z_reset_time_slice
 .text.z_time_slice
                0x0000000000003f7c       0x60 zephyr/kernel/libkernel.a(timeslicing.c.obj)
                0x0000000000003f7c                z_time_slice
 .text.first    0x0000000000003fdc       0x10 zephyr/kernel/libkernel.a(timeout.c.obj)
 .text.elapsed  0x0000000000003fec       0x14 zephyr/kernel/libkernel.a(timeout.c.obj)
 .text.remove_timeout
                0x0000000000004000       0x38 zephyr/kernel/libkernel.a(timeout.c.obj)
 .text.z_add_timeout
                0x0000000000004038      0x120 zephyr/kernel/libkernel.a(timeout.c.obj)
                0x0000000000004038                z_add_timeout
 .text.sys_clock_announce
                0x0000000000004158       0xbc zephyr/kernel/libkernel.a(timeout.c.obj)
                0x0000000000004158                sys_clock_announce
 .text.sys_clock_tick_get
                0x0000000000004214       0x30 zephyr/kernel/libkernel.a(timeout.c.obj)
                0x0000000000004214                sys_clock_tick_get
 .text.psa_get_initialized
                0x0000000000004244       0x4c modules/nrf/subsys/nrf_security/src/core/nrf_oberon/libpsa_core.a(psa_crypto.c.obj)
 .text.mbedtls_psa_crypto_free
                0x0000000000004290       0x90 modules/nrf/subsys/nrf_security/src/core/nrf_oberon/libpsa_core.a(psa_crypto.c.obj)
                0x0000000000004290                mbedtls_psa_crypto_free
 .text.psa_crypto_init
                0x0000000000004320      0x104 modules/nrf/subsys/nrf_security/src/core/nrf_oberon/libpsa_core.a(psa_crypto.c.obj)
                0x0000000000004320                psa_crypto_init
 .text.psa_initialize_key_slots
                0x0000000000004424       0x10 modules/nrf/subsys/nrf_security/src/core/nrf_oberon/libpsa_core.a(psa_crypto_slot_management.c.obj)
                0x0000000000004424                psa_initialize_key_slots
 .text.psa_wipe_all_key_slots
                0x0000000000004434       0x34 modules/nrf/subsys/nrf_security/src/core/nrf_oberon/libpsa_core.a(psa_crypto_slot_management.c.obj)
                0x0000000000004434                psa_wipe_all_key_slots
 .text.mbedtls_free
                0x0000000000004468        0xc modules/nrf/subsys/nrf_security/src/core/nrf_oberon/libpsa_core.a(platform.c.obj)
                0x0000000000004468                mbedtls_free
 .text.mbedtls_platform_zeroize
                0x0000000000004474       0x18 modules/nrf/subsys/nrf_security/src/core/nrf_oberon/libpsa_core.a(platform_util.c.obj)
                0x0000000000004474                mbedtls_platform_zeroize
 .text.cracen_acquire
                0x000000000000448c       0x40 modules/nrf/subsys/nrf_security/src/drivers/cracen/libcracen_psa_driver.a(cracen.c.obj)
                0x000000000000448c                cracen_acquire
 .text.cracen_release
                0x00000000000044cc       0x6c modules/nrf/subsys/nrf_security/src/drivers/cracen/libcracen_psa_driver.a(cracen.c.obj)
                0x00000000000044cc                cracen_release
 .text.cracen_init
                0x0000000000004538       0x40 modules/nrf/subsys/nrf_security/src/drivers/cracen/libcracen_psa_driver.a(cracen.c.obj)
                0x0000000000004538                cracen_init
 .text.ctr_drbg_update
                0x0000000000004578       0x9c modules/nrf/subsys/nrf_security/src/drivers/cracen/libcracen_psa_driver.a(ctr_drbg.c.obj)
 .text.cracen_init_random
                0x0000000000004614       0x74 modules/nrf/subsys/nrf_security/src/drivers/cracen/libcracen_psa_driver.a(ctr_drbg.c.obj)
                0x0000000000004614                cracen_init_random
 .text.cracen_get_random
                0x0000000000004688      0x110 modules/nrf/subsys/nrf_security/src/drivers/cracen/libcracen_psa_driver.a(ctr_drbg.c.obj)
                0x0000000000004688                cracen_get_random
 .text.lib_kmu_clear_all_events
                0x0000000000004798       0x24 modules/nrf/subsys/nrf_security/src/drivers/cracen/libcracen_psa_driver.a(lib_kmu.c.obj)
                0x0000000000004798                lib_kmu_clear_all_events
 .text.trigger_task_and_wait_for_event_or_error
                0x00000000000047bc       0x54 modules/nrf/subsys/nrf_security/src/drivers/cracen/libcracen_psa_driver.a(lib_kmu.c.obj)
 .text.lib_kmu_provision_slot
                0x0000000000004810       0x3c modules/nrf/subsys/nrf_security/src/drivers/cracen/libcracen_psa_driver.a(lib_kmu.c.obj)
                0x0000000000004810                lib_kmu_provision_slot
 .text.lib_kmu_revoke_slot
                0x000000000000484c       0x34 modules/nrf/subsys/nrf_security/src/drivers/cracen/libcracen_psa_driver.a(lib_kmu.c.obj)
                0x000000000000484c                lib_kmu_revoke_slot
 .text.lib_kmu_read_metadata
                0x0000000000004880       0x30 modules/nrf/subsys/nrf_security/src/drivers/cracen/libcracen_psa_driver.a(lib_kmu.c.obj)
                0x0000000000004880                lib_kmu_read_metadata
 .text.cracen_kmu_provision
                0x00000000000048b0      0x250 modules/nrf/subsys/nrf_security/src/drivers/cracen/libcracen_psa_driver.a(kmu.c.obj)
                0x00000000000048b0                cracen_kmu_provision
 .text.cracen_provision_prot_ram_inv_data
                0x0000000000004b00       0x7c modules/nrf/subsys/nrf_security/src/drivers/cracen/libcracen_psa_driver.a(kmu.c.obj)
                0x0000000000004b00                cracen_provision_prot_ram_inv_data
 .text.sx_blkcipher_ecb_simple
                0x0000000000004b7c       0xb8 modules/nrf/subsys/nrf_security/src/drivers/cracen/libcracen_psa_driver.a(blkcipher.c.obj)
                0x0000000000004b7c                sx_blkcipher_ecb_simple
 .text.sx_trng_flush
                0x0000000000004c34       0x30 modules/nrf/subsys/nrf_security/src/drivers/cracen/libcracen_psa_driver.a(trng.c.obj)
 .text.sx_trng_restart
                0x0000000000004c64       0x28 modules/nrf/subsys/nrf_security/src/drivers/cracen/libcracen_psa_driver.a(trng.c.obj)
                0x0000000000004c64                sx_trng_restart
 .text.sx_trng_open
                0x0000000000004c8c       0xa4 modules/nrf/subsys/nrf_security/src/drivers/cracen/libcracen_psa_driver.a(trng.c.obj)
                0x0000000000004c8c                sx_trng_open
 .text.sx_trng_get
                0x0000000000004d30       0xd4 modules/nrf/subsys/nrf_security/src/drivers/cracen/libcracen_psa_driver.a(trng.c.obj)
                0x0000000000004d30                sx_trng_get
 .text.sx_hw_reserve
                0x0000000000004e04       0x54 modules/nrf/subsys/nrf_security/src/drivers/cracen/libcracen_psa_driver.a(cmdma_hw.c.obj)
                0x0000000000004e04                sx_hw_reserve
 .text.sx_cmdma_release_hw
                0x0000000000004e58       0x30 modules/nrf/subsys/nrf_security/src/drivers/cracen/libcracen_psa_driver.a(cmdma_hw.c.obj)
                0x0000000000004e58                sx_cmdma_release_hw
 .text.cracen_isr_handler
                0x0000000000004e88       0x68 modules/nrf/subsys/nrf_security/src/drivers/cracen/libcracen_psa_driver.a(interrupts.c.obj)
                0x0000000000004e88                cracen_isr_handler
 .text.cracen_interrupts_init
                0x0000000000004ef0       0x28 modules/nrf/subsys/nrf_security/src/drivers/cracen/libcracen_psa_driver.a(interrupts.c.obj)
                0x0000000000004ef0                cracen_interrupts_init
 .text.cracen_wait_for_cm_interrupt
                0x0000000000004f18       0x30 modules/nrf/subsys/nrf_security/src/drivers/cracen/libcracen_psa_driver.a(interrupts.c.obj)
                0x0000000000004f18                cracen_wait_for_cm_interrupt
 .text.sx_pk_fetch_capabilities
                0x0000000000004f48       0x24 modules/nrf/subsys/nrf_security/src/drivers/cracen/libcracen_psa_driver.a(pk_baremetal.c.obj)
                0x0000000000004f48                sx_pk_fetch_capabilities
 .text.sx_pk_init
                0x0000000000004f6c       0x3c modules/nrf/subsys/nrf_security/src/drivers/cracen/libcracen_psa_driver.a(pk_baremetal.c.obj)
                0x0000000000004f6c                sx_pk_init
 .text.sx_get_current_req
                0x0000000000004fa8        0x8 modules/nrf/subsys/nrf_security/src/drivers/cracen/libcracen_psa_driver.a(pk_baremetal.c.obj)
                0x0000000000004fa8                sx_get_current_req
 .text.k_event_post_internal
                0x0000000000004fb0       0x6c zephyr/kernel/libkernel.a(events.c.obj)
 .text.__l_vfprintf
                0x000000000000501c      0x4b4 c:\ncs\toolchains\c1a76fddb2\opt\zephyr-sdk\arm-zephyr-eabi\bin\../lib/gcc/../../picolibc/arm-zephyr-eabi/lib/thumb/v8-m.main/nofp\libc.a(libc_tinystdio_vflprintf.c.o)
                0x000000000000501c                __l_vfprintf
 .text._OffsetAbsSyms
                0x00000000000054d0        0x2 zephyr/CMakeFiles/offsets.dir/./arch/arm/core/offsets/offsets.c.obj
                0x00000000000054d0                _OffsetAbsSyms
 .text.main     0x00000000000054d2        0x4 app/libapp.a(main.c.obj)
                0x00000000000054d2                main
 .text.chunk_size
                0x00000000000054d6        0xa zephyr/libzephyr.a(heap.c.obj)
 .text.free_list_add
                0x00000000000054e0       0x4e zephyr/libzephyr.a(heap.c.obj)
 .text.sys_heap_init
                0x000000000000552e       0x7a zephyr/libzephyr.a(heap.c.obj)
                0x000000000000552e                sys_heap_init
 .text.arch_printk_char_out
                0x00000000000055a8        0x4 zephyr/libzephyr.a(printk.c.obj)
                0x00000000000055a8                arch_printk_char_out
 .text.printk   0x00000000000055ac       0x1a zephyr/libzephyr.a(printk.c.obj)
                0x00000000000055ac                printk
 .text.process_recheck
                0x00000000000055c6       0x38 zephyr/libzephyr.a(onoff.c.obj)
 .text.validate_args
                0x00000000000055fe       0x20 zephyr/libzephyr.a(onoff.c.obj)
 .text.notify_one
                0x000000000000561e       0x2c zephyr/libzephyr.a(onoff.c.obj)
 .text.transition_complete
                0x000000000000564a       0x1a zephyr/libzephyr.a(onoff.c.obj)
 .text.onoff_manager_init
                0x0000000000005664       0x26 zephyr/libzephyr.a(onoff.c.obj)
                0x0000000000005664                onoff_manager_init
 .text.onoff_request
                0x000000000000568a       0xae zephyr/libzephyr.a(onoff.c.obj)
                0x000000000000568a                onoff_request
 .text.sys_notify_validate
                0x0000000000005738       0x22 zephyr/libzephyr.a(notify.c.obj)
                0x0000000000005738                sys_notify_validate
 .text.sys_notify_finalize
                0x000000000000575a       0x1a zephyr/libzephyr.a(notify.c.obj)
                0x000000000000575a                sys_notify_finalize
 .text._ConfigAbsSyms
                0x0000000000005774        0x2 zephyr/libzephyr.a(configs.c.obj)
                0x0000000000005774                _ConfigAbsSyms
 .text.arch_early_memset
                0x0000000000005776        0x4 zephyr/arch/common/libarch__common.a(init.c.obj)
                0x0000000000005776                arch_early_memset
 .text.arch_early_memcpy
                0x000000000000577a        0x4 zephyr/arch/common/libarch__common.a(init.c.obj)
                0x000000000000577a                arch_early_memcpy
 .text.z_do_kernel_oops
                0x000000000000577e        0x8 zephyr/arch/arch/arm/core/libarch__arm__core.a(fatal.c.obj)
                0x000000000000577e                z_do_kernel_oops
 .text.z_arm_nmi
                0x0000000000005786        0xe zephyr/arch/arch/arm/core/libarch__arm__core.a(nmi.c.obj)
                0x0000000000005786                z_arm_nmi
 .text.z_irq_spurious
                0x0000000000005794        0x8 zephyr/arch/arch/arm/core/cortex_m/libarch__arm__core__cortex_m.a(irq_manage.c.obj)
                0x0000000000005794                z_irq_spurious
 .text.configure_builtin_stack_guard
                0x000000000000579c        0x8 zephyr/arch/arch/arm/core/cortex_m/libarch__arm__core__cortex_m.a(thread.c.obj)
                0x000000000000579c                configure_builtin_stack_guard
 .text.arch_coprocessors_disable
                0x00000000000057a4        0x6 zephyr/arch/arch/arm/core/cortex_m/libarch__arm__core__cortex_m.a(thread.c.obj)
                0x00000000000057a4                arch_coprocessors_disable
 .text.arch_irq_unlock_outlined
                0x00000000000057aa        0xe zephyr/arch/arch/arm/core/cortex_m/libarch__arm__core__cortex_m.a(thread.c.obj)
                0x00000000000057aa                arch_irq_unlock_outlined
 .text.arch_cpu_idle
                0x00000000000057b8       0x1a zephyr/arch/arch/arm/core/cortex_m/libarch__arm__core__cortex_m.a(cpu_idle.c.obj)
                0x00000000000057b8                arch_cpu_idle
 .text.arch_cpu_atomic_idle
                0x00000000000057d2       0x1e zephyr/arch/arch/arm/core/cortex_m/libarch__arm__core__cortex_m.a(cpu_idle.c.obj)
                0x00000000000057d2                arch_cpu_atomic_idle
 .text.arm_cmse_mpu_region_get
                0x00000000000057f0       0x12 zephyr/arch/arch/arm/core/cortex_m/cmse/libarch__arm__core__cortex_m__cmse.a(arm_core_cmse.c.obj)
                0x00000000000057f0                arm_cmse_mpu_region_get
 .text.mpu_configure_region
                0x0000000000005802       0x32 zephyr/arch/arch/arm/core/mpu/libarch__arm__core__mpu.a(arm_mpu.c.obj)
 .text.picolibc_put
                0x0000000000005834        0xa zephyr/lib/libc/picolibc/liblib__libc__picolibc.a(stdio.c.obj)
 .text.nordic_vpr_launcher_init
                0x000000000000583e       0x46 zephyr/drivers/misc/nordic_vpr_launcher/libdrivers__misc__nordic_vpr_launcher.a(nordic_vpr_launcher.c.obj)
 .text.get_status
                0x0000000000005884       0x12 zephyr/drivers/clock_control/libdrivers__clock_control.a(clock_control_nrf.c.obj)
 .text.stop     0x0000000000005896       0x52 zephyr/drivers/clock_control/libdrivers__clock_control.a(clock_control_nrf.c.obj)
 .text.api_stop
                0x00000000000058e8        0x6 zephyr/drivers/clock_control/libdrivers__clock_control.a(clock_control_nrf.c.obj)
 .text.async_start
                0x00000000000058ee       0x5c zephyr/drivers/clock_control/libdrivers__clock_control.a(clock_control_nrf.c.obj)
 .text.api_start
                0x000000000000594a        0xe zephyr/drivers/clock_control/libdrivers__clock_control.a(clock_control_nrf.c.obj)
 .text.onoff_started_callback
                0x0000000000005958       0x12 zephyr/drivers/clock_control/libdrivers__clock_control.a(clock_control_nrf.c.obj)
 .text.lfclk_start
                0x000000000000596a        0x6 zephyr/drivers/clock_control/libdrivers__clock_control.a(clock_control_nrf.c.obj)
 .text.lfclk_stop
                0x0000000000005970        0x6 zephyr/drivers/clock_control/libdrivers__clock_control.a(clock_control_nrf.c.obj)
 .text.blocking_start_callback
                0x0000000000005976        0x6 zephyr/drivers/clock_control/libdrivers__clock_control.a(clock_control_nrf.c.obj)
 .text.clock_event_handler
                0x000000000000597c       0x14 zephyr/drivers/clock_control/libdrivers__clock_control.a(clock_control_nrf.c.obj)
 .text.gpio_nrfx_port_get_raw
                0x0000000000005990        0xc zephyr/drivers/gpio/libdrivers__gpio.a(gpio_nrfx.c.obj)
 .text.gpio_nrfx_port_set_masked_raw
                0x000000000000599c       0x14 zephyr/drivers/gpio/libdrivers__gpio.a(gpio_nrfx.c.obj)
 .text.gpio_nrfx_port_set_bits_raw
                0x00000000000059b0        0xa zephyr/drivers/gpio/libdrivers__gpio.a(gpio_nrfx.c.obj)
 .text.gpio_nrfx_port_clear_bits_raw
                0x00000000000059ba        0xa zephyr/drivers/gpio/libdrivers__gpio.a(gpio_nrfx.c.obj)
 .text.gpio_nrfx_port_toggle_bits
                0x00000000000059c4       0x14 zephyr/drivers/gpio/libdrivers__gpio.a(gpio_nrfx.c.obj)
 .text.gpio_nrfx_manage_callback
                0x00000000000059d8       0x52 zephyr/drivers/gpio/libdrivers__gpio.a(gpio_nrfx.c.obj)
 .text.pinctrl_lookup_state
                0x0000000000005a2a       0x26 zephyr/drivers/pinctrl/libdrivers__pinctrl.a(common.c.obj)
                0x0000000000005a2a                pinctrl_lookup_state
 .text.uarte_nrfx_isr_int
                0x0000000000005a50        0xa zephyr/drivers/serial/libdrivers__serial.a(uart_nrfx_uarte.c.obj)
 .text.uarte_nrfx_err_check
                0x0000000000005a5a        0xe zephyr/drivers/serial/libdrivers__serial.a(uart_nrfx_uarte.c.obj)
 .text.uarte_nrfx_poll_in
                0x0000000000005a68       0x26 zephyr/drivers/serial/libdrivers__serial.a(uart_nrfx_uarte.c.obj)
 .text.pinctrl_apply_state.isra.0
                0x0000000000005a8e       0x1e zephyr/drivers/serial/libdrivers__serial.a(uart_nrfx_uarte.c.obj)
 .text.uarte_instance_deinit
                0x0000000000005aac        0x6 zephyr/drivers/serial/libdrivers__serial.a(uart_nrfx_uarte.c.obj)
 .text.uarte_20_init
                0x0000000000005ab2       0xc6 zephyr/drivers/serial/libdrivers__serial.a(uart_nrfx_uarte.c.obj)
 .text.counter  0x0000000000005b78       0x12 zephyr/drivers/timer/libdrivers__timer.a(nrf_grtc_timer.c.obj)
 .text.grtc_post_init
                0x0000000000005b8a        0xc zephyr/drivers/timer/libdrivers__timer.a(nrf_grtc_timer.c.obj)
 .text._psa_crypto_init
                0x0000000000005b96       0x1e modules/nrf/subsys/nrf_security/src/zephyr/libmbedtls_zephyr.a(psa_crypto_init.c.obj)
 .text.nrfx_isr
                0x0000000000005bb4        0x2 modules/hal_nordic/modules/hal_nordic/nrfx/libmodules__hal_nordic__nrfx.a(nrfx_glue.c.obj)
                0x0000000000005bb4                nrfx_isr
 .text.nrfx_busy_wait
                0x0000000000005bb6        0x4 modules/hal_nordic/modules/hal_nordic/nrfx/libmodules__hal_nordic__nrfx.a(nrfx_glue.c.obj)
                0x0000000000005bb6                nrfx_busy_wait
 .text.nrfx_clock_stop
                0x0000000000005bba        0x4 modules/hal_nordic/modules/hal_nordic/nrfx/libmodules__hal_nordic__nrfx.a(nrfx_clock.c.obj)
                0x0000000000005bba                nrfx_clock_stop
 .text.nrf_gpio_reconfigure
                0x0000000000005bbe       0x92 modules/hal_nordic/modules/hal_nordic/nrfx/libmodules__hal_nordic__nrfx.a(nrfx_gpiote.c.obj)
 .text.nrf_gpio_cfg_sense_set
                0x0000000000005c50       0x1e modules/hal_nordic/modules/hal_nordic/nrfx/libmodules__hal_nordic__nrfx.a(nrfx_gpiote.c.obj)
 .text.call_handler
                0x0000000000005c6e       0x3e modules/hal_nordic/modules/hal_nordic/nrfx/libmodules__hal_nordic__nrfx.a(nrfx_gpiote.c.obj)
 .text.__nrfy_internal_gpiote_events_process
                0x0000000000005cac       0x4e modules/hal_nordic/modules/hal_nordic/nrfx/libmodules__hal_nordic__nrfx.a(nrfx_gpiote.c.obj)
 .text.pin_trigger_disable
                0x0000000000005cfa       0x4a modules/hal_nordic/modules/hal_nordic/nrfx/libmodules__hal_nordic__nrfx.a(nrfx_gpiote.c.obj)
 .text.nrfx_gpiote_pin_uninit
                0x0000000000005d44        0x4 modules/hal_nordic/modules/hal_nordic/nrfx/libmodules__hal_nordic__nrfx.a(nrfx_gpiote.c.obj)
                0x0000000000005d44                nrfx_gpiote_pin_uninit
 .text.nrfx_gpiote_trigger_disable
                0x0000000000005d48        0x4 modules/hal_nordic/modules/hal_nordic/nrfx/libmodules__hal_nordic__nrfx.a(nrfx_gpiote.c.obj)
                0x0000000000005d48                nrfx_gpiote_trigger_disable
 .text.nrfx_rramc_write_enable_set
                0x0000000000005d4c        0x6 modules/hal_nordic/modules/hal_nordic/nrfx/libmodules__hal_nordic__nrfx.a(nrfx_rramc.c.obj)
                0x0000000000005d4c                nrfx_rramc_write_enable_set
 .text.z_impl_k_busy_wait
                0x0000000000005d52        0x8 zephyr/kernel/libkernel.a(busy_wait.c.obj)
                0x0000000000005d52                z_impl_k_busy_wait
 .text.do_device_init
                0x0000000000005d5a       0x30 zephyr/kernel/libkernel.a(device.c.obj)
                0x0000000000005d5a                do_device_init
 .text.z_impl_device_is_ready
                0x0000000000005d8a       0x16 zephyr/kernel/libkernel.a(device.c.obj)
                0x0000000000005d8a                z_impl_device_is_ready
 .text.arch_system_halt
                0x0000000000005da0       0x10 zephyr/kernel/libkernel.a(fatal.c.obj)
                0x0000000000005da0                arch_system_halt
 .text.k_sys_fatal_error_handler
                0x0000000000005db0        0x6 zephyr/kernel/libkernel.a(fatal.c.obj)
                0x0000000000005db0                k_sys_fatal_error_handler
 .text.idle     0x0000000000005db6       0x16 zephyr/kernel/libkernel.a(idle.c.obj)
                0x0000000000005db6                idle
 .text.adjust_owner_prio.isra.0
                0x0000000000005dcc       0x10 zephyr/kernel/libkernel.a(mutex.c.obj)
 .text.k_is_in_isr
                0x0000000000005ddc        0xc zephyr/kernel/libkernel.a(thread.c.obj)
                0x0000000000005ddc                k_is_in_isr
 .text.sys_dlist_remove
                0x0000000000005de8       0x10 zephyr/kernel/libkernel.a(sched.c.obj)
 .text.unpend_thread_no_timeout
                0x0000000000005df8       0x14 zephyr/kernel/libkernel.a(sched.c.obj)
 .text.add_to_waitq_locked
                0x0000000000005e0c       0x50 zephyr/kernel/libkernel.a(sched.c.obj)
 .text.z_ready_thread
                0x0000000000005e5c       0x1e zephyr/kernel/libkernel.a(sched.c.obj)
                0x0000000000005e5c                z_ready_thread
 .text.z_sched_wake_thread
                0x0000000000005e7a       0x46 zephyr/kernel/libkernel.a(sched.c.obj)
                0x0000000000005e7a                z_sched_wake_thread
 .text.z_thread_timeout
                0x0000000000005ec0        0x8 zephyr/kernel/libkernel.a(sched.c.obj)
                0x0000000000005ec0                z_thread_timeout
 .text.z_sched_waitq_walk
                0x0000000000005ec8       0x44 zephyr/kernel/libkernel.a(sched.c.obj)
                0x0000000000005ec8                z_sched_waitq_walk
 .text.next_timeout
                0x0000000000005f0c       0x2e zephyr/kernel/libkernel.a(timeout.c.obj)
 .text.z_abort_timeout
                0x0000000000005f3a       0x50 zephyr/kernel/libkernel.a(timeout.c.obj)
                0x0000000000005f3a                z_abort_timeout
 .text.sys_clock_tick_get_32
                0x0000000000005f8a        0x8 zephyr/kernel/libkernel.a(timeout.c.obj)
                0x0000000000005f8a                sys_clock_tick_get_32
 .text.psa_remove_key_data_from_memory
                0x0000000000005f92       0x16 modules/nrf/subsys/nrf_security/src/core/nrf_oberon/libpsa_core.a(psa_crypto.c.obj)
                0x0000000000005f92                psa_remove_key_data_from_memory
 .text.psa_wipe_key_slot
                0x0000000000005fa8       0x3a modules/nrf/subsys/nrf_security/src/core/nrf_oberon/libpsa_core.a(psa_crypto.c.obj)
                0x0000000000005fa8                psa_wipe_key_slot
 .text.psa_driver_wrapper_init
                0x0000000000005fe2        0x4 modules/nrf/subsys/nrf_security/src/core/nrf_oberon/libpsa_core.a(psa_crypto_driver_wrappers.c.obj)
                0x0000000000005fe2                psa_driver_wrapper_init
 .text.psa_driver_wrapper_free
                0x0000000000005fe6        0x2 modules/nrf/subsys/nrf_security/src/core/nrf_oberon/libpsa_core.a(psa_crypto_driver_wrappers.c.obj)
                0x0000000000005fe6                psa_driver_wrapper_free
 .text.psa_driver_wrapper_init_random
                0x0000000000005fe8        0x4 modules/nrf/subsys/nrf_security/src/core/nrf_oberon/libpsa_core.a(psa_crypto_driver_wrappers.c.obj)
                0x0000000000005fe8                psa_driver_wrapper_init_random
 .text.psa_driver_wrapper_free_random
                0x0000000000005fec        0x4 modules/nrf/subsys/nrf_security/src/core/nrf_oberon/libpsa_core.a(psa_crypto_driver_wrappers.c.obj)
                0x0000000000005fec                psa_driver_wrapper_free_random
 .text.platform_free_uninit
                0x0000000000005ff0        0x2 modules/nrf/subsys/nrf_security/src/core/nrf_oberon/libpsa_core.a(platform.c.obj)
 .text.mbedtls_zeroize_and_free
                0x0000000000005ff2       0x14 modules/nrf/subsys/nrf_security/src/core/nrf_oberon/libpsa_core.a(platform_util.c.obj)
                0x0000000000005ff2                mbedtls_zeroize_and_free
 .text.silex_statuscodes_to_psa
                0x0000000000006006       0xbc modules/nrf/subsys/nrf_security/src/drivers/cracen/libcracen_psa_driver.a(common.c.obj)
                0x0000000000006006                silex_statuscodes_to_psa
 .text.cracen_xorbytes
                0x00000000000060c2       0x1a modules/nrf/subsys/nrf_security/src/drivers/cracen/libcracen_psa_driver.a(common.c.obj)
                0x00000000000060c2                cracen_xorbytes
 .text.cracen_be_add
                0x00000000000060dc       0x14 modules/nrf/subsys/nrf_security/src/drivers/cracen/libcracen_psa_driver.a(common.c.obj)
                0x00000000000060dc                cracen_be_add
 .text.safe_memset
                0x00000000000060f0       0x16 modules/nrf/subsys/nrf_security/src/drivers/cracen/libcracen_psa_driver.a(mem_helpers.c.obj)
                0x00000000000060f0                safe_memset
 .text.safe_memzero
                0x0000000000006106       0x18 modules/nrf/subsys/nrf_security/src/drivers/cracen/libcracen_psa_driver.a(mem_helpers.c.obj)
                0x0000000000006106                safe_memzero
 .text.psa_extend_key_usage_flags
                0x000000000000611e       0x1a modules/nrf/subsys/nrf_security/src/drivers/cracen/libcracen_psa_driver.a(ctr_drbg.c.obj)
 .text.trng_get_entropy
                0x0000000000006138       0x50 modules/nrf/subsys/nrf_security/src/drivers/cracen/libcracen_psa_driver.a(ctr_drbg.c.obj)
 .text.lib_kmu_is_slot_empty
                0x0000000000006188       0x14 modules/nrf/subsys/nrf_security/src/drivers/cracen/libcracen_psa_driver.a(lib_kmu.c.obj)
                0x0000000000006188                lib_kmu_is_slot_empty
 .text.psa_set_key_usage_flags
                0x000000000000619c       0x14 modules/nrf/subsys/nrf_security/src/drivers/cracen/libcracen_psa_driver.a(kmu.c.obj)
 .text.set_provisioning_in_progress
                0x00000000000061b0       0x30 modules/nrf/subsys/nrf_security/src/drivers/cracen/libcracen_psa_driver.a(kmu.c.obj)
 .text.clean_up_unfinished_provisioning
                0x00000000000061e0       0x46 modules/nrf/subsys/nrf_security/src/drivers/cracen/libcracen_psa_driver.a(kmu.c.obj)
 .text.sx_cmdma_reset
                0x0000000000006226       0x42 modules/nrf/subsys/nrf_security/src/drivers/cracen/libcracen_psa_driver.a(cmdma.c.obj)
                0x0000000000006226                sx_cmdma_reset
 .text.sx_cmdma_check
                0x0000000000006268       0x4e modules/nrf/subsys/nrf_security/src/drivers/cracen/libcracen_psa_driver.a(cmdma.c.obj)
                0x0000000000006268                sx_cmdma_check
 .text.sx_trng_close
                0x00000000000062b6       0x14 modules/nrf/subsys/nrf_security/src/drivers/cracen/libcracen_psa_driver.a(trng.c.obj)
                0x00000000000062b6                sx_trng_close
 .text.sx_clear_interrupt
                0x00000000000062ca        0x8 modules/nrf/subsys/nrf_security/src/drivers/cracen/libcracen_psa_driver.a(pk_baremetal.c.obj)
                0x00000000000062ca                sx_clear_interrupt
 .text.convert_ba414_capabilities
                0x00000000000062d2       0x4c modules/nrf/subsys/nrf_security/src/drivers/cracen/libcracen_psa_driver.a(ba414_status.c.obj)
                0x00000000000062d2                convert_ba414_capabilities
 .text.mbedtls_mutex_unlock_fn
                0x000000000000631e        0x4 modules/nrf/subsys/nrf_security/src/libmbedcrypto_base.a(threading_alt.c.obj)
                0x000000000000631e                mbedtls_mutex_unlock_fn
 .text.mbedtls_mutex_lock_fn
                0x0000000000006322        0xc modules/nrf/subsys/nrf_security/src/libmbedcrypto_base.a(threading_alt.c.obj)
                0x0000000000006322                mbedtls_mutex_lock_fn
 .text.nrf_security_mutex_lock
                0x000000000000632e        0xc modules/nrf/subsys/nrf_security/src/libnrf_security_utils.a(nrf_security_mutexes.c.obj)
                0x000000000000632e                nrf_security_mutex_lock
 .text.nrf_security_mutex_unlock
                0x000000000000633a        0x4 modules/nrf/subsys/nrf_security/src/libnrf_security_utils.a(nrf_security_mutexes.c.obj)
                0x000000000000633a                nrf_security_mutex_unlock
 .text.nrf_security_event_init
                0x000000000000633e        0x4 modules/nrf/subsys/nrf_security/src/libnrf_security_utils.a(nrf_security_events.c.obj)
                0x000000000000633e                nrf_security_event_init
 .text.nrf_security_event_wait
                0x0000000000006342       0x1a modules/nrf/subsys/nrf_security/src/libnrf_security_utils.a(nrf_security_events.c.obj)
                0x0000000000006342                nrf_security_event_wait
 .text.nrf_security_event_clear
                0x000000000000635c        0x4 modules/nrf/subsys/nrf_security/src/libnrf_security_utils.a(nrf_security_events.c.obj)
                0x000000000000635c                nrf_security_event_clear
 .text.nrf_security_event_set
                0x0000000000006360        0x4 modules/nrf/subsys/nrf_security/src/libnrf_security_utils.a(nrf_security_events.c.obj)
                0x0000000000006360                nrf_security_event_set
 .text.k_event_wait_internal
                0x0000000000006364       0x86 zephyr/kernel/libkernel.a(events.c.obj)
 .text.event_walk_op
                0x00000000000063ea       0x3c zephyr/kernel/libkernel.a(events.c.obj)
 .text.z_impl_k_event_init
                0x0000000000006426        0xa zephyr/kernel/libkernel.a(events.c.obj)
                0x0000000000006426                z_impl_k_event_init
 .text.z_impl_k_event_set
                0x0000000000006430        0x8 zephyr/kernel/libkernel.a(events.c.obj)
                0x0000000000006430                z_impl_k_event_set
 .text.z_impl_k_event_clear
                0x0000000000006438        0x8 zephyr/kernel/libkernel.a(events.c.obj)
                0x0000000000006438                z_impl_k_event_clear
 .text.z_impl_k_event_wait
                0x0000000000006440        0x6 zephyr/kernel/libkernel.a(events.c.obj)
                0x0000000000006440                z_impl_k_event_wait
 .text.memcpy   0x0000000000006446       0x1a c:\ncs\toolchains\c1a76fddb2\opt\zephyr-sdk\arm-zephyr-eabi\bin\../lib/gcc/../../picolibc/arm-zephyr-eabi/lib/thumb/v8-m.main/nofp\libc.a(memcpy.c.o)
                0x0000000000006446                __aeabi_memcpy
                0x0000000000006446                __aeabi_memcpy4
                0x0000000000006446                __aeabi_memcpy8
                0x0000000000006446                memcpy
 .text.memset   0x0000000000006460       0x10 c:\ncs\toolchains\c1a76fddb2\opt\zephyr-sdk\arm-zephyr-eabi\bin\../lib/gcc/../../picolibc/arm-zephyr-eabi/lib/thumb/v8-m.main/nofp\libc.a(memset.c.o)
                0x0000000000006460                memset
 .text.strnlen  0x0000000000006470       0x18 c:\ncs\toolchains\c1a76fddb2\opt\zephyr-sdk\arm-zephyr-eabi\bin\../lib/gcc/../../picolibc/arm-zephyr-eabi/lib/thumb/v8-m.main/nofp\libc.a(libc_string_strnlen.c.o)
                0x0000000000006470                strnlen
 .text.__ultoa_invert
                0x0000000000006488       0xac c:\ncs\toolchains\c1a76fddb2\opt\zephyr-sdk\arm-zephyr-eabi\bin\../lib/gcc/../../picolibc/arm-zephyr-eabi/lib/thumb/v8-m.main/nofp\libc.a(libc_tinystdio_vflprintf.c.o)
 *(SORT_BY_ALIGNMENT(.TEXT.*))
 .TEXT.__aeabi_read_tp
                0x0000000000006534        0xc zephyr/arch/arch/arm/core/cortex_m/libarch__arm__core__cortex_m.a(__aeabi_read_tp.S.obj)
                0x0000000000006534                __aeabi_read_tp
 *(SORT_BY_ALIGNMENT(.gnu.linkonce.t.*))
 *(SORT_BY_ALIGNMENT(.glue_7t))
 .glue_7t       0x0000000000006540        0x0 linker stubs
 *(SORT_BY_ALIGNMENT(.glue_7))
 .glue_7        0x0000000000006540        0x0 linker stubs
 *(SORT_BY_ALIGNMENT(.vfp11_veneer))
 .vfp11_veneer  0x0000000000006540        0x0 linker stubs
 *(SORT_BY_ALIGNMENT(.v4_bx))
 .v4_bx         0x0000000000006540        0x0 linker stubs
                0x0000000000006540                . = ALIGN (0x4)
                0x0000000000006540                __text_region_end = .

.ARM.exidx      0x0000000000006540        0x8
                0x0000000000006540                __exidx_start = .
 *(SORT_BY_ALIGNMENT(.ARM.exidx*) SORT_BY_ALIGNMENT(gnu.linkonce.armexidx.*))
 .ARM.exidx     0x0000000000006540        0x8 c:/ncs/toolchains/c1a76fddb2/opt/zephyr-sdk/arm-zephyr-eabi/bin/../lib/gcc/arm-zephyr-eabi/12.2.0/thumb/v8-m.main/nofp\libgcc.a(_udivmoddi4.o)
                0x0000000000006548                __exidx_end = .
                0x0000000000006548                __rodata_region_start = .

initlevel       0x0000000000006548       0x60
                0x0000000000006548                __init_start = .
                0x0000000000006548                __init_EARLY_start = .
 *(SORT_BY_NAME(SORT_BY_ALIGNMENT(.z_init_EARLY_P_?_*)))
 .z_init_EARLY_P_0_SUB_0_
                0x0000000000006548        0x8 zephyr/drivers/timer/libdrivers__timer.a(nrf_grtc_timer.c.obj)
 *(SORT_BY_NAME(SORT_BY_ALIGNMENT(.z_init_EARLY_P_??_*)))
 *(SORT_BY_NAME(SORT_BY_ALIGNMENT(.z_init_EARLY_P_???_*)))
                0x0000000000006550                __init_PRE_KERNEL_1_start = .
 *(SORT_BY_NAME(SORT_BY_ALIGNMENT(.z_init_PRE_KERNEL_1_P_?_*)))
 .z_init_PRE_KERNEL_1_P_0_SUB_0_
                0x0000000000006550        0x8 zephyr/soc/soc/nrf54l15/libsoc__nordic.a(soc.c.obj)
 *(SORT_BY_NAME(SORT_BY_ALIGNMENT(.z_init_PRE_KERNEL_1_P_??_*)))
 .z_init_PRE_KERNEL_1_P_30_SUB_00058_
                0x0000000000006558        0x8 zephyr/drivers/clock_control/libdrivers__clock_control.a(clock_control_nrf.c.obj)
 .z_init_PRE_KERNEL_1_P_40_SUB_00011_
                0x0000000000006560        0x8 zephyr/drivers/gpio/libdrivers__gpio.a(gpio_nrfx.c.obj)
 .z_init_PRE_KERNEL_1_P_40_SUB_00013_
                0x0000000000006568        0x8 zephyr/drivers/gpio/libdrivers__gpio.a(gpio_nrfx.c.obj)
 .z_init_PRE_KERNEL_1_P_40_SUB_00024_
                0x0000000000006570        0x8 zephyr/drivers/gpio/libdrivers__gpio.a(gpio_nrfx.c.obj)
 .z_init_PRE_KERNEL_1_P_50_SUB_00103_
                0x0000000000006578        0x8 zephyr/drivers/serial/libdrivers__serial.a(uart_nrfx_uarte.c.obj)
 .z_init_PRE_KERNEL_1_P_60_SUB_0_
                0x0000000000006580        0x8 zephyr/drivers/console/libdrivers__console.a(uart_console.c.obj)
 *(SORT_BY_NAME(SORT_BY_ALIGNMENT(.z_init_PRE_KERNEL_1_P_???_*)))
                0x0000000000006588                __init_PRE_KERNEL_2_start = .
 *(SORT_BY_NAME(SORT_BY_ALIGNMENT(.z_init_PRE_KERNEL_2_P_?_*)))
 .z_init_PRE_KERNEL_2_P_0_SUB_0_
                0x0000000000006588        0x8 zephyr/drivers/timer/libdrivers__timer.a(nrf_grtc_timer.c.obj)
 *(SORT_BY_NAME(SORT_BY_ALIGNMENT(.z_init_PRE_KERNEL_2_P_??_*)))
 *(SORT_BY_NAME(SORT_BY_ALIGNMENT(.z_init_PRE_KERNEL_2_P_???_*)))
                0x0000000000006590                __init_POST_KERNEL_start = .
 *(SORT_BY_NAME(SORT_BY_ALIGNMENT(.z_init_POST_KERNEL_P_?_*)))
 .z_init_POST_KERNEL_P_0_SUB_00124_
                0x0000000000006590        0x8 zephyr/drivers/misc/nordic_vpr_launcher/libdrivers__misc__nordic_vpr_launcher.a(nordic_vpr_launcher.c.obj)
 *(SORT_BY_NAME(SORT_BY_ALIGNMENT(.z_init_POST_KERNEL_P_??_*)))
 .z_init_POST_KERNEL_P_35_SUB_0_
                0x0000000000006598        0x8 zephyr/lib/libc/common/liblib__libc__common.a(malloc.c.obj)
 .z_init_POST_KERNEL_P_50_SUB_0_
                0x00000000000065a0        0x8 modules/nrf/subsys/nrf_security/src/zephyr/libmbedtls_zephyr.a(psa_crypto_init.c.obj)
 *(SORT_BY_NAME(SORT_BY_ALIGNMENT(.z_init_POST_KERNEL_P_???_*)))
                0x00000000000065a8                __init_APPLICATION_start = .
 *(SORT_BY_NAME(SORT_BY_ALIGNMENT(.z_init_APPLICATION_P_?_*)))
 *(SORT_BY_NAME(SORT_BY_ALIGNMENT(.z_init_APPLICATION_P_??_*)))
 *(SORT_BY_NAME(SORT_BY_ALIGNMENT(.z_init_APPLICATION_P_???_*)))
                0x00000000000065a8                __init_SMP_start = .
 *(SORT_BY_NAME(SORT_BY_ALIGNMENT(.z_init_SMP_P_?_*)))
 *(SORT_BY_NAME(SORT_BY_ALIGNMENT(.z_init_SMP_P_??_*)))
 *(SORT_BY_NAME(SORT_BY_ALIGNMENT(.z_init_SMP_P_???_*)))
                0x00000000000065a8                __init_end = .

device_area     0x00000000000065a8       0xc0
                0x00000000000065a8                _device_list_start = .
 *(SORT_BY_NAME(SORT_BY_ALIGNMENT(._device.static.*_?_*)))
 ._device.static.3_0_
                0x00000000000065a8       0x20 zephyr/drivers/misc/nordic_vpr_launcher/libdrivers__misc__nordic_vpr_launcher.a(nordic_vpr_launcher.c.obj)
                0x00000000000065a8                __device_dts_ord_124
 *(SORT_BY_NAME(SORT_BY_ALIGNMENT(._device.static.*_??_*)))
 ._device.static.1_30_
                0x00000000000065c8       0x20 zephyr/drivers/clock_control/libdrivers__clock_control.a(clock_control_nrf.c.obj)
                0x00000000000065c8                __device_dts_ord_58
 ._device.static.1_40_
                0x00000000000065e8       0x60 zephyr/drivers/gpio/libdrivers__gpio.a(gpio_nrfx.c.obj)
                0x00000000000065e8                __device_dts_ord_13
                0x0000000000006608                __device_dts_ord_11
                0x0000000000006628                __device_dts_ord_24
 ._device.static.1_50_
                0x0000000000006648       0x20 zephyr/drivers/serial/libdrivers__serial.a(uart_nrfx_uarte.c.obj)
                0x0000000000006648                __device_dts_ord_103
 *(SORT_BY_NAME(SORT_BY_ALIGNMENT(._device.static.*_???_*)))
 *(SORT_BY_NAME(SORT_BY_ALIGNMENT(._device.static.*_????_*)))
 *(SORT_BY_NAME(SORT_BY_ALIGNMENT(._device.static.*_?????_*)))
                0x0000000000006668                _device_list_end = .

sw_isr_table    0x0000000000006668      0x878
                0x0000000000006668                . = ALIGN (0x4)
 *(SORT_BY_ALIGNMENT(.gnu.linkonce.sw_isr_table*))
 .gnu.linkonce.sw_isr_table
                0x0000000000006668      0x878 zephyr/CMakeFiles/zephyr_final.dir/isr_tables.c.obj
                0x0000000000006668                _sw_isr_table

initlevel_error
                0x0000000000006548        0x0
 *(SORT_BY_NAME(SORT_BY_ALIGNMENT(.z_init_*)))
                0x0000000000000001                ASSERT ((SIZEOF (initlevel_error) == 0x0), Undefined initialization levels used.)

app_shmem_regions
                0x0000000000006ee0        0x0
                0x0000000000006ee0                __app_shmem_regions_start = .
 *(SORT_BY_NAME(SORT_BY_ALIGNMENT(.app_regions.*)))
                0x0000000000006ee0                __app_shmem_regions_end = .

k_p4wq_initparam_area
                0x0000000000006ee0        0x0
                0x0000000000006ee0                _k_p4wq_initparam_list_start = .
 *(SORT_BY_NAME(SORT_BY_ALIGNMENT(._k_p4wq_initparam.static.*)))
                0x0000000000006ee0                _k_p4wq_initparam_list_end = .

_static_thread_data_area
                0x0000000000006ee0        0x0
                0x0000000000006ee0                __static_thread_data_list_start = .
 *(SORT_BY_NAME(SORT_BY_ALIGNMENT(.__static_thread_data.static.*)))
                0x0000000000006ee0                __static_thread_data_list_end = .

device_deps     0x0000000000006ee0        0x0
                0x0000000000006ee0                __device_deps_start = .
 *(SORT_BY_NAME(SORT_BY_ALIGNMENT(.__device_deps_pass2*)))
                0x0000000000006ee0                __device_deps_end = .

gpio_driver_api_area
                0x0000000000006ee0       0x24
                0x0000000000006ee0                _gpio_driver_api_list_start = .
 *(SORT_BY_NAME(SORT_BY_ALIGNMENT(._gpio_driver_api.static.*)))
 ._gpio_driver_api.static.gpio_nrfx_drv_api_funcs_
                0x0000000000006ee0       0x24 zephyr/drivers/gpio/libdrivers__gpio.a(gpio_nrfx.c.obj)
                0x0000000000006f04                _gpio_driver_api_list_end = .

shared_irq_driver_api_area
                0x0000000000006f04        0x0
                0x0000000000006f04                _shared_irq_driver_api_list_start = .
 *(SORT_BY_NAME(SORT_BY_ALIGNMENT(._shared_irq_driver_api.static.*)))
                0x0000000000006f04                _shared_irq_driver_api_list_end = .

crypto_driver_api_area
                0x0000000000006f04        0x0
                0x0000000000006f04                _crypto_driver_api_list_start = .
 *(SORT_BY_NAME(SORT_BY_ALIGNMENT(._crypto_driver_api.static.*)))
                0x0000000000006f04                _crypto_driver_api_list_end = .

adc_driver_api_area
                0x0000000000006f04        0x0
                0x0000000000006f04                _adc_driver_api_list_start = .
 *(SORT_BY_NAME(SORT_BY_ALIGNMENT(._adc_driver_api.static.*)))
                0x0000000000006f04                _adc_driver_api_list_end = .

auxdisplay_driver_api_area
                0x0000000000006f04        0x0
                0x0000000000006f04                _auxdisplay_driver_api_list_start = .
 *(SORT_BY_NAME(SORT_BY_ALIGNMENT(._auxdisplay_driver_api.static.*)))
                0x0000000000006f04                _auxdisplay_driver_api_list_end = .

bbram_driver_api_area
                0x0000000000006f04        0x0
                0x0000000000006f04                _bbram_driver_api_list_start = .
 *(SORT_BY_NAME(SORT_BY_ALIGNMENT(._bbram_driver_api.static.*)))
                0x0000000000006f04                _bbram_driver_api_list_end = .

bt_hci_driver_api_area
                0x0000000000006f04        0x0
                0x0000000000006f04                _bt_hci_driver_api_list_start = .
 *(SORT_BY_NAME(SORT_BY_ALIGNMENT(._bt_hci_driver_api.static.*)))
                0x0000000000006f04                _bt_hci_driver_api_list_end = .

can_driver_api_area
                0x0000000000006f04        0x0
                0x0000000000006f04                _can_driver_api_list_start = .
 *(SORT_BY_NAME(SORT_BY_ALIGNMENT(._can_driver_api.static.*)))
                0x0000000000006f04                _can_driver_api_list_end = .

cellular_driver_api_area
                0x0000000000006f04        0x0
                0x0000000000006f04                _cellular_driver_api_list_start = .
 *(SORT_BY_NAME(SORT_BY_ALIGNMENT(._cellular_driver_api.static.*)))
                0x0000000000006f04                _cellular_driver_api_list_end = .

charger_driver_api_area
                0x0000000000006f04        0x0
                0x0000000000006f04                _charger_driver_api_list_start = .
 *(SORT_BY_NAME(SORT_BY_ALIGNMENT(._charger_driver_api.static.*)))
                0x0000000000006f04                _charger_driver_api_list_end = .

clock_control_driver_api_area
                0x0000000000006f04       0x1c
                0x0000000000006f04                _clock_control_driver_api_list_start = .
 *(SORT_BY_NAME(SORT_BY_ALIGNMENT(._clock_control_driver_api.static.*)))
 ._clock_control_driver_api.static.clock_control_api_
                0x0000000000006f04       0x1c zephyr/drivers/clock_control/libdrivers__clock_control.a(clock_control_nrf.c.obj)
                0x0000000000006f20                _clock_control_driver_api_list_end = .

comparator_driver_api_area
                0x0000000000006f20        0x0
                0x0000000000006f20                _comparator_driver_api_list_start = .
 *(SORT_BY_NAME(SORT_BY_ALIGNMENT(._comparator_driver_api.static.*)))
                0x0000000000006f20                _comparator_driver_api_list_end = .

coredump_driver_api_area
                0x0000000000006f20        0x0
                0x0000000000006f20                _coredump_driver_api_list_start = .
 *(SORT_BY_NAME(SORT_BY_ALIGNMENT(._coredump_driver_api.static.*)))
                0x0000000000006f20                _coredump_driver_api_list_end = .

counter_driver_api_area
                0x0000000000006f20        0x0
                0x0000000000006f20                _counter_driver_api_list_start = .
 *(SORT_BY_NAME(SORT_BY_ALIGNMENT(._counter_driver_api.static.*)))
                0x0000000000006f20                _counter_driver_api_list_end = .

crc_driver_api_area
                0x0000000000006f20        0x0
                0x0000000000006f20                _crc_driver_api_list_start = .
 *(SORT_BY_NAME(SORT_BY_ALIGNMENT(._crc_driver_api.static.*)))
                0x0000000000006f20                _crc_driver_api_list_end = .

dac_driver_api_area
                0x0000000000006f20        0x0
                0x0000000000006f20                _dac_driver_api_list_start = .
 *(SORT_BY_NAME(SORT_BY_ALIGNMENT(._dac_driver_api.static.*)))
                0x0000000000006f20                _dac_driver_api_list_end = .

dai_driver_api_area
                0x0000000000006f20        0x0
                0x0000000000006f20                _dai_driver_api_list_start = .
 *(SORT_BY_NAME(SORT_BY_ALIGNMENT(._dai_driver_api.static.*)))
                0x0000000000006f20                _dai_driver_api_list_end = .

display_driver_api_area
                0x0000000000006f20        0x0
                0x0000000000006f20                _display_driver_api_list_start = .
 *(SORT_BY_NAME(SORT_BY_ALIGNMENT(._display_driver_api.static.*)))
                0x0000000000006f20                _display_driver_api_list_end = .

dma_driver_api_area
                0x0000000000006f20        0x0
                0x0000000000006f20                _dma_driver_api_list_start = .
 *(SORT_BY_NAME(SORT_BY_ALIGNMENT(._dma_driver_api.static.*)))
                0x0000000000006f20                _dma_driver_api_list_end = .

edac_driver_api_area
                0x0000000000006f20        0x0
                0x0000000000006f20                _edac_driver_api_list_start = .
 *(SORT_BY_NAME(SORT_BY_ALIGNMENT(._edac_driver_api.static.*)))
                0x0000000000006f20                _edac_driver_api_list_end = .

eeprom_driver_api_area
                0x0000000000006f20        0x0
                0x0000000000006f20                _eeprom_driver_api_list_start = .
 *(SORT_BY_NAME(SORT_BY_ALIGNMENT(._eeprom_driver_api.static.*)))
                0x0000000000006f20                _eeprom_driver_api_list_end = .

emul_bbram_driver_api_area
                0x0000000000006f20        0x0
                0x0000000000006f20                _emul_bbram_driver_api_list_start = .
 *(SORT_BY_NAME(SORT_BY_ALIGNMENT(._emul_bbram_driver_api.static.*)))
                0x0000000000006f20                _emul_bbram_driver_api_list_end = .

fuel_gauge_emul_driver_api_area
                0x0000000000006f20        0x0
                0x0000000000006f20                _fuel_gauge_emul_driver_api_list_start = .
 *(SORT_BY_NAME(SORT_BY_ALIGNMENT(._fuel_gauge_emul_driver_api.static.*)))
                0x0000000000006f20                _fuel_gauge_emul_driver_api_list_end = .

emul_sensor_driver_api_area
                0x0000000000006f20        0x0
                0x0000000000006f20                _emul_sensor_driver_api_list_start = .
 *(SORT_BY_NAME(SORT_BY_ALIGNMENT(._emul_sensor_driver_api.static.*)))
                0x0000000000006f20                _emul_sensor_driver_api_list_end = .

entropy_driver_api_area
                0x0000000000006f20        0x0
                0x0000000000006f20                _entropy_driver_api_list_start = .
 *(SORT_BY_NAME(SORT_BY_ALIGNMENT(._entropy_driver_api.static.*)))
                0x0000000000006f20                _entropy_driver_api_list_end = .

espi_driver_api_area
                0x0000000000006f20        0x0
                0x0000000000006f20                _espi_driver_api_list_start = .
 *(SORT_BY_NAME(SORT_BY_ALIGNMENT(._espi_driver_api.static.*)))
                0x0000000000006f20                _espi_driver_api_list_end = .

espi_saf_driver_api_area
                0x0000000000006f20        0x0
                0x0000000000006f20                _espi_saf_driver_api_list_start = .
 *(SORT_BY_NAME(SORT_BY_ALIGNMENT(._espi_saf_driver_api.static.*)))
                0x0000000000006f20                _espi_saf_driver_api_list_end = .

flash_driver_api_area
                0x0000000000006f20        0x0
                0x0000000000006f20                _flash_driver_api_list_start = .
 *(SORT_BY_NAME(SORT_BY_ALIGNMENT(._flash_driver_api.static.*)))
                0x0000000000006f20                _flash_driver_api_list_end = .

fpga_driver_api_area
                0x0000000000006f20        0x0
                0x0000000000006f20                _fpga_driver_api_list_start = .
 *(SORT_BY_NAME(SORT_BY_ALIGNMENT(._fpga_driver_api.static.*)))
                0x0000000000006f20                _fpga_driver_api_list_end = .

fuel_gauge_driver_api_area
                0x0000000000006f20        0x0
                0x0000000000006f20                _fuel_gauge_driver_api_list_start = .
 *(SORT_BY_NAME(SORT_BY_ALIGNMENT(._fuel_gauge_driver_api.static.*)))
                0x0000000000006f20                _fuel_gauge_driver_api_list_end = .

gnss_driver_api_area
                0x0000000000006f20        0x0
                0x0000000000006f20                _gnss_driver_api_list_start = .
 *(SORT_BY_NAME(SORT_BY_ALIGNMENT(._gnss_driver_api.static.*)))
                0x0000000000006f20                _gnss_driver_api_list_end = .

haptics_driver_api_area
                0x0000000000006f20        0x0
                0x0000000000006f20                _haptics_driver_api_list_start = .
 *(SORT_BY_NAME(SORT_BY_ALIGNMENT(._haptics_driver_api.static.*)))
                0x0000000000006f20                _haptics_driver_api_list_end = .

hwspinlock_driver_api_area
                0x0000000000006f20        0x0
                0x0000000000006f20                _hwspinlock_driver_api_list_start = .
 *(SORT_BY_NAME(SORT_BY_ALIGNMENT(._hwspinlock_driver_api.static.*)))
                0x0000000000006f20                _hwspinlock_driver_api_list_end = .

i2c_driver_api_area
                0x0000000000006f20        0x0
                0x0000000000006f20                _i2c_driver_api_list_start = .
 *(SORT_BY_NAME(SORT_BY_ALIGNMENT(._i2c_driver_api.static.*)))
                0x0000000000006f20                _i2c_driver_api_list_end = .

i2c_target_driver_api_area
                0x0000000000006f20        0x0
                0x0000000000006f20                _i2c_target_driver_api_list_start = .
 *(SORT_BY_NAME(SORT_BY_ALIGNMENT(._i2c_target_driver_api.static.*)))
                0x0000000000006f20                _i2c_target_driver_api_list_end = .

i2s_driver_api_area
                0x0000000000006f20        0x0
                0x0000000000006f20                _i2s_driver_api_list_start = .
 *(SORT_BY_NAME(SORT_BY_ALIGNMENT(._i2s_driver_api.static.*)))
                0x0000000000006f20                _i2s_driver_api_list_end = .

i3c_driver_api_area
                0x0000000000006f20        0x0
                0x0000000000006f20                _i3c_driver_api_list_start = .
 *(SORT_BY_NAME(SORT_BY_ALIGNMENT(._i3c_driver_api.static.*)))
                0x0000000000006f20                _i3c_driver_api_list_end = .

ipm_driver_api_area
                0x0000000000006f20        0x0
                0x0000000000006f20                _ipm_driver_api_list_start = .
 *(SORT_BY_NAME(SORT_BY_ALIGNMENT(._ipm_driver_api.static.*)))
                0x0000000000006f20                _ipm_driver_api_list_end = .

led_driver_api_area
                0x0000000000006f20        0x0
                0x0000000000006f20                _led_driver_api_list_start = .
 *(SORT_BY_NAME(SORT_BY_ALIGNMENT(._led_driver_api.static.*)))
                0x0000000000006f20                _led_driver_api_list_end = .

led_strip_driver_api_area
                0x0000000000006f20        0x0
                0x0000000000006f20                _led_strip_driver_api_list_start = .
 *(SORT_BY_NAME(SORT_BY_ALIGNMENT(._led_strip_driver_api.static.*)))
                0x0000000000006f20                _led_strip_driver_api_list_end = .

lora_driver_api_area
                0x0000000000006f20        0x0
                0x0000000000006f20                _lora_driver_api_list_start = .
 *(SORT_BY_NAME(SORT_BY_ALIGNMENT(._lora_driver_api.static.*)))
                0x0000000000006f20                _lora_driver_api_list_end = .

mbox_driver_api_area
                0x0000000000006f20        0x0
                0x0000000000006f20                _mbox_driver_api_list_start = .
 *(SORT_BY_NAME(SORT_BY_ALIGNMENT(._mbox_driver_api.static.*)))
                0x0000000000006f20                _mbox_driver_api_list_end = .

mdio_driver_api_area
                0x0000000000006f20        0x0
                0x0000000000006f20                _mdio_driver_api_list_start = .
 *(SORT_BY_NAME(SORT_BY_ALIGNMENT(._mdio_driver_api.static.*)))
                0x0000000000006f20                _mdio_driver_api_list_end = .

mipi_dbi_driver_api_area
                0x0000000000006f20        0x0
                0x0000000000006f20                _mipi_dbi_driver_api_list_start = .
 *(SORT_BY_NAME(SORT_BY_ALIGNMENT(._mipi_dbi_driver_api.static.*)))
                0x0000000000006f20                _mipi_dbi_driver_api_list_end = .

mipi_dsi_driver_api_area
                0x0000000000006f20        0x0
                0x0000000000006f20                _mipi_dsi_driver_api_list_start = .
 *(SORT_BY_NAME(SORT_BY_ALIGNMENT(._mipi_dsi_driver_api.static.*)))
                0x0000000000006f20                _mipi_dsi_driver_api_list_end = .

mspi_driver_api_area
                0x0000000000006f20        0x0
                0x0000000000006f20                _mspi_driver_api_list_start = .
 *(SORT_BY_NAME(SORT_BY_ALIGNMENT(._mspi_driver_api.static.*)))
                0x0000000000006f20                _mspi_driver_api_list_end = .

peci_driver_api_area
                0x0000000000006f20        0x0
                0x0000000000006f20                _peci_driver_api_list_start = .
 *(SORT_BY_NAME(SORT_BY_ALIGNMENT(._peci_driver_api.static.*)))
                0x0000000000006f20                _peci_driver_api_list_end = .

ps2_driver_api_area
                0x0000000000006f20        0x0
                0x0000000000006f20                _ps2_driver_api_list_start = .
 *(SORT_BY_NAME(SORT_BY_ALIGNMENT(._ps2_driver_api.static.*)))
                0x0000000000006f20                _ps2_driver_api_list_end = .

ptp_clock_driver_api_area
                0x0000000000006f20        0x0
                0x0000000000006f20                _ptp_clock_driver_api_list_start = .
 *(SORT_BY_NAME(SORT_BY_ALIGNMENT(._ptp_clock_driver_api.static.*)))
                0x0000000000006f20                _ptp_clock_driver_api_list_end = .

pwm_driver_api_area
                0x0000000000006f20        0x0
                0x0000000000006f20                _pwm_driver_api_list_start = .
 *(SORT_BY_NAME(SORT_BY_ALIGNMENT(._pwm_driver_api.static.*)))
                0x0000000000006f20                _pwm_driver_api_list_end = .

regulator_parent_driver_api_area
                0x0000000000006f20        0x0
                0x0000000000006f20                _regulator_parent_driver_api_list_start = .
 *(SORT_BY_NAME(SORT_BY_ALIGNMENT(._regulator_parent_driver_api.static.*)))
                0x0000000000006f20                _regulator_parent_driver_api_list_end = .

regulator_driver_api_area
                0x0000000000006f20        0x0
                0x0000000000006f20                _regulator_driver_api_list_start = .
 *(SORT_BY_NAME(SORT_BY_ALIGNMENT(._regulator_driver_api.static.*)))
                0x0000000000006f20                _regulator_driver_api_list_end = .

reset_driver_api_area
                0x0000000000006f20        0x0
                0x0000000000006f20                _reset_driver_api_list_start = .
 *(SORT_BY_NAME(SORT_BY_ALIGNMENT(._reset_driver_api.static.*)))
                0x0000000000006f20                _reset_driver_api_list_end = .

retained_mem_driver_api_area
                0x0000000000006f20        0x0
                0x0000000000006f20                _retained_mem_driver_api_list_start = .
 *(SORT_BY_NAME(SORT_BY_ALIGNMENT(._retained_mem_driver_api.static.*)))
                0x0000000000006f20                _retained_mem_driver_api_list_end = .

rtc_driver_api_area
                0x0000000000006f20        0x0
                0x0000000000006f20                _rtc_driver_api_list_start = .
 *(SORT_BY_NAME(SORT_BY_ALIGNMENT(._rtc_driver_api.static.*)))
                0x0000000000006f20                _rtc_driver_api_list_end = .

sdhc_driver_api_area
                0x0000000000006f20        0x0
                0x0000000000006f20                _sdhc_driver_api_list_start = .
 *(SORT_BY_NAME(SORT_BY_ALIGNMENT(._sdhc_driver_api.static.*)))
                0x0000000000006f20                _sdhc_driver_api_list_end = .

sensor_driver_api_area
                0x0000000000006f20        0x0
                0x0000000000006f20                _sensor_driver_api_list_start = .
 *(SORT_BY_NAME(SORT_BY_ALIGNMENT(._sensor_driver_api.static.*)))
                0x0000000000006f20                _sensor_driver_api_list_end = .

smbus_driver_api_area
                0x0000000000006f20        0x0
                0x0000000000006f20                _smbus_driver_api_list_start = .
 *(SORT_BY_NAME(SORT_BY_ALIGNMENT(._smbus_driver_api.static.*)))
                0x0000000000006f20                _smbus_driver_api_list_end = .

spi_driver_api_area
                0x0000000000006f20        0x0
                0x0000000000006f20                _spi_driver_api_list_start = .
 *(SORT_BY_NAME(SORT_BY_ALIGNMENT(._spi_driver_api.static.*)))
                0x0000000000006f20                _spi_driver_api_list_end = .

stepper_driver_api_area
                0x0000000000006f20        0x0
                0x0000000000006f20                _stepper_driver_api_list_start = .
 *(SORT_BY_NAME(SORT_BY_ALIGNMENT(._stepper_driver_api.static.*)))
                0x0000000000006f20                _stepper_driver_api_list_end = .

syscon_driver_api_area
                0x0000000000006f20        0x0
                0x0000000000006f20                _syscon_driver_api_list_start = .
 *(SORT_BY_NAME(SORT_BY_ALIGNMENT(._syscon_driver_api.static.*)))
                0x0000000000006f20                _syscon_driver_api_list_end = .

tee_driver_api_area
                0x0000000000006f20        0x0
                0x0000000000006f20                _tee_driver_api_list_start = .
 *(SORT_BY_NAME(SORT_BY_ALIGNMENT(._tee_driver_api.static.*)))
                0x0000000000006f20                _tee_driver_api_list_end = .

video_driver_api_area
                0x0000000000006f20        0x0
                0x0000000000006f20                _video_driver_api_list_start = .
 *(SORT_BY_NAME(SORT_BY_ALIGNMENT(._video_driver_api.static.*)))
                0x0000000000006f20                _video_driver_api_list_end = .

virtio_driver_api_area
                0x0000000000006f20        0x0
                0x0000000000006f20                _virtio_driver_api_list_start = .
 *(SORT_BY_NAME(SORT_BY_ALIGNMENT(._virtio_driver_api.static.*)))
                0x0000000000006f20                _virtio_driver_api_list_end = .

w1_driver_api_area
                0x0000000000006f20        0x0
                0x0000000000006f20                _w1_driver_api_list_start = .
 *(SORT_BY_NAME(SORT_BY_ALIGNMENT(._w1_driver_api.static.*)))
                0x0000000000006f20                _w1_driver_api_list_end = .

wdt_driver_api_area
                0x0000000000006f20        0x0
                0x0000000000006f20                _wdt_driver_api_list_start = .
 *(SORT_BY_NAME(SORT_BY_ALIGNMENT(._wdt_driver_api.static.*)))
                0x0000000000006f20                _wdt_driver_api_list_end = .

can_transceiver_driver_api_area
                0x0000000000006f20        0x0
                0x0000000000006f20                _can_transceiver_driver_api_list_start = .
 *(SORT_BY_NAME(SORT_BY_ALIGNMENT(._can_transceiver_driver_api.static.*)))
                0x0000000000006f20                _can_transceiver_driver_api_list_end = .

nrf_clock_control_driver_api_area
                0x0000000000006f20        0x0
                0x0000000000006f20                _nrf_clock_control_driver_api_list_start = .
 *(SORT_BY_NAME(SORT_BY_ALIGNMENT(._nrf_clock_control_driver_api.static.*)))
                0x0000000000006f20                _nrf_clock_control_driver_api_list_end = .

i3c_target_driver_api_area
                0x0000000000006f20        0x0
                0x0000000000006f20                _i3c_target_driver_api_list_start = .
 *(SORT_BY_NAME(SORT_BY_ALIGNMENT(._i3c_target_driver_api.static.*)))
                0x0000000000006f20                _i3c_target_driver_api_list_end = .

its_driver_api_area
                0x0000000000006f20        0x0
                0x0000000000006f20                _its_driver_api_list_start = .
 *(SORT_BY_NAME(SORT_BY_ALIGNMENT(._its_driver_api.static.*)))
                0x0000000000006f20                _its_driver_api_list_end = .

vtd_driver_api_area
                0x0000000000006f20        0x0
                0x0000000000006f20                _vtd_driver_api_list_start = .
 *(SORT_BY_NAME(SORT_BY_ALIGNMENT(._vtd_driver_api.static.*)))
                0x0000000000006f20                _vtd_driver_api_list_end = .

renesas_elc_driver_api_area
                0x0000000000006f20        0x0